Archive member included because of file (symbol)

.\ARM_GCC_493\Debug\ADC_SAR_PrISM01.a(cyfitter_cfg.o)
                              .\ARM_GCC_493\Debug\Cm3Start.o (cyfitter_cfg)
.\ARM_GCC_493\Debug\ADC_SAR_PrISM01.a(LCD.o)
                              .\ARM_GCC_493\Debug\main.o (LCD_Start)
.\ARM_GCC_493\Debug\ADC_SAR_PrISM01.a(CyBootAsmGnu.o)
                              .\ARM_GCC_493\Debug\ADC_SAR_PrISM01.a(cyfitter_cfg.o) (CyDelayCycles)
.\ARM_GCC_493\Debug\ADC_SAR_PrISM01.a(CyLib.o)
                              .\ARM_GCC_493\Debug\Cm3Start.o (CyResetStatus)
.\ARM_GCC_493\Debug\ADC_SAR_PrISM01.a(cyPm.o)
                              .\ARM_GCC_493\Debug\ADC_SAR_PrISM01.a(CyLib.o) (CyPmReadStatus)
.\ARM_GCC_493\Debug\ADC_SAR_PrISM01.a(PWM_1.o)
                              .\ARM_GCC_493\Debug\main.o (PWM_1_Start)
.\ARM_GCC_493\Debug\ADC_SAR_PrISM01.a(PWM_Clock.o)
                              .\ARM_GCC_493\Debug\main.o (PWM_Clock_Start)
.\ARM_GCC_493\Debug\ADC_SAR_PrISM01.a(ADV_VPOT.o)
                              .\ARM_GCC_493\Debug\main.o (ADV_VPOT_Start)
.\ARM_GCC_493\Debug\ADC_SAR_PrISM01.a(ADV_VPOT_INT.o)
                              .\ARM_GCC_493\Debug\ADC_SAR_PrISM01.a(ADV_VPOT.o) (ADV_VPOT_ISR)
.\ARM_GCC_493\Debug\ADC_SAR_PrISM01.a(ADV_VPOT_IRQ.o)
                              .\ARM_GCC_493\Debug\main.o (ADV_VPOT_IRQ_StartEx)
.\ARM_GCC_493\Debug\ADC_SAR_PrISM01.a(ADV_VPOT_theACLK.o)
                              .\ARM_GCC_493\Debug\ADC_SAR_PrISM01.a(ADV_VPOT.o) (ADV_VPOT_theACLK_SetModeRegister)
.\ARM_GCC_493\Debug\ADC_SAR_PrISM01.a(CyFlash.o)
                              .\ARM_GCC_493\Debug\ADC_SAR_PrISM01.a(cyPm.o) (CyFlash_SetWaitCycles)
.\ARM_GCC_493\Debug\ADC_SAR_PrISM01.a(CySpc.o)
                              .\ARM_GCC_493\Debug\ADC_SAR_PrISM01.a(CyFlash.o) (CySpcStart)
c:/program files (x86)/cypress/psoc creator/3.3/psoc creator/import/gnu/arm/4.9.3/bin/../lib/gcc/arm-none-eabi/4.9.3/armv7-m\libgcc.a(_arm_addsubdf3.o)
                              .\ARM_GCC_493\Debug\main.o (__aeabi_f2d)
c:/program files (x86)/cypress/psoc creator/3.3/psoc creator/import/gnu/arm/4.9.3/bin/../lib/gcc/arm-none-eabi/4.9.3/armv7-m\libgcc.a(_arm_muldivdf3.o)
                              .\ARM_GCC_493\Debug\main.o (__aeabi_dmul)
c:/program files (x86)/cypress/psoc creator/3.3/psoc creator/import/gnu/arm/4.9.3/bin/../lib/gcc/arm-none-eabi/4.9.3/armv7-m\libgcc.a(_arm_cmpdf2.o)
                              .\ARM_GCC_493\Debug\main.o (__aeabi_dcmpeq)
c:/program files (x86)/cypress/psoc creator/3.3/psoc creator/import/gnu/arm/4.9.3/bin/../lib/gcc/arm-none-eabi/4.9.3/armv7-m\libgcc.a(_arm_fixunsdfsi.o)
                              .\ARM_GCC_493\Debug\main.o (__aeabi_d2uiz)
c:/program files (x86)/cypress/psoc creator/3.3/psoc creator/import/gnu/arm/4.9.3/bin/../lib/gcc/arm-none-eabi/4.9.3/armv7-m\libgcc.a(_arm_addsubsf3.o)
                              .\ARM_GCC_493\Debug\ADC_SAR_PrISM01.a(ADV_VPOT.o) (__aeabi_i2f)
c:/program files (x86)/cypress/psoc creator/3.3/psoc creator/import/gnu/arm/4.9.3/bin/../lib/gcc/arm-none-eabi/4.9.3/armv7-m\libgcc.a(_arm_muldivsf3.o)
                              .\ARM_GCC_493\Debug\ADC_SAR_PrISM01.a(ADV_VPOT.o) (__aeabi_fmul)
c:/program files (x86)/cypress/psoc creator/3.3/psoc creator/import/gnu/arm/4.9.3/bin/../lib/gcc/arm-none-eabi/4.9.3/armv7-m\libgcc.a(_aeabi_ldivmod.o)
                              .\ARM_GCC_493\Debug\ADC_SAR_PrISM01.a(ADV_VPOT.o) (__aeabi_ldivmod)
c:/program files (x86)/cypress/psoc creator/3.3/psoc creator/import/gnu/arm/4.9.3/bin/../lib/gcc/arm-none-eabi/4.9.3/armv7-m\libgcc.a(bpabi.o)
                              c:/program files (x86)/cypress/psoc creator/3.3/psoc creator/import/gnu/arm/4.9.3/bin/../lib/gcc/arm-none-eabi/4.9.3/armv7-m\libgcc.a(_aeabi_ldivmod.o) (__gnu_ldivmod_helper)
c:/program files (x86)/cypress/psoc creator/3.3/psoc creator/import/gnu/arm/4.9.3/bin/../lib/gcc/arm-none-eabi/4.9.3/armv7-m\libgcc.a(_dvmd_tls.o)
                              c:/program files (x86)/cypress/psoc creator/3.3/psoc creator/import/gnu/arm/4.9.3/bin/../lib/gcc/arm-none-eabi/4.9.3/armv7-m\libgcc.a(_aeabi_ldivmod.o) (__aeabi_ldiv0)
c:/program files (x86)/cypress/psoc creator/3.3/psoc creator/import/gnu/arm/4.9.3/bin/../lib/gcc/arm-none-eabi/4.9.3/armv7-m\libgcc.a(_divdi3.o)
                              c:/program files (x86)/cypress/psoc creator/3.3/psoc creator/import/gnu/arm/4.9.3/bin/../lib/gcc/arm-none-eabi/4.9.3/armv7-m\libgcc.a(bpabi.o) (__divdi3)
c:/program files (x86)/cypress/psoc creator/3.3/psoc creator/import/gnu/arm/4.9.3/bin/../lib/gcc/arm-none-eabi/4.9.3/armv7-m\libgcc.a(_udivdi3.o)
                              c:/program files (x86)/cypress/psoc creator/3.3/psoc creator/import/gnu/arm/4.9.3/bin/../lib/gcc/arm-none-eabi/4.9.3/armv7-m\libgcc.a(bpabi.o) (__udivdi3)
c:/program files (x86)/cypress/psoc creator/3.3/psoc creator/import/gnu/arm/4.9.3/bin/../lib/gcc/arm-none-eabi/4.9.3/../../../../arm-none-eabi/lib/armv7-m\libg_nano.a(lib_a-errno.o)
[...]
Memory Configuration

Name             Origin             Length             Attributes
rom              0x00000000         0x00040000         xr
ram              0x1fff8000         0x00010000         xrw
*default*        0x00000000         0xffffffff

Linker script and memory map

LOAD c:/program files (x86)/cypress/psoc creator/3.3/psoc creator/import/gnu/arm/4.9.3/bin/../lib/gcc/arm-none-eabi/4.9.3/armv7-m/crti.o
LOAD c:/program files (x86)/cypress/psoc creator/3.3/psoc creator/import/gnu/arm/4.9.3/bin/../lib/gcc/arm-none-eabi/4.9.3/armv7-m/crtbegin.o
LOAD c:/program files (x86)/cypress/psoc creator/3.3/psoc creator/import/gnu/arm/4.9.3/bin/../lib/gcc/arm-none-eabi/4.9.3/../../../../arm-none-eabi/lib/armv7-m/crt0.o
START GROUP
LOAD .\ARM_GCC_493\Debug\main.o
LOAD .\ARM_GCC_493\Debug\cymetadata.o
LOAD .\ARM_GCC_493\Debug\Cm3Start.o
LOAD .\ARM_GCC_493\Debug\ADC_SAR_PrISM01.a
LOAD C:\Program Files (x86)\Cypress\PSoC Creator\3.3\PSoC Creator\psoc\content\cycomponentlibrary\CyComponentLibrary.cylib\CortexM3\ARM_GCC_493\Debug\CyComponentLibrary.a
END GROUP
START GROUP
LOAD c:/program files (x86)/cypress/psoc creator/3.3/psoc creator/import/gnu/arm/4.9.3/bin/../lib/gcc/arm-none-eabi/4.9.3/armv7-m\libgcc.a
LOAD c:/program files (x86)/cypress/psoc creator/3.3/psoc creator/import/gnu/arm/4.9.3/bin/../lib/gcc/arm-none-eabi/4.9.3/../../../../arm-none-eabi/lib/armv7-m\libg_nano.a
LOAD c:/program files (x86)/cypress/psoc creator/3.3/psoc creator/import/gnu/arm/4.9.3/bin/../lib/gcc/arm-none-eabi/4.9.3/../../../../arm-none-eabi/lib/armv7-m\libc_nano.a
END GROUP
START GROUP
LOAD c:/program files (x86)/cypress/psoc creator/3.3/psoc creator/import/gnu/arm/4.9.3/bin/../lib/gcc/arm-none-eabi/4.9.3/armv7-m\libgcc.a
LOAD c:/program files (x86)/cypress/psoc creator/3.3/psoc creator/import/gnu/arm/4.9.3/bin/../lib/gcc/arm-none-eabi/4.9.3/../../../../arm-none-eabi/lib/armv7-m\libc_nano.a
END GROUP
LOAD c:/program files (x86)/cypress/psoc creator/3.3/psoc creator/import/gnu/arm/4.9.3/bin/../lib/gcc/arm-none-eabi/4.9.3/armv7-m/crtend.o
LOAD c:/program files (x86)/cypress/psoc creator/3.3/psoc creator/import/gnu/arm/4.9.3/bin/../lib/gcc/arm-none-eabi/4.9.3/armv7-m/crtn.o
START GROUP
LOAD c:/program files (x86)/cypress/psoc creator/3.3/psoc creator/import/gnu/arm/4.9.3/bin/../lib/gcc/arm-none-eabi/4.9.3/armv7-m\libgcc.a
LOAD c:/program files (x86)/cypress/psoc creator/3.3/psoc creator/import/gnu/arm/4.9.3/bin/../lib/gcc/arm-none-eabi/4.9.3/../../../../arm-none-eabi/lib/armv7-m\libc.a
LOAD c:/program files (x86)/cypress/psoc creator/3.3/psoc creator/import/gnu/arm/4.9.3/bin/../lib/gcc/arm-none-eabi/4.9.3/../../../../arm-none-eabi/lib/armv7-m\libnosys.a
END GROUP
                0x00000000                CY_APPL_ORIGIN = 0x0
                0x00000100                CY_FLASH_ROW_SIZE = 0x100
                0x00000020                CY_ECC_ROW_SIZE = 0x20
                0x00000000                CY_EE_IN_BTLDR = 0x0
                0x00000000                CY_APPL_LOADABLE = 0x0
                0x00000800                CY_EE_SIZE = 0x800
                0x00000001                CY_APPL_NUM = 0x1
                0x00000001                CY_APPL_MAX = 0x1
                0x00000040                CY_METADATA_SIZE = 0x40
                0x00000000                CY_APPL_LOADABLE = 0x0
                0x00000000                CY_CHECKSUM_EXCLUDE_SIZE = ALIGN (0x0, CY_FLASH_ROW_SIZE)
                0x1fff8210                PROVIDE (__cy_heap_start, _end)
                0x00000001                PROVIDE (__cy_region_num, ((__cy_regions_end - __cy_regions) / 0x10))
                0x20008000                PROVIDE (__cy_stack, (ORIGIN (ram) + 0x10000))
                0x20007800                PROVIDE (__cy_heap_end, (__cy_stack - 0x800))

.cybootloader   0x00000000        0x0
 *(.cybootloader)
                0x00000000                appl1_start = CY_APPL_ORIGIN?CY_APPL_ORIGIN:ALIGN (CY_FLASH_ROW_SIZE)
                0x0001ff00                appl2_start = (appl1_start + ALIGN ((((0x40000 - appl1_start) - (0x2 * CY_FLASH_ROW_SIZE)) / 0x2), CY_FLASH_ROW_SIZE))
                0x00000000                appl_start = (CY_APPL_NUM == 0x1)?appl1_start:appl2_start
                0x00000000                ecc_offset = ((appl_start / CY_FLASH_ROW_SIZE) * CY_ECC_ROW_SIZE)
                0x00000000                ee_offset = (CY_APPL_LOADABLE && ! (CY_EE_IN_BTLDR))?((CY_EE_SIZE / CY_APPL_MAX) * (CY_APPL_NUM - 0x1)):0x0
                0x00000800                ee_size = (CY_APPL_LOADABLE && ! (CY_EE_IN_BTLDR))?(CY_EE_SIZE / CY_APPL_MAX):CY_EE_SIZE
                0x00000000                PROVIDE (CY_ECC_OFFSET, ecc_offset)

.text           0x00000000     0x4350
 CREATE_OBJECT_SYMBOLS
                0x00000000                PROVIDE (__cy_interrupt_vector, RomVectors)
 *(.romvectors)
 .romvectors    0x00000000       0x10 .\ARM_GCC_493\Debug\Cm3Start.o
                0x00000000                RomVectors
                0x00000001                ASSERT ((. != __cy_interrupt_vector), No interrupt vector)
                0x00000001                ASSERT (CY_APPL_ORIGIN?(SIZEOF (.cybootloader) <= CY_APPL_ORIGIN):0x1, Wrong image location)
                0x00000010                PROVIDE (__cy_reset, Reset)
 *(.text.Reset)
 .text.Reset    0x00000010       0x18 .\ARM_GCC_493\Debug\Cm3Start.o
                0x00000010                Reset
                0x00000001                ASSERT ((. != __cy_reset), No reset code)
 *(.dma_init)
 .dma_init      0x00000028      0x1c0 .\ARM_GCC_493\Debug\ADC_SAR_PrISM01.a(cyfitter_cfg.o)
                0x00000001                ASSERT ((((appl_start + .) <= 0x10000) || 0x0), DMA Init must be within the first 64k of flash)
 *(.text .text.* .gnu.linkonce.t.*)
 .text          0x000001e8       0x5c c:/program files (x86)/cypress/psoc creator/3.3/psoc creator/import/gnu/arm/4.9.3/bin/../lib/gcc/arm-none-eabi/4.9.3/armv7-m/crtbegin.o
 .text.ADC_SAR_2_ISR_LOC
                0x00000244       0x18 .\ARM_GCC_493\Debug\main.o
                0x00000244                ADC_SAR_2_ISR_LOC
 *fill*         0x0000025c        0x4 
 .text.main     0x00000260      0x198 .\ARM_GCC_493\Debug\main.o
                0x00000260                main
 .text.IntDefaultHandler
                0x000003f8        0x8 .\ARM_GCC_493\Debug\Cm3Start.o
                0x000003f8                IntDefaultHandler
 .text._sbrk    0x00000400       0x54 .\ARM_GCC_493\Debug\Cm3Start.o
                0x00000400                _sbrk
 .text.Start_c  0x00000454       0x98 .\ARM_GCC_493\Debug\Cm3Start.o
                0x00000454                Start_c
 .text.initialize_psoc
                0x000004ec       0x8c .\ARM_GCC_493\Debug\Cm3Start.o
                0x000004ec                initialize_psoc
 .text.CYCONFIGCPY
                0x00000578       0x1c .\ARM_GCC_493\Debug\ADC_SAR_PrISM01.a(cyfitter_cfg.o)
 .text.CyClockStartupError
                0x00000594        0xc .\ARM_GCC_493\Debug\ADC_SAR_PrISM01.a(cyfitter_cfg.o)
 .text.cfg_dma_init
                0x000005a0      0x174 .\ARM_GCC_493\Debug\ADC_SAR_PrISM01.a(cyfitter_cfg.o)
 .text.ClockSetup
                0x00000714      0x114 .\ARM_GCC_493\Debug\ADC_SAR_PrISM01.a(cyfitter_cfg.o)
 .text.AnalogSetDefault
                0x00000828       0xac .\ARM_GCC_493\Debug\ADC_SAR_PrISM01.a(cyfitter_cfg.o)
 .text.cyfitter_cfg
                0x000008d4       0xdc .\ARM_GCC_493\Debug\ADC_SAR_PrISM01.a(cyfitter_cfg.o)
                0x000008d4                cyfitter_cfg
 .text.LCD_Init
                0x000009b0       0x6c .\ARM_GCC_493\Debug\ADC_SAR_PrISM01.a(LCD.o)
                0x000009b0                LCD_Init
 .text.LCD_Enable
                0x00000a1c       0x18 .\ARM_GCC_493\Debug\ADC_SAR_PrISM01.a(LCD.o)
                0x00000a1c                LCD_Enable
 .text.LCD_Start
                0x00000a34       0x20 .\ARM_GCC_493\Debug\ADC_SAR_PrISM01.a(LCD.o)
                0x00000a34                LCD_Start
 .text.LCD_Position
                0x00000a54       0x6c .\ARM_GCC_493\Debug\ADC_SAR_PrISM01.a(LCD.o)
                0x00000a54                LCD_Position
 .text.LCD_PrintString
                0x00000ac0       0x38 .\ARM_GCC_493\Debug\ADC_SAR_PrISM01.a(LCD.o)
                0x00000ac0                LCD_PrintString
 .text.LCD_WriteData
                0x00000af8       0x34 .\ARM_GCC_493\Debug\ADC_SAR_PrISM01.a(LCD.o)
                0x00000af8                LCD_WriteData
 .text.LCD_WriteControl
                0x00000b2c       0x34 .\ARM_GCC_493\Debug\ADC_SAR_PrISM01.a(LCD.o)
                0x00000b2c                LCD_WriteControl
 .text.LCD_IsReady
                0x00000b60      0x178 .\ARM_GCC_493\Debug\ADC_SAR_PrISM01.a(LCD.o)
                0x00000b60                LCD_IsReady
 .text.LCD_WrDatNib
                0x00000cd8       0x78 .\ARM_GCC_493\Debug\ADC_SAR_PrISM01.a(LCD.o)
 .text.LCD_WrCntrlNib
                0x00000d50       0x60 .\ARM_GCC_493\Debug\ADC_SAR_PrISM01.a(LCD.o)
 .text          0x00000db0       0x20 .\ARM_GCC_493\Debug\ADC_SAR_PrISM01.a(CyBootAsmGnu.o)
                0x00000db0                CyDelayCycles
                0x00000dc0                CyEnterCriticalSection
                0x00000dc8                CyExitCriticalSection
 .text.CyHalt   0x00000dd0       0x18 .\ARM_GCC_493\Debug\ADC_SAR_PrISM01.a(CyLib.o)
                0x00000dd0                CyHalt
 .text.CyDelay  0x00000de8       0x44 .\ARM_GCC_493\Debug\ADC_SAR_PrISM01.a(CyLib.o)
                0x00000de8                CyDelay
 .text.CyDelayUs
                0x00000e2c       0x24 .\ARM_GCC_493\Debug\ADC_SAR_PrISM01.a(CyLib.o)
                0x00000e2c                CyDelayUs
 .text.CyIntSetVector
                0x00000e50       0x50 .\ARM_GCC_493\Debug\ADC_SAR_PrISM01.a(CyLib.o)
                0x00000e50                CyIntSetVector
 .text.CyIntSetPriority
                0x00000ea0       0x44 .\ARM_GCC_493\Debug\ADC_SAR_PrISM01.a(CyLib.o)
                0x00000ea0                CyIntSetPriority
 .text.PWM_1_Start
                0x00000ee4       0x20 .\ARM_GCC_493\Debug\ADC_SAR_PrISM01.a(PWM_1.o)
                0x00000ee4                PWM_1_Start
 .text.PWM_1_Init
                0x00000f04       0xc0 .\ARM_GCC_493\Debug\ADC_SAR_PrISM01.a(PWM_1.o)
                0x00000f04                PWM_1_Init
 .text.PWM_1_Enable
                0x00000fc4       0x48 .\ARM_GCC_493\Debug\ADC_SAR_PrISM01.a(PWM_1.o)
                0x00000fc4                PWM_1_Enable
 .text.PWM_1_WritePeriod
                0x0000100c       0x20 .\ARM_GCC_493\Debug\ADC_SAR_PrISM01.a(PWM_1.o)
                0x0000100c                PWM_1_WritePeriod
 .text.PWM_1_WriteCompare
                0x0000102c       0x20 .\ARM_GCC_493\Debug\ADC_SAR_PrISM01.a(PWM_1.o)
                0x0000102c                PWM_1_WriteCompare
 .text.PWM_1_SetInterruptMode
                0x0000104c       0x20 .\ARM_GCC_493\Debug\ADC_SAR_PrISM01.a(PWM_1.o)
                0x0000104c                PWM_1_SetInterruptMode
 .text.PWM_Clock_Start
                0x0000106c       0x34 .\ARM_GCC_493\Debug\ADC_SAR_PrISM01.a(PWM_Clock.o)
                0x0000106c                PWM_Clock_Start
 .text.ADV_VPOT_Start
                0x000010a0       0x20 .\ARM_GCC_493\Debug\ADC_SAR_PrISM01.a(ADV_VPOT.o)
                0x000010a0                ADV_VPOT_Start
 .text.ADV_VPOT_Init
                0x000010c0       0x44 .\ARM_GCC_493\Debug\ADC_SAR_PrISM01.a(ADV_VPOT.o)
                0x000010c0                ADV_VPOT_Init
 .text.ADV_VPOT_Enable
                0x00001104       0xf4 .\ARM_GCC_493\Debug\ADC_SAR_PrISM01.a(ADV_VPOT.o)
                0x00001104                ADV_VPOT_Enable
 .text.ADV_VPOT_SetResolution
                0x000011f8       0x50 .\ARM_GCC_493\Debug\ADC_SAR_PrISM01.a(ADV_VPOT.o)
                0x000011f8                ADV_VPOT_SetResolution
 .text.ADV_VPOT_StartConvert
                0x00001248       0x20 .\ARM_GCC_493\Debug\ADC_SAR_PrISM01.a(ADV_VPOT.o)
                0x00001248                ADV_VPOT_StartConvert
 .text.ADV_VPOT_CalcGain
                0x00001268       0x80 .\ARM_GCC_493\Debug\ADC_SAR_PrISM01.a(ADV_VPOT.o)
 .text.ADV_VPOT_CountsTo_Volts
                0x000012e8       0x84 .\ARM_GCC_493\Debug\ADC_SAR_PrISM01.a(ADV_VPOT.o)
                0x000012e8                ADV_VPOT_CountsTo_Volts
 .text.ADV_VPOT_ISR
                0x0000136c        0xc .\ARM_GCC_493\Debug\ADC_SAR_PrISM01.a(ADV_VPOT_INT.o)
                0x0000136c                ADV_VPOT_ISR
 .text.ADV_VPOT_IRQ_StartEx
                0x00001378       0x24 .\ARM_GCC_493\Debug\ADC_SAR_PrISM01.a(ADV_VPOT_IRQ.o)
                0x00001378                ADV_VPOT_IRQ_StartEx
 .text.ADV_VPOT_IRQ_SetVector
                0x0000139c       0x24 .\ARM_GCC_493\Debug\ADC_SAR_PrISM01.a(ADV_VPOT_IRQ.o)
                0x0000139c                ADV_VPOT_IRQ_SetVector
 .text.ADV_VPOT_IRQ_SetPriority
                0x000013c0       0x24 .\ARM_GCC_493\Debug\ADC_SAR_PrISM01.a(ADV_VPOT_IRQ.o)
                0x000013c0                ADV_VPOT_IRQ_SetPriority
 .text.ADV_VPOT_IRQ_Enable
                0x000013e4       0x18 .\ARM_GCC_493\Debug\ADC_SAR_PrISM01.a(ADV_VPOT_IRQ.o)
                0x000013e4                ADV_VPOT_IRQ_Enable
 .text.ADV_VPOT_IRQ_Disable
                0x000013fc       0x18 .\ARM_GCC_493\Debug\ADC_SAR_PrISM01.a(ADV_VPOT_IRQ.o)
                0x000013fc                ADV_VPOT_IRQ_Disable
 .text.ADV_VPOT_theACLK_SetModeRegister
                0x00001414       0x34 .\ARM_GCC_493\Debug\ADC_SAR_PrISM01.a(ADV_VPOT_theACLK.o)
                0x00001414                ADV_VPOT_theACLK_SetModeRegister
 .text          0x00001448      0x370 c:/program files (x86)/cypress/psoc creator/3.3/psoc creator/import/gnu/arm/4.9.3/bin/../lib/gcc/arm-none-eabi/4.9.3/armv7-m\libgcc.a(_arm_addsubdf3.o)
                0x00001448                __aeabi_drsub
                0x00001450                __aeabi_dsub
                0x00001450                __subdf3
                0x00001454                __aeabi_dadd
                0x00001454                __adddf3
                0x000016cc                __floatunsidf
                0x000016cc                __aeabi_ui2d
                0x000016ec                __floatsidf
                0x000016ec                __aeabi_i2d
                0x00001710                __aeabi_f2d
                0x00001710                __extendsfdf2
                0x0000174c                __floatundidf
                0x0000174c                __aeabi_ul2d
                0x0000175c                __floatdidf
                0x0000175c                __aeabi_l2d
 .text          0x000017b8      0x424 c:/program files (x86)/cypress/psoc creator/3.3/psoc creator/import/gnu/arm/4.9.3/bin/../lib/gcc/arm-none-eabi/4.9.3/armv7-m\libgcc.a(_arm_muldivdf3.o)
                0x000017b8                __aeabi_dmul
                0x000017b8                __muldf3
                0x00001a0c                __divdf3
                0x00001a0c                __aeabi_ddiv
 .text          0x00001bdc      0x110 c:/program files (x86)/cypress/psoc creator/3.3/psoc creator/import/gnu/arm/4.9.3/bin/../lib/gcc/arm-none-eabi/4.9.3/armv7-m\libgcc.a(_arm_cmpdf2.o)
                0x00001bdc                __gtdf2
                0x00001bdc                __gedf2
                0x00001be4                __ltdf2
                0x00001be4                __ledf2
                0x00001bec                __nedf2
                0x00001bec                __eqdf2
                0x00001bec                __cmpdf2
                0x00001c68                __aeabi_cdrcmple
                0x00001c78                __aeabi_cdcmpeq
                0x00001c78                __aeabi_cdcmple
                0x00001c88                __aeabi_dcmpeq
                0x00001c9c                __aeabi_dcmplt
                0x00001cb0                __aeabi_dcmple
                0x00001cc4                __aeabi_dcmpge
                0x00001cd8                __aeabi_dcmpgt
 .text          0x00001cec       0x40 c:/program files (x86)/cypress/psoc creator/3.3/psoc creator/import/gnu/arm/4.9.3/bin/../lib/gcc/arm-none-eabi/4.9.3/armv7-m\libgcc.a(_arm_fixunsdfsi.o)
                0x00001cec                __aeabi_d2uiz
                0x00001cec                __fixunsdfsi
 .text          0x00001d2c      0x21c c:/program files (x86)/cypress/psoc creator/3.3/psoc creator/import/gnu/arm/4.9.3/bin/../lib/gcc/arm-none-eabi/4.9.3/armv7-m\libgcc.a(_arm_addsubsf3.o)
                0x00001d2c                __aeabi_frsub
                0x00001d34                __subsf3
                0x00001d34                __aeabi_fsub
                0x00001d38                __aeabi_fadd
                0x00001d38                __addsf3
                0x00001e98                __aeabi_ui2f
                0x00001e98                __floatunsisf
                0x00001ea0                __aeabi_i2f
                0x00001ea0                __floatsisf
                0x00001ebc                __aeabi_ul2f
                0x00001ebc                __floatundisf
                0x00001ecc                __aeabi_l2f
                0x00001ecc                __floatdisf
 .text          0x00001f48      0x2a0 c:/program files (x86)/cypress/psoc creator/3.3/psoc creator/import/gnu/arm/4.9.3/bin/../lib/gcc/arm-none-eabi/4.9.3/armv7-m\libgcc.a(_arm_muldivsf3.o)
                0x00001f48                __mulsf3
                0x00001f48                __aeabi_fmul
                0x000020b0                __aeabi_fdiv
                0x000020b0                __divsf3
 .text.__errno  0x000021e8        0xc c:/program files (x86)/cypress/psoc creator/3.3/psoc creator/import/gnu/arm/4.9.3/bin/../lib/gcc/arm-none-eabi/4.9.3/../../../../arm-none-eabi/lib/armv7-m\libg_nano.a(lib_a-errno.o)
                0x000021e8                __errno
 .text.__libc_init_array
                0x000021f4       0x4c c:/program files (x86)/cypress/psoc creator/3.3/psoc creator/import/gnu/arm/4.9.3/bin/../lib/gcc/arm-none-eabi/4.9.3/../../../../arm-none-eabi/lib/armv7-m\libg_nano.a(lib_a-init.o)
                0x000021f4                __libc_init_array
 .text.memcpy   0x00002240       0x16 c:/program files (x86)/cypress/psoc creator/3.3/psoc creator/import/gnu/arm/4.9.3/bin/../lib/gcc/arm-none-eabi/4.9.3/../../../../arm-none-eabi/lib/armv7-m\libg_nano.a(lib_a-memcpy.o)
                0x00002240                memcpy
 .text.memset   0x00002256       0x10 c:/program files (x86)/cypress/psoc creator/3.3/psoc creator/import/gnu/arm/4.9.3/bin/../lib/gcc/arm-none-eabi/4.9.3/../../../../arm-none-eabi/lib/armv7-m\libg_nano.a(lib_a-memset.o)
                0x00002256                memset
 .text.__cvt    0x00002266       0xbc c:/program files (x86)/cypress/psoc creator/3.3/psoc creator/import/gnu/arm/4.9.3/bin/../lib/gcc/arm-none-eabi/4.9.3/../../../../arm-none-eabi/lib/armv7-m\libg_nano.a(lib_a-nano-vfprintf_float.o)
                0x00002266                __cvt
 .text.__exponent
                0x00002322       0x62 c:/program files (x86)/cypress/psoc creator/3.3/psoc creator/import/gnu/arm/4.9.3/bin/../lib/gcc/arm-none-eabi/4.9.3/../../../../arm-none-eabi/lib/armv7-m\libg_nano.a(lib_a-nano-vfprintf_float.o)
                0x00002322                __exponent
 .text._printf_float
                0x00002384      0x48c c:/program files (x86)/cypress/psoc creator/3.3/psoc creator/import/gnu/arm/4.9.3/bin/../lib/gcc/arm-none-eabi/4.9.3/../../../../arm-none-eabi/lib/armv7-m\libg_nano.a(lib_a-nano-vfprintf_float.o)
                0x00002384                _printf_float
 .text._printf_common
                0x00002810       0xea c:/program files (x86)/cypress/psoc creator/3.3/psoc creator/import/gnu/arm/4.9.3/bin/../lib/gcc/arm-none-eabi/4.9.3/../../../../arm-none-eabi/lib/armv7-m\libg_nano.a(lib_a-nano-vfprintf_i.o)
                0x00002810                _printf_common
 *fill*         0x000028fa        0x2 
 .text._printf_i
                0x000028fc      0x240 c:/program files (x86)/cypress/psoc creator/3.3/psoc creator/import/gnu/arm/4.9.3/bin/../lib/gcc/arm-none-eabi/4.9.3/../../../../arm-none-eabi/lib/armv7-m\libg_nano.a(lib_a-nano-vfprintf_i.o)
                0x000028fc                _printf_i
 .text.__fpclassifyd
                0x00002b3c       0x50 c:/program files (x86)/cypress/psoc creator/3.3/psoc creator/import/gnu/arm/4.9.3/bin/../lib/gcc/arm-none-eabi/4.9.3/../../../../arm-none-eabi/lib/armv7-m\libg_nano.a(lib_a-s_fpclassify.o)
                0x00002b3c                __fpclassifyd
 .text.sprintf  0x00002b8c       0x48 c:/program files (x86)/cypress/psoc creator/3.3/psoc creator/import/gnu/arm/4.9.3/bin/../lib/gcc/arm-none-eabi/4.9.3/../../../../arm-none-eabi/lib/armv7-m\libg_nano.a(lib_a-sprintf.o)
                0x00002b8c                siprintf
                0x00002b8c                sprintf
 .text.strlen   0x00002bd4       0x10 c:/program files (x86)/cypress/psoc creator/3.3/psoc creator/import/gnu/arm/4.9.3/bin/../lib/gcc/arm-none-eabi/4.9.3/../../../../arm-none-eabi/lib/armv7-m\libg_nano.a(lib_a-strlen.o)
                0x00002bd4                strlen
 .text.quorem   0x00002be4      0x114 c:/program files (x86)/cypress/psoc creator/3.3/psoc creator/import/gnu/arm/4.9.3/bin/../lib/gcc/arm-none-eabi/4.9.3/../../../../arm-none-eabi/lib/armv7-m\libg_nano.a(lib_a-dtoa.o)
 .text._dtoa_r  0x00002cf8      0xb78 c:/program files (x86)/cypress/psoc creator/3.3/psoc creator/import/gnu/arm/4.9.3/bin/../lib/gcc/arm-none-eabi/4.9.3/../../../../arm-none-eabi/lib/armv7-m\libg_nano.a(lib_a-dtoa.o)
                0x00002cf8                _dtoa_r
 .text._localeconv_r
                0x00003870        0x8 c:/program files (x86)/cypress/psoc creator/3.3/psoc creator/import/gnu/arm/4.9.3/bin/../lib/gcc/arm-none-eabi/4.9.3/../../../../arm-none-eabi/lib/armv7-m\libg_nano.a(lib_a-locale.o)
                0x00003870                _localeconv_r
 .text.malloc   0x00003878       0x10 c:/program files (x86)/cypress/psoc creator/3.3/psoc creator/import/gnu/arm/4.9.3/bin/../lib/gcc/arm-none-eabi/4.9.3/../../../../arm-none-eabi/lib/armv7-m\libg_nano.a(lib_a-malloc.o)
                0x00003878                malloc
 .text.memchr   0x00003888       0x1c c:/program files (x86)/cypress/psoc creator/3.3/psoc creator/import/gnu/arm/4.9.3/bin/../lib/gcc/arm-none-eabi/4.9.3/../../../../arm-none-eabi/lib/armv7-m\libg_nano.a(lib_a-memchr.o)
                0x00003888                memchr
 .text._Balloc  0x000038a4       0x6a c:/program files (x86)/cypress/psoc creator/3.3/psoc creator/import/gnu/arm/4.9.3/bin/../lib/gcc/arm-none-eabi/4.9.3/../../../../arm-none-eabi/lib/armv7-m\libg_nano.a(lib_a-mprec.o)
                0x000038a4                _Balloc
 .text._Bfree   0x0000390e       0x2e c:/program files (x86)/cypress/psoc creator/3.3/psoc creator/import/gnu/arm/4.9.3/bin/../lib/gcc/arm-none-eabi/4.9.3/../../../../arm-none-eabi/lib/armv7-m\libg_nano.a(lib_a-mprec.o)
                0x0000390e                _Bfree
 .text.__multadd
                0x0000393c       0x7c c:/program files (x86)/cypress/psoc creator/3.3/psoc creator/import/gnu/arm/4.9.3/bin/../lib/gcc/arm-none-eabi/4.9.3/../../../../arm-none-eabi/lib/armv7-m\libg_nano.a(lib_a-mprec.o)
                0x0000393c                __multadd
 .text.__hi0bits
                0x000039b8       0x40 c:/program files (x86)/cypress/psoc creator/3.3/psoc creator/import/gnu/arm/4.9.3/bin/../lib/gcc/arm-none-eabi/4.9.3/../../../../arm-none-eabi/lib/armv7-m\libg_nano.a(lib_a-mprec.o)
                0x000039b8                __hi0bits
 .text.__lo0bits
                0x000039f8       0x5a c:/program files (x86)/cypress/psoc creator/3.3/psoc creator/import/gnu/arm/4.9.3/bin/../lib/gcc/arm-none-eabi/4.9.3/../../../../arm-none-eabi/lib/armv7-m\libg_nano.a(lib_a-mprec.o)
                0x000039f8                __lo0bits
 .text.__i2b    0x00003a52       0x12 c:/program files (x86)/cypress/psoc creator/3.3/psoc creator/import/gnu/arm/4.9.3/bin/../lib/gcc/arm-none-eabi/4.9.3/../../../../arm-none-eabi/lib/armv7-m\libg_nano.a(lib_a-mprec.o)
                0x00003a52                __i2b
 .text.__multiply
                0x00003a64      0x120 c:/program files (x86)/cypress/psoc creator/3.3/psoc creator/import/gnu/arm/4.9.3/bin/../lib/gcc/arm-none-eabi/4.9.3/../../../../arm-none-eabi/lib/armv7-m\libg_nano.a(lib_a-mprec.o)
                0x00003a64                __multiply
 .text.__pow5mult
                0x00003b84       0x9c c:/program files (x86)/cypress/psoc creator/3.3/psoc creator/import/gnu/arm/4.9.3/bin/../lib/gcc/arm-none-eabi/4.9.3/../../../../arm-none-eabi/lib/armv7-m\libg_nano.a(lib_a-mprec.o)
                0x00003b84                __pow5mult
 .text.__lshift
                0x00003c20       0xa6 c:/program files (x86)/cypress/psoc creator/3.3/psoc creator/import/gnu/arm/4.9.3/bin/../lib/gcc/arm-none-eabi/4.9.3/../../../../arm-none-eabi/lib/armv7-m\libg_nano.a(lib_a-mprec.o)
                0x00003c20                __lshift
 .text.__mcmp   0x00003cc6       0x38 c:/program files (x86)/cypress/psoc creator/3.3/psoc creator/import/gnu/arm/4.9.3/bin/../lib/gcc/arm-none-eabi/4.9.3/../../../../arm-none-eabi/lib/armv7-m\libg_nano.a(lib_a-mprec.o)
                0x00003cc6                __mcmp
 .text.__mdiff  0x00003cfe       0xbe c:/program files (x86)/cypress/psoc creator/3.3/psoc creator/import/gnu/arm/4.9.3/bin/../lib/gcc/arm-none-eabi/4.9.3/../../../../arm-none-eabi/lib/armv7-m\libg_nano.a(lib_a-mprec.o)
                0x00003cfe                __mdiff
 .text.__d2b    0x00003dbc       0xa4 c:/program files (x86)/cypress/psoc creator/3.3/psoc creator/import/gnu/arm/4.9.3/bin/../lib/gcc/arm-none-eabi/4.9.3/../../../../arm-none-eabi/lib/armv7-m\libg_nano.a(lib_a-mprec.o)
                0x00003dbc                __d2b
 .text._calloc_r
                0x00003e60       0x1c c:/program files (x86)/cypress/psoc creator/3.3/psoc creator/import/gnu/arm/4.9.3/bin/../lib/gcc/arm-none-eabi/4.9.3/../../../../arm-none-eabi/lib/armv7-m\libg_nano.a(lib_a-nano-callocr.o)
                0x00003e60                _calloc_r
 .text._free_r  0x00003e7c       0x88 c:/program files (x86)/cypress/psoc creator/3.3/psoc creator/import/gnu/arm/4.9.3/bin/../lib/gcc/arm-none-eabi/4.9.3/../../../../arm-none-eabi/lib/armv7-m\libg_nano.a(lib_a-nano-freer.o)
                0x00003e7c                _free_r
 .text._malloc_r
                0x00003f04       0xac c:/program files (x86)/cypress/psoc creator/3.3/psoc creator/import/gnu/arm/4.9.3/bin/../lib/gcc/arm-none-eabi/4.9.3/../../../../arm-none-eabi/lib/armv7-m\libg_nano.a(lib_a-nano-mallocr.o)
                0x00003f04                _malloc_r
 .text.__ssputs_r
                0x00003fb0       0xb2 c:/program files (x86)/cypress/psoc creator/3.3/psoc creator/import/gnu/arm/4.9.3/bin/../lib/gcc/arm-none-eabi/4.9.3/../../../../arm-none-eabi/lib/armv7-m\libg_nano.a(lib_a-nano-svfprintf.o)
                0x00003fb0                __ssputs_r
 *fill*         0x00004062        0x2 
 .text._svfprintf_r
                0x00004064      0x1e4 c:/program files (x86)/cypress/psoc creator/3.3/psoc creator/import/gnu/arm/4.9.3/bin/../lib/gcc/arm-none-eabi/4.9.3/../../../../arm-none-eabi/lib/armv7-m\libg_nano.a(lib_a-nano-svfprintf.o)
                0x00004064                _svfiprintf_r
                0x00004064                _svfprintf_r
 .text._sbrk_r  0x00004248       0x20 c:/program files (x86)/cypress/psoc creator/3.3/psoc creator/import/gnu/arm/4.9.3/bin/../lib/gcc/arm-none-eabi/4.9.3/../../../../arm-none-eabi/lib/armv7-m\libg_nano.a(lib_a-sbrkr.o)
                0x00004248                _sbrk_r
 .text.memmove  0x00004268       0x36 c:/program files (x86)/cypress/psoc creator/3.3/psoc creator/import/gnu/arm/4.9.3/bin/../lib/gcc/arm-none-eabi/4.9.3/../../../../arm-none-eabi/lib/armv7-m\libg_nano.a(lib_a-memmove.o)
                0x00004268                memmove
 .text._realloc_r
                0x0000429e       0x4c c:/program files (x86)/cypress/psoc creator/3.3/psoc creator/import/gnu/arm/4.9.3/bin/../lib/gcc/arm-none-eabi/4.9.3/../../../../arm-none-eabi/lib/armv7-m\libg_nano.a(lib_a-nano-reallocr.o)
                0x0000429e                _realloc_r
 .text._malloc_usable_size_r
                0x000042ea       0x14 c:/program files (x86)/cypress/psoc creator/3.3/psoc creator/import/gnu/arm/4.9.3/bin/../lib/gcc/arm-none-eabi/4.9.3/../../../../arm-none-eabi/lib/armv7-m\libg_nano.a(lib_a-nano-msizer.o)
                0x000042ea                _malloc_usable_size_r
 *fill*         0x000042fe        0x2 
 .text          0x00004300       0x50 c:/program files (x86)/cypress/psoc creator/3.3/psoc creator/import/gnu/arm/4.9.3/bin/../lib/gcc/arm-none-eabi/4.9.3/armv7-m\libgcc.a(_arm_fixdfsi.o)
                0x00004300                __aeabi_d2iz
                0x00004300                __fixdfsi
 *(.plt)
 *(.gnu.warning)
 *(.glue_7t)
 .glue_7t       0x00000000        0x0 linker stubs
 *(.glue_7)
 .glue_7        0x00000000        0x0 linker stubs
 *(.vfp11_veneer)
 .vfp11_veneer  0x00000000        0x0 linker stubs
 *(.bootloader)
 *(.ARM.extab* .gnu.linkonce.armextab.*)
 *(.gcc_except_table)

.v4_bx          0x00004350        0x0
 .v4_bx         0x00000000        0x0 linker stubs

.iplt           0x00004350        0x0
 .iplt          0x00000000        0x0 c:/program files (x86)/cypress/psoc creator/3.3/psoc creator/import/gnu/arm/4.9.3/bin/../lib/gcc/arm-none-eabi/4.9.3/armv7-m/crtbegin.o

.eh_frame_hdr
 *(.eh_frame_hdr)

.eh_frame       0x00004350        0x4
 *(.eh_frame)
 .eh_frame      0x00004350        0x0 c:/program files (x86)/cypress/psoc creator/3.3/psoc creator/import/gnu/arm/4.9.3/bin/../lib/gcc/arm-none-eabi/4.9.3/armv7-m/crtbegin.o
 .eh_frame      0x00004350        0x0 c:/program files (x86)/cypress/psoc creator/3.3/psoc creator/import/gnu/arm/4.9.3/bin/../lib/gcc/arm-none-eabi/4.9.3/../../../../arm-none-eabi/lib/armv7-m\libg_nano.a(lib_a-strcmp.o)
                                 0x28 (size before relaxing)
 .eh_frame      0x00004350        0x4 c:/program files (x86)/cypress/psoc creator/3.3/psoc creator/import/gnu/arm/4.9.3/bin/../lib/gcc/arm-none-eabi/4.9.3/armv7-m/crtend.o
                0x00004354                PROVIDE (__exidx_start, .)

.ARM.exidx
 *(.ARM.exidx* .gnu.linkonce.armexidx.*)
                0x00004354                __exidx_end = .

.rodata         0x00004358      0x288
 *(.rodata .rodata.* .gnu.linkonce.r.*)
 .rodata        0x00004358       0x28 .\ARM_GCC_493\Debug\main.o
 .rodata        0x00004380       0xcc .\ARM_GCC_493\Debug\ADC_SAR_PrISM01.a(cyfitter_cfg.o)
 .rodata.str1.1
                0x0000444c        0x2 c:/program files (x86)/cypress/psoc creator/3.3/psoc creator/import/gnu/arm/4.9.3/bin/../lib/gcc/arm-none-eabi/4.9.3/../../../../arm-none-eabi/lib/armv7-m\libg_nano.a(lib_a-impure.o)
 .rodata.str1.1
                0x0000444e       0x12 c:/program files (x86)/cypress/psoc creator/3.3/psoc creator/import/gnu/arm/4.9.3/bin/../lib/gcc/arm-none-eabi/4.9.3/../../../../arm-none-eabi/lib/armv7-m\libg_nano.a(lib_a-nano-vfprintf_float.o)
 .rodata.str1.1
                0x00004460       0x22 c:/program files (x86)/cypress/psoc creator/3.3/psoc creator/import/gnu/arm/4.9.3/bin/../lib/gcc/arm-none-eabi/4.9.3/../../../../arm-none-eabi/lib/armv7-m\libg_nano.a(lib_a-nano-vfprintf_i.o)
 .rodata.str1.1
                0x00004482        0xd c:/program files (x86)/cypress/psoc creator/3.3/psoc creator/import/gnu/arm/4.9.3/bin/../lib/gcc/arm-none-eabi/4.9.3/../../../../arm-none-eabi/lib/armv7-m\libg_nano.a(lib_a-dtoa.o)
                                  0xf (size before relaxing)
 .rodata.str1.1
                0x0000448f        0x8 c:/program files (x86)/cypress/psoc creator/3.3/psoc creator/import/gnu/arm/4.9.3/bin/../lib/gcc/arm-none-eabi/4.9.3/../../../../arm-none-eabi/lib/armv7-m\libg_nano.a(lib_a-locale.o)
                                  0xb (size before relaxing)
 *fill*         0x00004497        0x1 
 .rodata.__mprec_tens
                0x00004498       0xc8 c:/program files (x86)/cypress/psoc creator/3.3/psoc creator/import/gnu/arm/4.9.3/bin/../lib/gcc/arm-none-eabi/4.9.3/../../../../arm-none-eabi/lib/armv7-m\libg_nano.a(lib_a-mprec.o)
                0x00004498                __mprec_tens
 .rodata.__mprec_bigtens
                0x00004560       0x28 c:/program files (x86)/cypress/psoc creator/3.3/psoc creator/import/gnu/arm/4.9.3/bin/../lib/gcc/arm-none-eabi/4.9.3/../../../../arm-none-eabi/lib/armv7-m\libg_nano.a(lib_a-mprec.o)
                0x00004560                __mprec_bigtens
 .rodata.p05.5308
                0x00004588        0xc c:/program files (x86)/cypress/psoc creator/3.3/psoc creator/import/gnu/arm/4.9.3/bin/../lib/gcc/arm-none-eabi/4.9.3/../../../../arm-none-eabi/lib/armv7-m\libg_nano.a(lib_a-mprec.o)
 .rodata.str1.1
                0x00004594       0x11 c:/program files (x86)/cypress/psoc creator/3.3/psoc creator/import/gnu/arm/4.9.3/bin/../lib/gcc/arm-none-eabi/4.9.3/../../../../arm-none-eabi/lib/armv7-m\libg_nano.a(lib_a-nano-svfprintf.o)
                0x000045a8                . = ALIGN (0x4)
 *fill*         0x000045a5        0x3 
 *(.init)
 .init          0x000045a8        0x4 c:/program files (x86)/cypress/psoc creator/3.3/psoc creator/import/gnu/arm/4.9.3/bin/../lib/gcc/arm-none-eabi/4.9.3/armv7-m/crti.o
                0x000045a8                _init
 .init          0x000045ac        0x8 c:/program files (x86)/cypress/psoc creator/3.3/psoc creator/import/gnu/arm/4.9.3/bin/../lib/gcc/arm-none-eabi/4.9.3/armv7-m/crtn.o
                0x000045b4                . = ALIGN (0x4)
                0x000045b4                __preinit_array_start = .
 *(.preinit_array)
                0x000045b4                __preinit_array_end = .
                0x000045b4                . = ALIGN (0x4)
                0x000045b4                __init_array_start = .
 *(SORT(.init_array.*))
 *(.init_array)
 .init_array    0x000045b4        0x4 c:/program files (x86)/cypress/psoc creator/3.3/psoc creator/import/gnu/arm/4.9.3/bin/../lib/gcc/arm-none-eabi/4.9.3/armv7-m/crtbegin.o
 .init_array    0x000045b8        0x4 .\ARM_GCC_493\Debug\Cm3Start.o
                0x000045bc                __init_array_end = .
                0x000045bc                . = ALIGN (0x4)
 *(.fini)
 .fini          0x000045bc        0x4 c:/program files (x86)/cypress/psoc creator/3.3/psoc creator/import/gnu/arm/4.9.3/bin/../lib/gcc/arm-none-eabi/4.9.3/armv7-m/crti.o
                0x000045bc                _fini
 .fini          0x000045c0        0x8 c:/program files (x86)/cypress/psoc creator/3.3/psoc creator/import/gnu/arm/4.9.3/bin/../lib/gcc/arm-none-eabi/4.9.3/armv7-m/crtn.o
                0x000045c8                . = ALIGN (0x4)
                0x000045c8                __fini_array_start = .
 *(.fini_array)
 .fini_array    0x000045c8        0x4 c:/program files (x86)/cypress/psoc creator/3.3/psoc creator/import/gnu/arm/4.9.3/bin/../lib/gcc/arm-none-eabi/4.9.3/armv7-m/crtbegin.o
 *(SORT(.fini_array.*))
                0x000045cc                __fini_array_end = .
                0x000045cc                . = ALIGN (0x4)
 *crtbegin.o(.ctors)
 *(EXCLUDE_FILE(*crtend.o) .ctors)
 *(SORT(.ctors.*))
 *crtend.o(.ctors)
                0x000045cc                . = ALIGN (0x4)
 *crtbegin.o(.dtors)
 *(EXCLUDE_FILE(*crtend.o) .dtors)
 *(SORT(.dtors.*))
 *crtend.o(.dtors)
                0x000045cc                . = ALIGN (0x4)
                0x000045cc                __cy_regions = .
                0x000045cc        0x4 LONG 0x45e0 __cy_region_init_ram
                0x000045d0        0x4 LONG 0x1fff8108 __cy_region_start_data
                0x000045d4        0x4 LONG 0xb8 __cy_region_init_size_ram
                0x000045d8        0x4 LONG 0x50 __cy_region_zero_size_ram
                0x000045dc                __cy_regions_end = .
                0x000045e0                . = ALIGN (0x8)
 *fill*         0x000045dc        0x4 
                0x000045e0                _etext = .

.cy_checksum_exclude
                0x000045e0        0x0
 *(.cy_checksum_exclude)

.ramvectors     0x1fff8000      0x100
                0x1fff8000                __cy_region_start_ram = .
 *(.ramvectors)
 .ramvectors    0x1fff8000      0x100 .\ARM_GCC_493\Debug\Cm3Start.o
                0x1fff8000                CyRamVectors

.noinit         0x1fff8100        0x5
 *(.noinit)
 .noinit        0x1fff8100        0x4 .\ARM_GCC_493\Debug\Cm3Start.o
 .noinit        0x1fff8104        0x1 .\ARM_GCC_493\Debug\ADC_SAR_PrISM01.a(CyLib.o)
                0x1fff8104                CyResetStatus

.data           0x1fff8108       0xb8 load address 0x000045e0
                0x1fff8108                __cy_region_start_data = .
 *(.jcr)
 .jcr           0x1fff8108        0x0 c:/program files (x86)/cypress/psoc creator/3.3/psoc creator/import/gnu/arm/4.9.3/bin/../lib/gcc/arm-none-eabi/4.9.3/armv7-m/crtbegin.o
 .jcr           0x1fff8108        0x4 c:/program files (x86)/cypress/psoc creator/3.3/psoc creator/import/gnu/arm/4.9.3/bin/../lib/gcc/arm-none-eabi/4.9.3/armv7-m/crtend.o
 *(.got.plt)
 *(.got)
 *(.shdata)
 *(.data .data.* .gnu.linkonce.d.*)
 .data          0x1fff810c        0x4 .\ARM_GCC_493\Debug\Cm3Start.o
 .data          0x1fff8110       0x10 .\ARM_GCC_493\Debug\ADC_SAR_PrISM01.a(CyLib.o)
                0x1fff8110                cydelay_freq_hz
                0x1fff8114                cydelay_freq_khz
                0x1fff8118                cydelay_freq_mhz
                0x1fff811c                cydelay_32k_ms
 .data.impure_data
                0x1fff8120       0x60 c:/program files (x86)/cypress/psoc creator/3.3/psoc creator/import/gnu/arm/4.9.3/bin/../lib/gcc/arm-none-eabi/4.9.3/../../../../arm-none-eabi/lib/armv7-m\libg_nano.a(lib_a-impure.o)
 .data._impure_ptr
                0x1fff8180        0x4 c:/program files (x86)/cypress/psoc creator/3.3/psoc creator/import/gnu/arm/4.9.3/bin/../lib/gcc/arm-none-eabi/4.9.3/../../../../arm-none-eabi/lib/armv7-m\libg_nano.a(lib_a-impure.o)
                0x1fff8180                _impure_ptr
 .data.lconv    0x1fff8184       0x38 c:/program files (x86)/cypress/psoc creator/3.3/psoc creator/import/gnu/arm/4.9.3/bin/../lib/gcc/arm-none-eabi/4.9.3/../../../../arm-none-eabi/lib/armv7-m\libg_nano.a(lib_a-locale.o)
                0x1fff81c0                . = ALIGN (0x8)
 *fill*         0x1fff81bc        0x4 
 *(.ram)
                0x1fff81c0                _edata = .

.igot.plt       0x1fff81c0        0x0 load address 0x00004698
 .igot.plt      0x00000000        0x0 c:/program files (x86)/cypress/psoc creator/3.3/psoc creator/import/gnu/arm/4.9.3/bin/../lib/gcc/arm-none-eabi/4.9.3/armv7-m/crtbegin.o

.bss            0x1fff81c0       0x50 load address 0x00004698
                0x1fff81c0                PROVIDE (__bss_start__, .)
 *(.shbss)
 *(.bss .bss.* .gnu.linkonce.b.*)
 .bss           0x1fff81c0       0x1c c:/program files (x86)/cypress/psoc creator/3.3/psoc creator/import/gnu/arm/4.9.3/bin/../lib/gcc/arm-none-eabi/4.9.3/armv7-m/crtbegin.o
 *fill*         0x1fff81dc        0x4 
 .bss           0x1fff81e0        0x8 .\ARM_GCC_493\Debug\ADC_SAR_PrISM01.a(cyfitter_cfg.o)
 .bss           0x1fff81e8        0x2 .\ARM_GCC_493\Debug\ADC_SAR_PrISM01.a(LCD.o)
                0x1fff81e8                LCD_enableState
                0x1fff81e9                LCD_initVar
 .bss           0x1fff81ea        0x1 .\ARM_GCC_493\Debug\ADC_SAR_PrISM01.a(PWM_1.o)
                0x1fff81ea                PWM_1_initVar
 .bss           0x1fff81eb        0x1 .\ARM_GCC_493\Debug\ADC_SAR_PrISM01.a(ADV_VPOT.o)
                0x1fff81eb                ADV_VPOT_initVar
 .bss.__malloc_sbrk_start
                0x1fff81ec        0x4 c:/program files (x86)/cypress/psoc creator/3.3/psoc creator/import/gnu/arm/4.9.3/bin/../lib/gcc/arm-none-eabi/4.9.3/../../../../arm-none-eabi/lib/armv7-m\libg_nano.a(lib_a-nano-mallocr.o)
                0x1fff81ec                __malloc_sbrk_start
 .bss.__malloc_free_list
                0x1fff81f0        0x4 c:/program files (x86)/cypress/psoc creator/3.3/psoc creator/import/gnu/arm/4.9.3/bin/../lib/gcc/arm-none-eabi/4.9.3/../../../../arm-none-eabi/lib/armv7-m\libg_nano.a(lib_a-nano-mallocr.o)
                0x1fff81f0                __malloc_free_list
 *(COMMON)
 COMMON         0x1fff81f4        0x8 .\ARM_GCC_493\Debug\main.o
                0x1fff81f4                result
                0x1fff81f8                dataReady
 COMMON         0x1fff81fc        0xc .\ARM_GCC_493\Debug\ADC_SAR_PrISM01.a(ADV_VPOT.o)
                0x1fff81fc                ADV_VPOT_shift
                0x1fff8200                ADV_VPOT_countsPer10Volt
                0x1fff8204                ADV_VPOT_countsPerVolt
                0x1fff8206                ADV_VPOT_offset
 COMMON         0x1fff8208        0x4 c:/program files (x86)/cypress/psoc creator/3.3/psoc creator/import/gnu/arm/4.9.3/bin/../lib/gcc/arm-none-eabi/4.9.3/../../../../arm-none-eabi/lib/armv7-m\libg_nano.a(lib_a-reent.o)
                0x1fff8208                errno
                0x1fff8210                . = ALIGN (0x8)
 *fill*         0x1fff820c        0x4 
 *(.ram.b)
                0x1fff8210                _end = .
                0x1fff8210                __end = .
                0x1fff8210                PROVIDE (end, .)
                0x1fff8210                PROVIDE (__bss_end__, .)
                0x000045e0                __cy_region_init_ram = LOADADDR (.data)
                0x000000b8                __cy_region_init_size_ram = (_edata - ADDR (.data))
                0x00000050                __cy_region_zero_size_ram = (_end - _edata)

.heap           0x1fff8210      0x200 load address 0x00004698
                0x1fff8210                . = _end
                0x1fff8410                . = (. + 0x200)
 *fill*         0x1fff8210      0x200 
                0x1fff8410                __cy_heap_limit = .

.stack          0x20007800      0x800
                0x20007800                __cy_stack_limit = .
                0x20008000                . = (. + 0x800)
 *fill*         0x20007800      0x800 
                0x00000001                ASSERT ((__cy_stack_limit >= __cy_heap_limit), region RAM overflowed with stack)
                0x00000000                cy_checksum_exclude_size = (CY_APPL_LOADABLE == 0x1)?SIZEOF (.cy_checksum_exclude):0x0
                0x00000001                ASSERT ((cy_checksum_exclude_size <= CY_CHECKSUM_EXCLUDE_SIZE), CY_BOOT: Section .cy_checksum_exclude size exceedes specified limit.)

.cyloadermeta
 *(.cyloadermeta)

.cyloadablemeta
 *(.cyloadablemeta)

.cyconfigecc    0x80000000      0xb3c
 *(.cyconfigecc)
 .cyconfigecc   0x80000000      0xb3c .\ARM_GCC_493\Debug\cymetadata.o
                0x80000000                cy_meta_configecc

.cycustnvl      0x90000000        0x4
 *(.cycustnvl)
 .cycustnvl     0x90000000        0x4 .\ARM_GCC_493\Debug\cymetadata.o
                0x90000000                cy_meta_custnvl

.cywolatch      0x90100000        0x4
 *(.cywolatch)
 .cywolatch     0x90100000        0x4 .\ARM_GCC_493\Debug\cymetadata.o
                0x90100000                cy_meta_wonvl

.cyeeprom       0x90200000        0x0
 *(.cyeeprom)
                0x00000001                ASSERT ((. <= ((0x90200000 + ee_offset) + ee_size)), .cyeeprom data will not fit in EEPROM)

.cyflashprotect
                0x90400000      0x100
 *(.cyflashprotect)
 .cyflashprotect
                0x90400000      0x100 .\ARM_GCC_493\Debug\cymetadata.o
                0x90400000                cy_meta_flashprotect

.cymeta         0x90500000        0xc
 *(.cymeta)
 .cymeta        0x90500000        0xc .\ARM_GCC_493\Debug\cymetadata.o
                0x90500000                cy_metadata

.rel.dyn        0x00004698        0x0 load address 0x9050000c
 .rel.iplt      0x00000000        0x0 c:/program files (x86)/cypress/psoc creator/3.3/psoc creator/import/gnu/arm/4.9.3/bin/../lib/gcc/arm-none-eabi/4.9.3/armv7-m/crtbegin.o

.stab
 *(.stab)

.stabstr
 *(.stabstr)

.debug
 *(.debug)

.line
 *(.line)

.debug_srcinfo
 *(.debug_srcinfo)

.debug_sfnames
 *(.debug_sfnames)

.debug_aranges  0x00000000      0x868
 *(.debug_aranges)
 .debug_aranges
                0x00000000       0x28 .\ARM_GCC_493\Debug\main.o
 .debug_aranges
                0x00000028       0x18 .\ARM_GCC_493\Debug\cymetadata.o
 .debug_aranges
                0x00000040       0x48 .\ARM_GCC_493\Debug\Cm3Start.o
 .debug_aranges
                0x00000088       0x60 .\ARM_GCC_493\Debug\ADC_SAR_PrISM01.a(cyfitter_cfg.o)
 .debug_aranges
                0x000000e8       0x98 .\ARM_GCC_493\Debug\ADC_SAR_PrISM01.a(LCD.o)
 .debug_aranges
                0x00000180       0x20 .\ARM_GCC_493\Debug\ADC_SAR_PrISM01.a(CyBootAsmGnu.o)
 .debug_aranges
                0x000001a0      0x298 .\ARM_GCC_493\Debug\ADC_SAR_PrISM01.a(CyLib.o)
 .debug_aranges
                0x00000438       0x98 .\ARM_GCC_493\Debug\ADC_SAR_PrISM01.a(cyPm.o)
 .debug_aranges
                0x000004d0       0x78 .\ARM_GCC_493\Debug\ADC_SAR_PrISM01.a(PWM_1.o)
 .debug_aranges
                0x00000548       0x70 .\ARM_GCC_493\Debug\ADC_SAR_PrISM01.a(PWM_Clock.o)
 .debug_aranges
                0x000005b8       0xa8 .\ARM_GCC_493\Debug\ADC_SAR_PrISM01.a(ADV_VPOT.o)
 .debug_aranges
                0x00000660       0x20 .\ARM_GCC_493\Debug\ADC_SAR_PrISM01.a(ADV_VPOT_INT.o)
 .debug_aranges
                0x00000680       0x80 .\ARM_GCC_493\Debug\ADC_SAR_PrISM01.a(ADV_VPOT_IRQ.o)
 .debug_aranges
                0x00000700       0x70 .\ARM_GCC_493\Debug\ADC_SAR_PrISM01.a(ADV_VPOT_theACLK.o)
 .debug_aranges
                0x00000770       0x80 .\ARM_GCC_493\Debug\ADC_SAR_PrISM01.a(CyFlash.o)
 .debug_aranges
                0x000007f0       0x78 .\ARM_GCC_493\Debug\ADC_SAR_PrISM01.a(CySpc.o)

.debug_pubnames
 *(.debug_pubnames)

.debug_info     0x00000000     0x37a5
 *(.debug_info .gnu.linkonce.wi.*)
 .debug_info    0x00000000      0x18e .\ARM_GCC_493\Debug\main.o
 .debug_info    0x0000018e      0x13f .\ARM_GCC_493\Debug\cymetadata.o
 .debug_info    0x000002cd      0x319 .\ARM_GCC_493\Debug\Cm3Start.o
 .debug_info    0x000005e6      0x3d5 .\ARM_GCC_493\Debug\ADC_SAR_PrISM01.a(cyfitter_cfg.o)
 .debug_info    0x000009bb      0x3c8 .\ARM_GCC_493\Debug\ADC_SAR_PrISM01.a(LCD.o)
 .debug_info    0x00000d83       0x99 .\ARM_GCC_493\Debug\ADC_SAR_PrISM01.a(CyBootAsmGnu.o)
 .debug_info    0x00000e1c      0xe36 .\ARM_GCC_493\Debug\ADC_SAR_PrISM01.a(CyLib.o)
 .debug_info    0x00001c52      0x562 .\ARM_GCC_493\Debug\ADC_SAR_PrISM01.a(cyPm.o)
 .debug_info    0x000021b4      0x22e .\ARM_GCC_493\Debug\ADC_SAR_PrISM01.a(PWM_1.o)
 .debug_info    0x000023e2      0x25d .\ARM_GCC_493\Debug\ADC_SAR_PrISM01.a(PWM_Clock.o)
 .debug_info    0x0000263f      0x478 .\ARM_GCC_493\Debug\ADC_SAR_PrISM01.a(ADV_VPOT.o)
 .debug_info    0x00002ab7       0x92 .\ARM_GCC_493\Debug\ADC_SAR_PrISM01.a(ADV_VPOT_INT.o)
 .debug_info    0x00002b49      0x23a .\ARM_GCC_493\Debug\ADC_SAR_PrISM01.a(ADV_VPOT_IRQ.o)
 .debug_info    0x00002d83      0x25d .\ARM_GCC_493\Debug\ADC_SAR_PrISM01.a(ADV_VPOT_theACLK.o)
 .debug_info    0x00002fe0      0x36c .\ARM_GCC_493\Debug\ADC_SAR_PrISM01.a(CyFlash.o)
 .debug_info    0x0000334c      0x459 .\ARM_GCC_493\Debug\ADC_SAR_PrISM01.a(CySpc.o)

.debug_abbrev   0x00000000     0x1228
 *(.debug_abbrev)
 .debug_abbrev  0x00000000       0xc9 .\ARM_GCC_493\Debug\main.o
 .debug_abbrev  0x000000c9       0x77 .\ARM_GCC_493\Debug\cymetadata.o
 .debug_abbrev  0x00000140      0x1b6 .\ARM_GCC_493\Debug\Cm3Start.o
 .debug_abbrev  0x000002f6      0x183 .\ARM_GCC_493\Debug\ADC_SAR_PrISM01.a(cyfitter_cfg.o)
 .debug_abbrev  0x00000479      0x120 .\ARM_GCC_493\Debug\ADC_SAR_PrISM01.a(LCD.o)
 .debug_abbrev  0x00000599       0x14 .\ARM_GCC_493\Debug\ADC_SAR_PrISM01.a(CyBootAsmGnu.o)
 .debug_abbrev  0x000005ad      0x217 .\ARM_GCC_493\Debug\ADC_SAR_PrISM01.a(CyLib.o)
 .debug_abbrev  0x000007c4      0x161 .\ARM_GCC_493\Debug\ADC_SAR_PrISM01.a(cyPm.o)
 .debug_abbrev  0x00000925      0x116 .\ARM_GCC_493\Debug\ADC_SAR_PrISM01.a(PWM_1.o)
 .debug_abbrev  0x00000a3b      0x11d .\ARM_GCC_493\Debug\ADC_SAR_PrISM01.a(PWM_Clock.o)
 .debug_abbrev  0x00000b58      0x173 .\ARM_GCC_493\Debug\ADC_SAR_PrISM01.a(ADV_VPOT.o)
 .debug_abbrev  0x00000ccb       0x42 .\ARM_GCC_493\Debug\ADC_SAR_PrISM01.a(ADV_VPOT_INT.o)
 .debug_abbrev  0x00000d0d      0x172 .\ARM_GCC_493\Debug\ADC_SAR_PrISM01.a(ADV_VPOT_IRQ.o)
 .debug_abbrev  0x00000e7f      0x11d .\ARM_GCC_493\Debug\ADC_SAR_PrISM01.a(ADV_VPOT_theACLK.o)
 .debug_abbrev  0x00000f9c      0x120 .\ARM_GCC_493\Debug\ADC_SAR_PrISM01.a(CyFlash.o)
 .debug_abbrev  0x000010bc      0x16c .\ARM_GCC_493\Debug\ADC_SAR_PrISM01.a(CySpc.o)

.debug_line     0x00000000     0x20f3
 *(.debug_line)
 .debug_line    0x00000000      0x1bd .\ARM_GCC_493\Debug\main.o
 .debug_line    0x000001bd       0x53 .\ARM_GCC_493\Debug\cymetadata.o
 .debug_line    0x00000210      0x1d6 .\ARM_GCC_493\Debug\Cm3Start.o
 .debug_line    0x000003e6      0x226 .\ARM_GCC_493\Debug\ADC_SAR_PrISM01.a(cyfitter_cfg.o)
 .debug_line    0x0000060c      0x1e3 .\ARM_GCC_493\Debug\ADC_SAR_PrISM01.a(LCD.o)
 .debug_line    0x000007ef       0x68 .\ARM_GCC_493\Debug\ADC_SAR_PrISM01.a(CyBootAsmGnu.o)
 .debug_line    0x00000857      0x872 .\ARM_GCC_493\Debug\ADC_SAR_PrISM01.a(CyLib.o)
 .debug_line    0x000010c9      0x381 .\ARM_GCC_493\Debug\ADC_SAR_PrISM01.a(cyPm.o)
 .debug_line    0x0000144a      0x142 .\ARM_GCC_493\Debug\ADC_SAR_PrISM01.a(PWM_1.o)
 .debug_line    0x0000158c      0x1bd .\ARM_GCC_493\Debug\ADC_SAR_PrISM01.a(PWM_Clock.o)
 .debug_line    0x00001749      0x20e .\ARM_GCC_493\Debug\ADC_SAR_PrISM01.a(ADV_VPOT.o)
 .debug_line    0x00001957       0x5a .\ARM_GCC_493\Debug\ADC_SAR_PrISM01.a(ADV_VPOT_INT.o)
 .debug_line    0x000019b1      0x160 .\ARM_GCC_493\Debug\ADC_SAR_PrISM01.a(ADV_VPOT_IRQ.o)
 .debug_line    0x00001b11      0x1c4 .\ARM_GCC_493\Debug\ADC_SAR_PrISM01.a(ADV_VPOT_theACLK.o)
 .debug_line    0x00001cd5      0x207 .\ARM_GCC_493\Debug\ADC_SAR_PrISM01.a(CyFlash.o)
 .debug_line    0x00001edc      0x217 .\ARM_GCC_493\Debug\ADC_SAR_PrISM01.a(CySpc.o)

.debug_frame    0x00000000     0x2a10
 *(.debug_frame)
 .debug_frame   0x00000000       0x5c .\ARM_GCC_493\Debug\main.o
 .debug_frame   0x0000005c       0xd8 .\ARM_GCC_493\Debug\Cm3Start.o
 .debug_frame   0x00000134      0x160 .\ARM_GCC_493\Debug\ADC_SAR_PrISM01.a(cyfitter_cfg.o)
 .debug_frame   0x00000294      0x260 .\ARM_GCC_493\Debug\ADC_SAR_PrISM01.a(LCD.o)
 .debug_frame   0x000004f4      0xbe8 .\ARM_GCC_493\Debug\ADC_SAR_PrISM01.a(CyLib.o)
 .debug_frame   0x000010dc      0x234 .\ARM_GCC_493\Debug\ADC_SAR_PrISM01.a(cyPm.o)
 .debug_frame   0x00001310      0x1d0 .\ARM_GCC_493\Debug\ADC_SAR_PrISM01.a(PWM_1.o)
 .debug_frame   0x000014e0      0x1b4 .\ARM_GCC_493\Debug\ADC_SAR_PrISM01.a(PWM_Clock.o)
 .debug_frame   0x00001694      0x2c0 .\ARM_GCC_493\Debug\ADC_SAR_PrISM01.a(ADV_VPOT.o)
 .debug_frame   0x00001954       0x34 .\ARM_GCC_493\Debug\ADC_SAR_PrISM01.a(ADV_VPOT_INT.o)
 .debug_frame   0x00001988      0x1e8 .\ARM_GCC_493\Debug\ADC_SAR_PrISM01.a(ADV_VPOT_IRQ.o)
 .debug_frame   0x00001b70      0x1b4 .\ARM_GCC_493\Debug\ADC_SAR_PrISM01.a(ADV_VPOT_theACLK.o)
 .debug_frame   0x00001d24      0x210 .\ARM_GCC_493\Debug\ADC_SAR_PrISM01.a(CyFlash.o)
 .debug_frame   0x00001f34      0x1f8 .\ARM_GCC_493\Debug\ADC_SAR_PrISM01.a(CySpc.o)
 .debug_frame   0x0000212c       0x28 c:/program files (x86)/cypress/psoc creator/3.3/psoc creator/import/gnu/arm/4.9.3/bin/../lib/gcc/arm-none-eabi/4.9.3/armv7-m\libgcc.a(_aeabi_ldivmod.o)
 .debug_frame   0x00002154       0x54 c:/program files (x86)/cypress/psoc creator/3.3/psoc creator/import/gnu/arm/4.9.3/bin/../lib/gcc/arm-none-eabi/4.9.3/armv7-m\libgcc.a(bpabi.o)
 .debug_frame   0x000021a8       0x34 c:/program files (x86)/cypress/psoc creator/3.3/psoc creator/import/gnu/arm/4.9.3/bin/../lib/gcc/arm-none-eabi/4.9.3/armv7-m\libgcc.a(_divdi3.o)
 .debug_frame   0x000021dc       0x34 c:/program files (x86)/cypress/psoc creator/3.3/psoc creator/import/gnu/arm/4.9.3/bin/../lib/gcc/arm-none-eabi/4.9.3/armv7-m\libgcc.a(_udivdi3.o)
 .debug_frame   0x00002210       0x20 c:/program files (x86)/cypress/psoc creator/3.3/psoc creator/import/gnu/arm/4.9.3/bin/../lib/gcc/arm-none-eabi/4.9.3/../../../../arm-none-eabi/lib/armv7-m\libg_nano.a(lib_a-errno.o)
 .debug_frame   0x00002230       0x28 c:/program files (x86)/cypress/psoc creator/3.3/psoc creator/import/gnu/arm/4.9.3/bin/../lib/gcc/arm-none-eabi/4.9.3/../../../../arm-none-eabi/lib/armv7-m\libg_nano.a(lib_a-exit.o)
 .debug_frame   0x00002258       0x2c c:/program files (x86)/cypress/psoc creator/3.3/psoc creator/import/gnu/arm/4.9.3/bin/../lib/gcc/arm-none-eabi/4.9.3/../../../../arm-none-eabi/lib/armv7-m\libg_nano.a(lib_a-init.o)
 .debug_frame   0x00002284       0x28 c:/program files (x86)/cypress/psoc creator/3.3/psoc creator/import/gnu/arm/4.9.3/bin/../lib/gcc/arm-none-eabi/4.9.3/../../../../arm-none-eabi/lib/armv7-m\libg_nano.a(lib_a-memcpy.o)
 .debug_frame   0x000022ac       0x20 c:/program files (x86)/cypress/psoc creator/3.3/psoc creator/import/gnu/arm/4.9.3/bin/../lib/gcc/arm-none-eabi/4.9.3/../../../../arm-none-eabi/lib/armv7-m\libg_nano.a(lib_a-memset.o)
 .debug_frame   0x000022cc       0x8c c:/program files (x86)/cypress/psoc creator/3.3/psoc creator/import/gnu/arm/4.9.3/bin/../lib/gcc/arm-none-eabi/4.9.3/../../../../arm-none-eabi/lib/armv7-m\libg_nano.a(lib_a-nano-vfprintf_float.o)
 .debug_frame   0x00002358       0x58 c:/program files (x86)/cypress/psoc creator/3.3/psoc creator/import/gnu/arm/4.9.3/bin/../lib/gcc/arm-none-eabi/4.9.3/../../../../arm-none-eabi/lib/armv7-m\libg_nano.a(lib_a-nano-vfprintf_i.o)
 .debug_frame   0x000023b0       0x28 c:/program files (x86)/cypress/psoc creator/3.3/psoc creator/import/gnu/arm/4.9.3/bin/../lib/gcc/arm-none-eabi/4.9.3/../../../../arm-none-eabi/lib/armv7-m\libg_nano.a(lib_a-s_fpclassify.o)
 .debug_frame   0x000023d8       0x70 c:/program files (x86)/cypress/psoc creator/3.3/psoc creator/import/gnu/arm/4.9.3/bin/../lib/gcc/arm-none-eabi/4.9.3/../../../../arm-none-eabi/lib/armv7-m\libg_nano.a(lib_a-sprintf.o)
 .debug_frame   0x00002448       0x20 c:/program files (x86)/cypress/psoc creator/3.3/psoc creator/import/gnu/arm/4.9.3/bin/../lib/gcc/arm-none-eabi/4.9.3/../../../../arm-none-eabi/lib/armv7-m\libg_nano.a(lib_a-strlen.o)
 .debug_frame   0x00002468       0x6c c:/program files (x86)/cypress/psoc creator/3.3/psoc creator/import/gnu/arm/4.9.3/bin/../lib/gcc/arm-none-eabi/4.9.3/../../../../arm-none-eabi/lib/armv7-m\libg_nano.a(lib_a-dtoa.o)
 .debug_frame   0x000024d4       0x98 c:/program files (x86)/cypress/psoc creator/3.3/psoc creator/import/gnu/arm/4.9.3/bin/../lib/gcc/arm-none-eabi/4.9.3/../../../../arm-none-eabi/lib/armv7-m\libg_nano.a(lib_a-locale.o)
 .debug_frame   0x0000256c       0x30 c:/program files (x86)/cypress/psoc creator/3.3/psoc creator/import/gnu/arm/4.9.3/bin/../lib/gcc/arm-none-eabi/4.9.3/../../../../arm-none-eabi/lib/armv7-m\libg_nano.a(lib_a-malloc.o)
 .debug_frame   0x0000259c       0x28 c:/program files (x86)/cypress/psoc creator/3.3/psoc creator/import/gnu/arm/4.9.3/bin/../lib/gcc/arm-none-eabi/4.9.3/../../../../arm-none-eabi/lib/armv7-m\libg_nano.a(lib_a-memchr.o)
 .debug_frame   0x000025c4      0x230 c:/program files (x86)/cypress/psoc creator/3.3/psoc creator/import/gnu/arm/4.9.3/bin/../lib/gcc/arm-none-eabi/4.9.3/../../../../arm-none-eabi/lib/armv7-m\libg_nano.a(lib_a-mprec.o)
 .debug_frame   0x000027f4       0x2c c:/program files (x86)/cypress/psoc creator/3.3/psoc creator/import/gnu/arm/4.9.3/bin/../lib/gcc/arm-none-eabi/4.9.3/../../../../arm-none-eabi/lib/armv7-m\libg_nano.a(lib_a-nano-callocr.o)
 .debug_frame   0x00002820       0x2c c:/program files (x86)/cypress/psoc creator/3.3/psoc creator/import/gnu/arm/4.9.3/bin/../lib/gcc/arm-none-eabi/4.9.3/../../../../arm-none-eabi/lib/armv7-m\libg_nano.a(lib_a-nano-freer.o)
 .debug_frame   0x0000284c       0x2c c:/program files (x86)/cypress/psoc creator/3.3/psoc creator/import/gnu/arm/4.9.3/bin/../lib/gcc/arm-none-eabi/4.9.3/../../../../arm-none-eabi/lib/armv7-m\libg_nano.a(lib_a-nano-mallocr.o)
 .debug_frame   0x00002878       0x8c c:/program files (x86)/cypress/psoc creator/3.3/psoc creator/import/gnu/arm/4.9.3/bin/../lib/gcc/arm-none-eabi/4.9.3/../../../../arm-none-eabi/lib/armv7-m\libg_nano.a(lib_a-nano-svfprintf.o)
 .debug_frame   0x00002904       0x2c c:/program files (x86)/cypress/psoc creator/3.3/psoc creator/import/gnu/arm/4.9.3/bin/../lib/gcc/arm-none-eabi/4.9.3/../../../../arm-none-eabi/lib/armv7-m\libg_nano.a(lib_a-sbrkr.o)
 .debug_frame   0x00002930       0x28 c:/program files (x86)/cypress/psoc creator/3.3/psoc creator/import/gnu/arm/4.9.3/bin/../lib/gcc/arm-none-eabi/4.9.3/../../../../arm-none-eabi/lib/armv7-m\libg_nano.a(lib_a-memmove.o)
 .debug_frame   0x00002958       0x3c c:/program files (x86)/cypress/psoc creator/3.3/psoc creator/import/gnu/arm/4.9.3/bin/../lib/gcc/arm-none-eabi/4.9.3/../../../../arm-none-eabi/lib/armv7-m\libg_nano.a(lib_a-nano-reallocr.o)
 .debug_frame   0x00002994       0x5c c:/program files (x86)/cypress/psoc creator/3.3/psoc creator/import/gnu/arm/4.9.3/bin/../lib/gcc/arm-none-eabi/4.9.3/../../../../arm-none-eabi/lib/armv7-m\libg_nano.a(lib_a-reent.o)
 .debug_frame   0x000029f0       0x20 c:/program files (x86)/cypress/psoc creator/3.3/psoc creator/import/gnu/arm/4.9.3/bin/../lib/gcc/arm-none-eabi/4.9.3/../../../../arm-none-eabi/lib/armv7-m\libg_nano.a(lib_a-nano-msizer.o)

.debug_str      0x00000000     0x1c16
 *(.debug_str)
 .debug_str     0x00000000      0x1bd .\ARM_GCC_493\Debug\main.o
                                0x205 (size before relaxing)
 .debug_str     0x000001bd       0x7d .\ARM_GCC_493\Debug\cymetadata.o
                                0x1f3 (size before relaxing)
 .debug_str     0x0000023a      0x139 .\ARM_GCC_493\Debug\Cm3Start.o
                                0x2d4 (size before relaxing)
 .debug_str     0x00000373      0x181 .\ARM_GCC_493\Debug\ADC_SAR_PrISM01.a(cyfitter_cfg.o)
                                0x31c (size before relaxing)
 .debug_str     0x000004f4      0x179 .\ARM_GCC_493\Debug\ADC_SAR_PrISM01.a(LCD.o)
                                0x316 (size before relaxing)
 .debug_str     0x0000066d      0x7e2 .\ARM_GCC_493\Debug\ADC_SAR_PrISM01.a(CyLib.o)
                                0x9cf (size before relaxing)
 .debug_str     0x00000e4f      0x367 .\ARM_GCC_493\Debug\ADC_SAR_PrISM01.a(cyPm.o)
                                0x534 (size before relaxing)
 .debug_str     0x000011b6      0x12e .\ARM_GCC_493\Debug\ADC_SAR_PrISM01.a(PWM_1.o)
                                0x2ca (size before relaxing)
 .debug_str     0x000012e4      0x17c .\ARM_GCC_493\Debug\ADC_SAR_PrISM01.a(PWM_Clock.o)
                                0x30f (size before relaxing)
 .debug_str     0x00001460      0x24a .\ARM_GCC_493\Debug\ADC_SAR_PrISM01.a(ADV_VPOT.o)
                                0x422 (size before relaxing)
 .debug_str     0x000016aa       0x35 .\ARM_GCC_493\Debug\ADC_SAR_PrISM01.a(ADV_VPOT_INT.o)
                                0x1a2 (size before relaxing)
 .debug_str     0x000016df      0x14a .\ARM_GCC_493\Debug\ADC_SAR_PrISM01.a(ADV_VPOT_IRQ.o)
                                0x305 (size before relaxing)
 .debug_str     0x00001829      0x185 .\ARM_GCC_493\Debug\ADC_SAR_PrISM01.a(ADV_VPOT_theACLK.o)
                                0x363 (size before relaxing)
 .debug_str     0x000019ae      0x147 .\ARM_GCC_493\Debug\ADC_SAR_PrISM01.a(CyFlash.o)
                                0x2f3 (size before relaxing)
 .debug_str     0x00001af5      0x121 .\ARM_GCC_493\Debug\ADC_SAR_PrISM01.a(CySpc.o)
                                0x2f0 (size before relaxing)

.debug_loc
 *(.debug_loc)

.debug_macinfo
 *(.debug_macinfo)

.debug_ranges   0x00000000      0x750
 *(.debug_ranges)
 .debug_ranges  0x00000000       0x18 .\ARM_GCC_493\Debug\main.o
 .debug_ranges  0x00000018       0x38 .\ARM_GCC_493\Debug\Cm3Start.o
 .debug_ranges  0x00000050       0x50 .\ARM_GCC_493\Debug\ADC_SAR_PrISM01.a(cyfitter_cfg.o)
 .debug_ranges  0x000000a0       0x88 .\ARM_GCC_493\Debug\ADC_SAR_PrISM01.a(LCD.o)
 .debug_ranges  0x00000128      0x288 .\ARM_GCC_493\Debug\ADC_SAR_PrISM01.a(CyLib.o)
 .debug_ranges  0x000003b0       0x88 .\ARM_GCC_493\Debug\ADC_SAR_PrISM01.a(cyPm.o)
 .debug_ranges  0x00000438       0x68 .\ARM_GCC_493\Debug\ADC_SAR_PrISM01.a(PWM_1.o)
 .debug_ranges  0x000004a0       0x60 .\ARM_GCC_493\Debug\ADC_SAR_PrISM01.a(PWM_Clock.o)
 .debug_ranges  0x00000500       0x98 .\ARM_GCC_493\Debug\ADC_SAR_PrISM01.a(ADV_VPOT.o)
 .debug_ranges  0x00000598       0x10 .\ARM_GCC_493\Debug\ADC_SAR_PrISM01.a(ADV_VPOT_INT.o)
 .debug_ranges  0x000005a8       0x70 .\ARM_GCC_493\Debug\ADC_SAR_PrISM01.a(ADV_VPOT_IRQ.o)
 .debug_ranges  0x00000618       0x60 .\ARM_GCC_493\Debug\ADC_SAR_PrISM01.a(ADV_VPOT_theACLK.o)
 .debug_ranges  0x00000678       0x70 .\ARM_GCC_493\Debug\ADC_SAR_PrISM01.a(CyFlash.o)
 .debug_ranges  0x000006e8       0x68 .\ARM_GCC_493\Debug\ADC_SAR_PrISM01.a(CySpc.o)

.comment        0x00000000       0x70
 .comment       0x00000000       0x70 .\ARM_GCC_493\Debug\main.o
                                 0x71 (size before relaxing)
 .comment       0x00000000       0x71 .\ARM_GCC_493\Debug\cymetadata.o
 .comment       0x00000000       0x71 .\ARM_GCC_493\Debug\Cm3Start.o
 .comment       0x00000000       0x71 .\ARM_GCC_493\Debug\ADC_SAR_PrISM01.a(cyfitter_cfg.o)
 .comment       0x00000000       0x71 .\ARM_GCC_493\Debug\ADC_SAR_PrISM01.a(LCD.o)
 .comment       0x00000000       0x71 .\ARM_GCC_493\Debug\ADC_SAR_PrISM01.a(CyLib.o)
 .comment       0x00000000       0x71 .\ARM_GCC_493\Debug\ADC_SAR_PrISM01.a(cyPm.o)
 .comment       0x00000000       0x71 .\ARM_GCC_493\Debug\ADC_SAR_PrISM01.a(PWM_1.o)
 .comment       0x00000000       0x71 .\ARM_GCC_493\Debug\ADC_SAR_PrISM01.a(PWM_Clock.o)
 .comment       0x00000000       0x71 .\ARM_GCC_493\Debug\ADC_SAR_PrISM01.a(ADV_VPOT.o)
 .comment       0x00000000       0x71 .\ARM_GCC_493\Debug\ADC_SAR_PrISM01.a(ADV_VPOT_INT.o)
 .comment       0x00000000       0x71 .\ARM_GCC_493\Debug\ADC_SAR_PrISM01.a(ADV_VPOT_IRQ.o)
 .comment       0x00000000       0x71 .\ARM_GCC_493\Debug\ADC_SAR_PrISM01.a(ADV_VPOT_theACLK.o)
 .comment       0x00000000       0x71 .\ARM_GCC_493\Debug\ADC_SAR_PrISM01.a(CyFlash.o)
 .comment       0x00000000       0x71 .\ARM_GCC_493\Debug\ADC_SAR_PrISM01.a(CySpc.o)

.debug_weaknames
 *(.debug_weaknames)

.debug_funcnames
 *(.debug_funcnames)

.debug_typenames
 *(.debug_typenames)

.debug_varnames
 *(.debug_varnames)

.note.gnu.arm.ident
 *(.note.gnu.arm.ident)

.ARM.attributes
                0x00000000       0x29
 *(.ARM.attributes)
 .ARM.attributes
                0x00000000       0x1d c:/program files (x86)/cypress/psoc creator/3.3/psoc creator/import/gnu/arm/4.9.3/bin/../lib/gcc/arm-none-eabi/4.9.3/armv7-m/crti.o
 .ARM.attributes
                0x0000001d       0x2d c:/program files (x86)/cypress/psoc creator/3.3/psoc creator/import/gnu/arm/4.9.3/bin/../lib/gcc/arm-none-eabi/4.9.3/armv7-m/crtbegin.o
 .ARM.attributes
                0x0000004a       0x1b c:/program files (x86)/cypress/psoc creator/3.3/psoc creator/import/gnu/arm/4.9.3/bin/../lib/gcc/arm-none-eabi/4.9.3/../../../../arm-none-eabi/lib/armv7-m/crt0.o
 .ARM.attributes
                0x00000065       0x33 .\ARM_GCC_493\Debug\main.o
 .ARM.attributes
                0x00000098       0x33 .\ARM_GCC_493\Debug\cymetadata.o
 .ARM.attributes
                0x000000cb       0x33 .\ARM_GCC_493\Debug\Cm3Start.o
 .ARM.attributes
                0x000000fe       0x33 .\ARM_GCC_493\Debug\ADC_SAR_PrISM01.a(cyfitter_cfg.o)
 .ARM.attributes
                0x00000131       0x33 .\ARM_GCC_493\Debug\ADC_SAR_PrISM01.a(LCD.o)
 .ARM.attributes
                0x00000164       0x21 .\ARM_GCC_493\Debug\ADC_SAR_PrISM01.a(CyBootAsmGnu.o)
 .ARM.attributes
                0x00000185       0x33 .\ARM_GCC_493\Debug\ADC_SAR_PrISM01.a(CyLib.o)
 .ARM.attributes
                0x000001b8       0x33 .\ARM_GCC_493\Debug\ADC_SAR_PrISM01.a(cyPm.o)
 .ARM.attributes
                0x000001eb       0x33 .\ARM_GCC_493\Debug\ADC_SAR_PrISM01.a(PWM_1.o)
 .ARM.attributes
                0x0000021e       0x33 .\ARM_GCC_493\Debug\ADC_SAR_PrISM01.a(PWM_Clock.o)
 .ARM.attributes
                0x00000251       0x33 .\ARM_GCC_493\Debug\ADC_SAR_PrISM01.a(ADV_VPOT.o)
 .ARM.attributes
                0x00000284       0x33 .\ARM_GCC_493\Debug\ADC_SAR_PrISM01.a(ADV_VPOT_INT.o)
 .ARM.attributes
                0x000002b7       0x33 .\ARM_GCC_493\Debug\ADC_SAR_PrISM01.a(ADV_VPOT_IRQ.o)
 .ARM.attributes
                0x000002ea       0x33 .\ARM_GCC_493\Debug\ADC_SAR_PrISM01.a(ADV_VPOT_theACLK.o)
 .ARM.attributes
                0x0000031d       0x33 .\ARM_GCC_493\Debug\ADC_SAR_PrISM01.a(CyFlash.o)
 .ARM.attributes
                0x00000350       0x33 .\ARM_GCC_493\Debug\ADC_SAR_PrISM01.a(CySpc.o)
 .ARM.attributes
                0x00000383       0x1d c:/program files (x86)/cypress/psoc creator/3.3/psoc creator/import/gnu/arm/4.9.3/bin/../lib/gcc/arm-none-eabi/4.9.3/armv7-m\libgcc.a(_arm_addsubdf3.o)
 .ARM.attributes
                0x000003a0       0x1d c:/program files (x86)/cypress/psoc creator/3.3/psoc creator/import/gnu/arm/4.9.3/bin/../lib/gcc/arm-none-eabi/4.9.3/armv7-m\libgcc.a(_arm_muldivdf3.o)
 .ARM.attributes
                0x000003bd       0x1d c:/program files (x86)/cypress/psoc creator/3.3/psoc creator/import/gnu/arm/4.9.3/bin/../lib/gcc/arm-none-eabi/4.9.3/armv7-m\libgcc.a(_arm_cmpdf2.o)
 .ARM.attributes
                0x000003da       0x1d c:/program files (x86)/cypress/psoc creator/3.3/psoc creator/import/gnu/arm/4.9.3/bin/../lib/gcc/arm-none-eabi/4.9.3/armv7-m\libgcc.a(_arm_fixunsdfsi.o)
 .ARM.attributes
                0x000003f7       0x1d c:/program files (x86)/cypress/psoc creator/3.3/psoc creator/import/gnu/arm/4.9.3/bin/../lib/gcc/arm-none-eabi/4.9.3/armv7-m\libgcc.a(_arm_addsubsf3.o)
 .ARM.attributes
                0x00000414       0x1d c:/program files (x86)/cypress/psoc creator/3.3/psoc creator/import/gnu/arm/4.9.3/bin/../lib/gcc/arm-none-eabi/4.9.3/armv7-m\libgcc.a(_arm_muldivsf3.o)
 .ARM.attributes
                0x00000431       0x1d c:/program files (x86)/cypress/psoc creator/3.3/psoc creator/import/gnu/arm/4.9.3/bin/../lib/gcc/arm-none-eabi/4.9.3/armv7-m\libgcc.a(_aeabi_ldivmod.o)
 .ARM.attributes
                0x0000044e       0x2d c:/program files (x86)/cypress/psoc creator/3.3/psoc creator/import/gnu/arm/4.9.3/bin/../lib/gcc/arm-none-eabi/4.9.3/armv7-m\libgcc.a(bpabi.o)
 .ARM.attributes
                0x0000047b       0x1d c:/program files (x86)/cypress/psoc creator/3.3/psoc creator/import/gnu/arm/4.9.3/bin/../lib/gcc/arm-none-eabi/4.9.3/armv7-m\libgcc.a(_dvmd_tls.o)
 .ARM.attributes
                0x00000498       0x2d c:/program files (x86)/cypress/psoc creator/3.3/psoc creator/import/gnu/arm/4.9.3/bin/../lib/gcc/arm-none-eabi/4.9.3/armv7-m\libgcc.a(_divdi3.o)
 .ARM.attributes
                0x000004c5       0x2d c:/program files (x86)/cypress/psoc creator/3.3/psoc creator/import/gnu/arm/4.9.3/bin/../lib/gcc/arm-none-eabi/4.9.3/armv7-m\libgcc.a(_udivdi3.o)
 .ARM.attributes
                0x000004f2       0x2d c:/program files (x86)/cypress/psoc creator/3.3/psoc creator/import/gnu/arm/4.9.3/bin/../lib/gcc/arm-none-eabi/4.9.3/../../../../arm-none-eabi/lib/armv7-m\libg_nano.a(lib_a-errno.o)
 .ARM.attributes
                0x0000051f       0x2d c:/program files (x86)/cypress/psoc creator/3.3/psoc creator/import/gnu/arm/4.9.3/bin/../lib/gcc/arm-none-eabi/4.9.3/../../../../arm-none-eabi/lib/armv7-m\libg_nano.a(lib_a-exit.o)
 .ARM.attributes
                0x0000054c       0x2d c:/program files (x86)/cypress/psoc creator/3.3/psoc creator/import/gnu/arm/4.9.3/bin/../lib/gcc/arm-none-eabi/4.9.3/../../../../arm-none-eabi/lib/armv7-m\libg_nano.a(lib_a-impure.o)
 .ARM.attributes
                0x00000579       0x2d c:/program files (x86)/cypress/psoc creator/3.3/psoc creator/import/gnu/arm/4.9.3/bin/../lib/gcc/arm-none-eabi/4.9.3/../../../../arm-none-eabi/lib/armv7-m\libg_nano.a(lib_a-init.o)
 .ARM.attributes
                0x000005a6       0x2d c:/program files (x86)/cypress/psoc creator/3.3/psoc creator/import/gnu/arm/4.9.3/bin/../lib/gcc/arm-none-eabi/4.9.3/../../../../arm-none-eabi/lib/armv7-m\libg_nano.a(lib_a-memcpy.o)
 .ARM.attributes
                0x000005d3       0x2d c:/program files (x86)/cypress/psoc creator/3.3/psoc creator/import/gnu/arm/4.9.3/bin/../lib/gcc/arm-none-eabi/4.9.3/../../../../arm-none-eabi/lib/armv7-m\libg_nano.a(lib_a-memset.o)
 .ARM.attributes
                0x00000600       0x2d c:/program files (x86)/cypress/psoc creator/3.3/psoc creator/import/gnu/arm/4.9.3/bin/../lib/gcc/arm-none-eabi/4.9.3/../../../../arm-none-eabi/lib/armv7-m\libg_nano.a(lib_a-nano-vfprintf_float.o)
 .ARM.attributes
                0x0000062d       0x2d c:/program files (x86)/cypress/psoc creator/3.3/psoc creator/import/gnu/arm/4.9.3/bin/../lib/gcc/arm-none-eabi/4.9.3/../../../../arm-none-eabi/lib/armv7-m\libg_nano.a(lib_a-nano-vfprintf_i.o)
 .ARM.attributes
                0x0000065a       0x2d c:/program files (x86)/cypress/psoc creator/3.3/psoc creator/import/gnu/arm/4.9.3/bin/../lib/gcc/arm-none-eabi/4.9.3/../../../../arm-none-eabi/lib/armv7-m\libg_nano.a(lib_a-s_fpclassify.o)
 .ARM.attributes
                0x00000687       0x2d c:/program files (x86)/cypress/psoc creator/3.3/psoc creator/import/gnu/arm/4.9.3/bin/../lib/gcc/arm-none-eabi/4.9.3/../../../../arm-none-eabi/lib/armv7-m\libg_nano.a(lib_a-sprintf.o)
 .ARM.attributes
                0x000006b4       0x2d c:/program files (x86)/cypress/psoc creator/3.3/psoc creator/import/gnu/arm/4.9.3/bin/../lib/gcc/arm-none-eabi/4.9.3/../../../../arm-none-eabi/lib/armv7-m\libg_nano.a(lib_a-strlen.o)
 .ARM.attributes
                0x000006e1       0x2d c:/program files (x86)/cypress/psoc creator/3.3/psoc creator/import/gnu/arm/4.9.3/bin/../lib/gcc/arm-none-eabi/4.9.3/../../../../arm-none-eabi/lib/armv7-m\libg_nano.a(lib_a-dtoa.o)
 .ARM.attributes
                0x0000070e       0x2d c:/program files (x86)/cypress/psoc creator/3.3/psoc creator/import/gnu/arm/4.9.3/bin/../lib/gcc/arm-none-eabi/4.9.3/../../../../arm-none-eabi/lib/armv7-m\libg_nano.a(lib_a-locale.o)
 .ARM.attributes
                0x0000073b       0x2d c:/program files (x86)/cypress/psoc creator/3.3/psoc creator/import/gnu/arm/4.9.3/bin/../lib/gcc/arm-none-eabi/4.9.3/../../../../arm-none-eabi/lib/armv7-m\libg_nano.a(lib_a-malloc.o)
 .ARM.attributes
                0x00000768       0x2d c:/program files (x86)/cypress/psoc creator/3.3/psoc creator/import/gnu/arm/4.9.3/bin/../lib/gcc/arm-none-eabi/4.9.3/../../../../arm-none-eabi/lib/armv7-m\libg_nano.a(lib_a-memchr.o)
 .ARM.attributes
                0x00000795       0x2d c:/program files (x86)/cypress/psoc creator/3.3/psoc creator/import/gnu/arm/4.9.3/bin/../lib/gcc/arm-none-eabi/4.9.3/../../../../arm-none-eabi/lib/armv7-m\libg_nano.a(lib_a-mprec.o)
 .ARM.attributes
                0x000007c2       0x2d c:/program files (x86)/cypress/psoc creator/3.3/psoc creator/import/gnu/arm/4.9.3/bin/../lib/gcc/arm-none-eabi/4.9.3/../../../../arm-none-eabi/lib/armv7-m\libg_nano.a(lib_a-nano-callocr.o)
 .ARM.attributes
                0x000007ef       0x2d c:/program files (x86)/cypress/psoc creator/3.3/psoc creator/import/gnu/arm/4.9.3/bin/../lib/gcc/arm-none-eabi/4.9.3/../../../../arm-none-eabi/lib/armv7-m\libg_nano.a(lib_a-nano-freer.o)
 .ARM.attributes
                0x0000081c       0x2d c:/program files (x86)/cypress/psoc creator/3.3/psoc creator/import/gnu/arm/4.9.3/bin/../lib/gcc/arm-none-eabi/4.9.3/../../../../arm-none-eabi/lib/armv7-m\libg_nano.a(lib_a-nano-mallocr.o)
 .ARM.attributes
                0x00000849       0x2d c:/program files (x86)/cypress/psoc creator/3.3/psoc creator/import/gnu/arm/4.9.3/bin/../lib/gcc/arm-none-eabi/4.9.3/../../../../arm-none-eabi/lib/armv7-m\libg_nano.a(lib_a-nano-svfprintf.o)
 .ARM.attributes
                0x00000876       0x2d c:/program files (x86)/cypress/psoc creator/3.3/psoc creator/import/gnu/arm/4.9.3/bin/../lib/gcc/arm-none-eabi/4.9.3/../../../../arm-none-eabi/lib/armv7-m\libg_nano.a(lib_a-sbrkr.o)
 .ARM.attributes
                0x000008a3       0x1b c:/program files (x86)/cypress/psoc creator/3.3/psoc creator/import/gnu/arm/4.9.3/bin/../lib/gcc/arm-none-eabi/4.9.3/../../../../arm-none-eabi/lib/armv7-m\libg_nano.a(lib_a-strcmp.o)
 .ARM.attributes
                0x000008be       0x2d c:/program files (x86)/cypress/psoc creator/3.3/psoc creator/import/gnu/arm/4.9.3/bin/../lib/gcc/arm-none-eabi/4.9.3/../../../../arm-none-eabi/lib/armv7-m\libg_nano.a(lib_a-memmove.o)
 .ARM.attributes
                0x000008eb       0x2d c:/program files (x86)/cypress/psoc creator/3.3/psoc creator/import/gnu/arm/4.9.3/bin/../lib/gcc/arm-none-eabi/4.9.3/../../../../arm-none-eabi/lib/armv7-m\libg_nano.a(lib_a-nano-reallocr.o)
 .ARM.attributes
                0x00000918       0x2d c:/program files (x86)/cypress/psoc creator/3.3/psoc creator/import/gnu/arm/4.9.3/bin/../lib/gcc/arm-none-eabi/4.9.3/../../../../arm-none-eabi/lib/armv7-m\libg_nano.a(lib_a-reent.o)
 .ARM.attributes
                0x00000945       0x2d c:/program files (x86)/cypress/psoc creator/3.3/psoc creator/import/gnu/arm/4.9.3/bin/../lib/gcc/arm-none-eabi/4.9.3/../../../../arm-none-eabi/lib/armv7-m\libg_nano.a(lib_a-nano-msizer.o)
 .ARM.attributes
                0x00000972       0x1d c:/program files (x86)/cypress/psoc creator/3.3/psoc creator/import/gnu/arm/4.9.3/bin/../lib/gcc/arm-none-eabi/4.9.3/armv7-m\libgcc.a(_arm_fixdfsi.o)
 .ARM.attributes
                0x0000098f       0x2d c:/program files (x86)/cypress/psoc creator/3.3/psoc creator/import/gnu/arm/4.9.3/bin/../lib/gcc/arm-none-eabi/4.9.3/armv7-m/crtend.o
 .ARM.attributes
                0x000009bc       0x1d c:/program files (x86)/cypress/psoc creator/3.3/psoc creator/import/gnu/arm/4.9.3/bin/../lib/gcc/arm-none-eabi/4.9.3/armv7-m/crtn.o

/DISCARD/
 *(.note.GNU-stack)
OUTPUT(.\ARM_GCC_493\Debug\ADC_SAR_PrISM01.elf elf32-littlearm)
