Archive member included because of file (symbol)

.\ARM_GCC_493\Debug\EasyBoard.a(cyfitter_cfg.o)
                              .\ARM_GCC_493\Debug\Cm3Start.o (cyfitter_cfg)
.\ARM_GCC_493\Debug\EasyBoard.a(LCD.o)
                              .\ARM_GCC_493\Debug\main.o (LCD_Start)
.\ARM_GCC_493\Debug\EasyBoard.a(CyBootAsmGnu.o)
                              .\ARM_GCC_493\Debug\EasyBoard.a(cyfitter_cfg.o) (CyDelayCycles)
.\ARM_GCC_493\Debug\EasyBoard.a(CyDmac.o)
                              .\ARM_GCC_493\Debug\Cm3Start.o (CyDmacConfigure)
.\ARM_GCC_493\Debug\EasyBoard.a(CyLib.o)
                              .\ARM_GCC_493\Debug\Cm3Start.o (CyResetStatus)
.\ARM_GCC_493\Debug\EasyBoard.a(cyPm.o)
                              .\ARM_GCC_493\Debug\EasyBoard.a(CyLib.o) (CyPmReadStatus)
.\ARM_GCC_493\Debug\EasyBoard.a(USBUART.o)
                              .\ARM_GCC_493\Debug\main.o (USBUART_Start)
.\ARM_GCC_493\Debug\EasyBoard.a(USBUART_cdc.o)
                              .\ARM_GCC_493\Debug\main.o (USBUART_CDC_Init)
.\ARM_GCC_493\Debug\EasyBoard.a(USBUART_drv.o)
                              .\ARM_GCC_493\Debug\EasyBoard.a(USBUART.o) (USBUART_EP)
.\ARM_GCC_493\Debug\EasyBoard.a(USBUART_episr.o)
                              .\ARM_GCC_493\Debug\EasyBoard.a(USBUART.o) (USBUART_EP_1_ISR)
.\ARM_GCC_493\Debug\EasyBoard.a(USBUART_pm.o)
                              .\ARM_GCC_493\Debug\EasyBoard.a(USBUART.o) (USBUART_DP_ISR)
.\ARM_GCC_493\Debug\EasyBoard.a(USBUART_std.o)
                              .\ARM_GCC_493\Debug\EasyBoard.a(USBUART_drv.o) (USBUART_HandleStandardRqst)
.\ARM_GCC_493\Debug\EasyBoard.a(USBUART_vnd.o)
                              .\ARM_GCC_493\Debug\EasyBoard.a(USBUART_drv.o) (USBUART_HandleVendorRqst)
.\ARM_GCC_493\Debug\EasyBoard.a(USBUART_Dp.o)
                              .\ARM_GCC_493\Debug\EasyBoard.a(USBUART_pm.o) (USBUART_Dp_ClearInterrupt)
.\ARM_GCC_493\Debug\EasyBoard.a(WaveDAC_1.o)
                              .\ARM_GCC_493\Debug\main.o (WaveDAC_1_Start)
.\ARM_GCC_493\Debug\EasyBoard.a(WaveDAC_1_Wave1_DMA_dma.o)
                              .\ARM_GCC_493\Debug\EasyBoard.a(WaveDAC_1.o) (WaveDAC_1_Wave1_DMA_DmaInitialize)
.\ARM_GCC_493\Debug\EasyBoard.a(WaveDAC_1_Wave2_DMA_dma.o)
                              .\ARM_GCC_493\Debug\EasyBoard.a(WaveDAC_1.o) (WaveDAC_1_Wave2_DMA_DmaInitialize)
.\ARM_GCC_493\Debug\EasyBoard.a(WaveDAC_1_IDAC8.o)
                              .\ARM_GCC_493\Debug\EasyBoard.a(WaveDAC_1.o) (WaveDAC_1_IDAC8_Init)
.\ARM_GCC_493\Debug\EasyBoard.a(WaveDAC_0.o)
                              .\ARM_GCC_493\Debug\main.o (WaveDAC_0_Start)
.\ARM_GCC_493\Debug\EasyBoard.a(WaveDAC_0_Wave1_DMA_dma.o)
                              .\ARM_GCC_493\Debug\EasyBoard.a(WaveDAC_0.o) (WaveDAC_0_Wave1_DMA_DmaInitialize)
.\ARM_GCC_493\Debug\EasyBoard.a(WaveDAC_0_Wave2_DMA_dma.o)
                              .\ARM_GCC_493\Debug\EasyBoard.a(WaveDAC_0.o) (WaveDAC_0_Wave2_DMA_DmaInitialize)
.\ARM_GCC_493\Debug\EasyBoard.a(WaveDAC_0_IDAC8.o)
                              .\ARM_GCC_493\Debug\EasyBoard.a(WaveDAC_0.o) (WaveDAC_0_IDAC8_Init)
.\ARM_GCC_493\Debug\EasyBoard.a(WaveDAC_0_Clock.o)
                              .\ARM_GCC_493\Debug\main.o (WaveDAC_0_Clock_Start)
.\ARM_GCC_493\Debug\EasyBoard.a(WaveDAC_1_Clock.o)
                              .\ARM_GCC_493\Debug\main.o (WaveDAC_1_Clock_Start)
.\ARM_GCC_493\Debug\EasyBoard.a(SPI_FNG0.o)
                              .\ARM_GCC_493\Debug\main.o (SPI_FNG0_Start)
.\ARM_GCC_493\Debug\EasyBoard.a(SPI_FNG0_INT.o)
                              .\ARM_GCC_493\Debug\EasyBoard.a(SPI_FNG0.o) (SPI_FNG0_TX_ISR)
.\ARM_GCC_493\Debug\EasyBoard.a(Scope0_ADC.o)
                              .\ARM_GCC_493\Debug\main.o (Scope0_ADC_StartConvert)
.\ARM_GCC_493\Debug\EasyBoard.a(Scope0_ADC_INT.o)
                              .\ARM_GCC_493\Debug\EasyBoard.a(Scope0_ADC.o) (Scope0_ADC_ISR)
.\ARM_GCC_493\Debug\EasyBoard.a(Scope0_ADC_theACLK.o)
                              .\ARM_GCC_493\Debug\EasyBoard.a(Scope0_ADC.o) (Scope0_ADC_theACLK_SetModeRegister)
.\ARM_GCC_493\Debug\EasyBoard.a(LED_0.o)
                              .\ARM_GCC_493\Debug\main.o (LED_0_Write)
.\ARM_GCC_493\Debug\EasyBoard.a(LED_1.o)
                              .\ARM_GCC_493\Debug\main.o (LED_1_Write)
.\ARM_GCC_493\Debug\EasyBoard.a(SPIS.o)
                              .\ARM_GCC_493\Debug\main.o (SPIS_ReadRxStatus)
.\ARM_GCC_493\Debug\EasyBoard.a(CyFlash.o)
                              .\ARM_GCC_493\Debug\EasyBoard.a(cyPm.o) (CyFlash_SetWaitCycles)
.\ARM_GCC_493\Debug\EasyBoard.a(CySpc.o)
                              .\ARM_GCC_493\Debug\EasyBoard.a(CyFlash.o) (CySpcStart)
.\ARM_GCC_493\Debug\EasyBoard.a(USBUART_cls.o)
                              .\ARM_GCC_493\Debug\EasyBoard.a(USBUART_drv.o) (USBUART_DispatchClassRqst)
.\ARM_GCC_493\Debug\EasyBoard.a(USBUART_descr.o)
                              .\ARM_GCC_493\Debug\EasyBoard.a(USBUART_std.o) (USBUART_DEVICE0_DESCR)
[...]
Memory Configuration

Name             Origin             Length             Attributes
rom              0x00000000         0x00040000         xr
ram              0x1fff8000         0x00010000         xrw
*default*        0x00000000         0xffffffff

Linker script and memory map

LOAD c:/program files (x86)/cypress/psoc creator/3.3/psoc creator/import/gnu/arm/4.9.3/bin/../lib/gcc/arm-none-eabi/4.9.3/armv7-m/crti.o
LOAD c:/program files (x86)/cypress/psoc creator/3.3/psoc creator/import/gnu/arm/4.9.3/bin/../lib/gcc/arm-none-eabi/4.9.3/armv7-m/crtbegin.o
LOAD c:/program files (x86)/cypress/psoc creator/3.3/psoc creator/import/gnu/arm/4.9.3/bin/../lib/gcc/arm-none-eabi/4.9.3/../../../../arm-none-eabi/lib/armv7-m/crt0.o
START GROUP
LOAD .\ARM_GCC_493\Debug\main.o
LOAD .\ARM_GCC_493\Debug\FunctionGenerator.o
LOAD .\ARM_GCC_493\Debug\Serial.o
LOAD .\ARM_GCC_493\Debug\StringHelpers.o
LOAD .\ARM_GCC_493\Debug\cymetadata.o
LOAD .\ARM_GCC_493\Debug\Cm3Start.o
LOAD .\ARM_GCC_493\Debug\EasyBoard.a
LOAD C:\Program Files (x86)\Cypress\PSoC Creator\3.3\PSoC Creator\psoc\content\cycomponentlibrary\CyComponentLibrary.cylib\CortexM3\ARM_GCC_493\Debug\CyComponentLibrary.a
LOAD c:/program files (x86)/cypress/psoc creator/3.3/psoc creator/import/gnu/arm/4.9.3/bin/../lib/gcc/arm-none-eabi/4.9.3/../../../../arm-none-eabi/lib/armv7-m\libm.a
END GROUP
START GROUP
LOAD c:/program files (x86)/cypress/psoc creator/3.3/psoc creator/import/gnu/arm/4.9.3/bin/../lib/gcc/arm-none-eabi/4.9.3/armv7-m\libgcc.a
LOAD c:/program files (x86)/cypress/psoc creator/3.3/psoc creator/import/gnu/arm/4.9.3/bin/../lib/gcc/arm-none-eabi/4.9.3/../../../../arm-none-eabi/lib/armv7-m\libg_nano.a
LOAD c:/program files (x86)/cypress/psoc creator/3.3/psoc creator/import/gnu/arm/4.9.3/bin/../lib/gcc/arm-none-eabi/4.9.3/../../../../arm-none-eabi/lib/armv7-m\libc_nano.a
END GROUP
START GROUP
LOAD c:/program files (x86)/cypress/psoc creator/3.3/psoc creator/import/gnu/arm/4.9.3/bin/../lib/gcc/arm-none-eabi/4.9.3/armv7-m\libgcc.a
LOAD c:/program files (x86)/cypress/psoc creator/3.3/psoc creator/import/gnu/arm/4.9.3/bin/../lib/gcc/arm-none-eabi/4.9.3/../../../../arm-none-eabi/lib/armv7-m\libc_nano.a
END GROUP
LOAD c:/program files (x86)/cypress/psoc creator/3.3/psoc creator/import/gnu/arm/4.9.3/bin/../lib/gcc/arm-none-eabi/4.9.3/armv7-m/crtend.o
LOAD c:/program files (x86)/cypress/psoc creator/3.3/psoc creator/import/gnu/arm/4.9.3/bin/../lib/gcc/arm-none-eabi/4.9.3/armv7-m/crtn.o
START GROUP
LOAD c:/program files (x86)/cypress/psoc creator/3.3/psoc creator/import/gnu/arm/4.9.3/bin/../lib/gcc/arm-none-eabi/4.9.3/armv7-m\libgcc.a
LOAD c:/program files (x86)/cypress/psoc creator/3.3/psoc creator/import/gnu/arm/4.9.3/bin/../lib/gcc/arm-none-eabi/4.9.3/../../../../arm-none-eabi/lib/armv7-m\libc.a
LOAD c:/program files (x86)/cypress/psoc creator/3.3/psoc creator/import/gnu/arm/4.9.3/bin/../lib/gcc/arm-none-eabi/4.9.3/../../../../arm-none-eabi/lib/armv7-m\libnosys.a
END GROUP
                0x00000000                CY_APPL_ORIGIN = 0x0
                0x00000100                CY_FLASH_ROW_SIZE = 0x100
                0x00000020                CY_ECC_ROW_SIZE = 0x20
                0x00000000                CY_EE_IN_BTLDR = 0x0
                0x00000000                CY_APPL_LOADABLE = 0x0
                0x00000800                CY_EE_SIZE = 0x800
                0x00000001                CY_APPL_NUM = 0x1
                0x00000001                CY_APPL_MAX = 0x1
                0x00000040                CY_METADATA_SIZE = 0x40
                0x00000000                CY_APPL_LOADABLE = 0x0
                0x00000000                CY_CHECKSUM_EXCLUDE_SIZE = ALIGN (0x0, CY_FLASH_ROW_SIZE)
                0x1fffa1b8                PROVIDE (__cy_heap_start, _end)
                0x00000001                PROVIDE (__cy_region_num, ((__cy_regions_end - __cy_regions) / 0x10))
                0x20008000                PROVIDE (__cy_stack, (ORIGIN (ram) + 0x10000))
                0x20007800                PROVIDE (__cy_heap_end, (__cy_stack - 0x800))

.cybootloader   0x00000000        0x0
 *(.cybootloader)
                0x00000000                appl1_start = CY_APPL_ORIGIN?CY_APPL_ORIGIN:ALIGN (CY_FLASH_ROW_SIZE)
                0x0001ff00                appl2_start = (appl1_start + ALIGN ((((0x40000 - appl1_start) - (0x2 * CY_FLASH_ROW_SIZE)) / 0x2), CY_FLASH_ROW_SIZE))
                0x00000000                appl_start = (CY_APPL_NUM == 0x1)?appl1_start:appl2_start
                0x00000000                ecc_offset = ((appl_start / CY_FLASH_ROW_SIZE) * CY_ECC_ROW_SIZE)
                0x00000000                ee_offset = (CY_APPL_LOADABLE && ! (CY_EE_IN_BTLDR))?((CY_EE_SIZE / CY_APPL_MAX) * (CY_APPL_NUM - 0x1)):0x0
                0x00000800                ee_size = (CY_APPL_LOADABLE && ! (CY_EE_IN_BTLDR))?(CY_EE_SIZE / CY_APPL_MAX):CY_EE_SIZE
                0x00000000                PROVIDE (CY_ECC_OFFSET, ecc_offset)

.text           0x00000000     0x6dc6
 CREATE_OBJECT_SYMBOLS
                0x00000000                PROVIDE (__cy_interrupt_vector, RomVectors)
 *(.romvectors)
 .romvectors    0x00000000       0x10 .\ARM_GCC_493\Debug\Cm3Start.o
                0x00000000                RomVectors
                0x00000001                ASSERT ((. != __cy_interrupt_vector), No interrupt vector)
                0x00000001                ASSERT (CY_APPL_ORIGIN?(SIZEOF (.cybootloader) <= CY_APPL_ORIGIN):0x1, Wrong image location)
                0x00000010                PROVIDE (__cy_reset, Reset)
 *(.text.Reset)
 .text.Reset    0x00000010       0x18 .\ARM_GCC_493\Debug\Cm3Start.o
                0x00000010                Reset
                0x00000001                ASSERT ((. != __cy_reset), No reset code)
 *(.dma_init)
 .dma_init      0x00000028      0x270 .\ARM_GCC_493\Debug\EasyBoard.a(cyfitter_cfg.o)
                0x00000001                ASSERT ((((appl_start + .) <= 0x10000) || 0x0), DMA Init must be within the first 64k of flash)
 *(.text .text.* .gnu.linkonce.t.*)
 .text          0x00000298       0x5c c:/program files (x86)/cypress/psoc creator/3.3/psoc creator/import/gnu/arm/4.9.3/bin/../lib/gcc/arm-none-eabi/4.9.3/armv7-m/crtbegin.o
 .text.PSOC5_Init
                0x000002f4       0x38 .\ARM_GCC_493\Debug\main.o
                0x000002f4                PSOC5_Init
 .text.SetDigitalPot
                0x0000032c       0x20 .\ARM_GCC_493\Debug\main.o
                0x0000032c                SetDigitalPot
 .text.initializeFng
                0x0000034c       0x44 .\ARM_GCC_493\Debug\main.o
                0x0000034c                initializeFng
 .text.initializeScope
                0x00000390       0x30 .\ARM_GCC_493\Debug\main.o
                0x00000390                initializeScope
 .text.initializeState
                0x000003c0       0x3c .\ARM_GCC_493\Debug\main.o
                0x000003c0                initializeState
 .text.getFngCommand
                0x000003fc       0x54 .\ARM_GCC_493\Debug\main.o
                0x000003fc                getFngCommand
 .text.getFng   0x00000450       0x30 .\ARM_GCC_493\Debug\main.o
                0x00000450                getFng
 .text.disableFng
                0x00000480       0x20 .\ARM_GCC_493\Debug\main.o
                0x00000480                disableFng
 .text.setFngFreq
                0x000004a0       0x34 .\ARM_GCC_493\Debug\main.o
                0x000004a0                setFngFreq
 .text.setFngShape
                0x000004d4       0x38 .\ARM_GCC_493\Debug\main.o
                0x000004d4                setFngShape
 .text.setFngVoltage
                0x0000050c       0x2c .\ARM_GCC_493\Debug\main.o
                0x0000050c                setFngVoltage
 .text.main     0x00000538      0x3e0 .\ARM_GCC_493\Debug\main.o
                0x00000538                main
 .text.StopWaveDac
                0x00000918       0x38 .\ARM_GCC_493\Debug\FunctionGenerator.o
                0x00000918                StopWaveDac
 .text.StartWaveDac
                0x00000950       0x98 .\ARM_GCC_493\Debug\FunctionGenerator.o
                0x00000950                StartWaveDac
 .text.SetSquare
                0x000009e8       0x50 .\ARM_GCC_493\Debug\FunctionGenerator.o
                0x000009e8                SetSquare
 .text.SetSine  0x00000a38       0xc0 .\ARM_GCC_493\Debug\FunctionGenerator.o
                0x00000a38                SetSine
 .text.SetTriangle
                0x00000af8      0x100 .\ARM_GCC_493\Debug\FunctionGenerator.o
                0x00000af8                SetTriangle
 .text.SetSawtooth
                0x00000bf8       0x78 .\ARM_GCC_493\Debug\FunctionGenerator.o
                0x00000bf8                SetSawtooth
 .text.SetDC    0x00000c70       0x34 .\ARM_GCC_493\Debug\FunctionGenerator.o
                0x00000c70                SetDC
 .text.SetWaveform
                0x00000ca4       0x64 .\ARM_GCC_493\Debug\FunctionGenerator.o
                0x00000ca4                SetWaveform
 .text.GetCurrentWaveform
                0x00000d08       0x44 .\ARM_GCC_493\Debug\FunctionGenerator.o
                0x00000d08                GetCurrentWaveform
 .text.ChangeFrequency
                0x00000d4c       0xb4 .\ARM_GCC_493\Debug\FunctionGenerator.o
                0x00000d4c                ChangeFrequency
 .text.IntDefaultHandler
                0x00000e00        0x8 .\ARM_GCC_493\Debug\Cm3Start.o
                0x00000e00                IntDefaultHandler
 .text.Start_c  0x00000e08       0x98 .\ARM_GCC_493\Debug\Cm3Start.o
                0x00000e08                Start_c
 .text.initialize_psoc
                0x00000ea0       0x90 .\ARM_GCC_493\Debug\Cm3Start.o
                0x00000ea0                initialize_psoc
 .text.CYMEMZERO
                0x00000f30       0x1c .\ARM_GCC_493\Debug\EasyBoard.a(cyfitter_cfg.o)
 .text.CYCONFIGCPY
                0x00000f4c       0x1c .\ARM_GCC_493\Debug\EasyBoard.a(cyfitter_cfg.o)
 .text.CyClockStartupError
                0x00000f68        0xc .\ARM_GCC_493\Debug\EasyBoard.a(cyfitter_cfg.o)
 .text.cfg_dma_init
                0x00000f74      0x180 .\ARM_GCC_493\Debug\EasyBoard.a(cyfitter_cfg.o)
 .text.ClockSetup
                0x000010f4      0x168 .\ARM_GCC_493\Debug\EasyBoard.a(cyfitter_cfg.o)
 .text.AnalogSetDefault
                0x0000125c       0xe8 .\ARM_GCC_493\Debug\EasyBoard.a(cyfitter_cfg.o)
 .text.cyfitter_cfg
                0x00001344      0x168 .\ARM_GCC_493\Debug\EasyBoard.a(cyfitter_cfg.o)
                0x00001344                cyfitter_cfg
 .text.LCD_Init
                0x000014ac       0x6c .\ARM_GCC_493\Debug\EasyBoard.a(LCD.o)
                0x000014ac                LCD_Init
 .text.LCD_Enable
                0x00001518       0x18 .\ARM_GCC_493\Debug\EasyBoard.a(LCD.o)
                0x00001518                LCD_Enable
 .text.LCD_Start
                0x00001530       0x20 .\ARM_GCC_493\Debug\EasyBoard.a(LCD.o)
                0x00001530                LCD_Start
 .text.LCD_Position
                0x00001550       0x6c .\ARM_GCC_493\Debug\EasyBoard.a(LCD.o)
                0x00001550                LCD_Position
 .text.LCD_PrintString
                0x000015bc       0x38 .\ARM_GCC_493\Debug\EasyBoard.a(LCD.o)
                0x000015bc                LCD_PrintString
 .text.LCD_PutChar
                0x000015f4       0x18 .\ARM_GCC_493\Debug\EasyBoard.a(LCD.o)
                0x000015f4                LCD_PutChar
 .text.LCD_WriteData
                0x0000160c       0x34 .\ARM_GCC_493\Debug\EasyBoard.a(LCD.o)
                0x0000160c                LCD_WriteData
 .text.LCD_WriteControl
                0x00001640       0x34 .\ARM_GCC_493\Debug\EasyBoard.a(LCD.o)
                0x00001640                LCD_WriteControl
 .text.LCD_IsReady
                0x00001674      0x178 .\ARM_GCC_493\Debug\EasyBoard.a(LCD.o)
                0x00001674                LCD_IsReady
 .text.LCD_WrDatNib
                0x000017ec       0x78 .\ARM_GCC_493\Debug\EasyBoard.a(LCD.o)
 .text.LCD_WrCntrlNib
                0x00001864       0x60 .\ARM_GCC_493\Debug\EasyBoard.a(LCD.o)
 .text.LCD_PrintInt8
                0x000018c4       0x38 .\ARM_GCC_493\Debug\EasyBoard.a(LCD.o)
                0x000018c4                LCD_PrintInt8
 .text.LCD_PrintInt16
                0x000018fc       0x28 .\ARM_GCC_493\Debug\EasyBoard.a(LCD.o)
                0x000018fc                LCD_PrintInt16
 *fill*         0x00001924        0x4 
 .text          0x00001928       0x20 .\ARM_GCC_493\Debug\EasyBoard.a(CyBootAsmGnu.o)
                0x00001928                CyDelayCycles
                0x00001938                CyEnterCriticalSection
                0x00001940                CyExitCriticalSection
 .text.CyDmacConfigure
                0x00001948       0x5c .\ARM_GCC_493\Debug\EasyBoard.a(CyDmac.o)
                0x00001948                CyDmacConfigure
 .text.CyDmaChEnable
                0x000019a4       0x8c .\ARM_GCC_493\Debug\EasyBoard.a(CyDmac.o)
                0x000019a4                CyDmaChEnable
 .text.CyDmaChDisable
                0x00001a30       0x64 .\ARM_GCC_493\Debug\EasyBoard.a(CyDmac.o)
                0x00001a30                CyDmaChDisable
 .text.CyDmaChPriority
                0x00001a94       0x60 .\ARM_GCC_493\Debug\EasyBoard.a(CyDmac.o)
                0x00001a94                CyDmaChPriority
 .text.CyDmaChSetExtendedAddress
                0x00001af4       0x7c .\ARM_GCC_493\Debug\EasyBoard.a(CyDmac.o)
                0x00001af4                CyDmaChSetExtendedAddress
 .text.CyDmaChSetInitialTd
                0x00001b70       0x3c .\ARM_GCC_493\Debug\EasyBoard.a(CyDmac.o)
                0x00001b70                CyDmaChSetInitialTd
 .text.CyDmaChSetConfiguration
                0x00001bac       0xa0 .\ARM_GCC_493\Debug\EasyBoard.a(CyDmac.o)
                0x00001bac                CyDmaChSetConfiguration
 .text.CyDmaTdAllocate
                0x00001c4c       0x5c .\ARM_GCC_493\Debug\EasyBoard.a(CyDmac.o)
                0x00001c4c                CyDmaTdAllocate
 .text.CyDmaTdSetConfiguration
                0x00001ca8       0x80 .\ARM_GCC_493\Debug\EasyBoard.a(CyDmac.o)
                0x00001ca8                CyDmaTdSetConfiguration
 .text.CyDmaTdSetAddress
                0x00001d28       0x5c .\ARM_GCC_493\Debug\EasyBoard.a(CyDmac.o)
                0x00001d28                CyDmaTdSetAddress
 .text.CyHalt   0x00001d84       0x18 .\ARM_GCC_493\Debug\EasyBoard.a(CyLib.o)
                0x00001d84                CyHalt
 .text.CyDelay  0x00001d9c       0x44 .\ARM_GCC_493\Debug\EasyBoard.a(CyLib.o)
                0x00001d9c                CyDelay
 .text.CyDelayUs
                0x00001de0       0x24 .\ARM_GCC_493\Debug\EasyBoard.a(CyLib.o)
                0x00001de0                CyDelayUs
 .text.CyIntSetVector
                0x00001e04       0x50 .\ARM_GCC_493\Debug\EasyBoard.a(CyLib.o)
                0x00001e04                CyIntSetVector
 .text.CyIntSetPriority
                0x00001e54       0x44 .\ARM_GCC_493\Debug\EasyBoard.a(CyLib.o)
                0x00001e54                CyIntSetPriority
 .text.CyGetUniqueId
                0x00001e98       0xc4 .\ARM_GCC_493\Debug\EasyBoard.a(CyLib.o)
                0x00001e98                CyGetUniqueId
 .text.USBUART_Start
                0x00001f5c       0x38 .\ARM_GCC_493\Debug\EasyBoard.a(USBUART.o)
                0x00001f5c                USBUART_Start
 .text.USBUART_Init
                0x00001f94      0x1a0 .\ARM_GCC_493\Debug\EasyBoard.a(USBUART.o)
                0x00001f94                USBUART_Init
 .text.USBUART_InitComponent
                0x00002134      0x100 .\ARM_GCC_493\Debug\EasyBoard.a(USBUART.o)
                0x00002134                USBUART_InitComponent
 .text.USBUART_ReInitComponent
                0x00002234       0x68 .\ARM_GCC_493\Debug\EasyBoard.a(USBUART.o)
                0x00002234                USBUART_ReInitComponent
 .text.USBUART_EnableOutEP
                0x0000229c       0x54 .\ARM_GCC_493\Debug\EasyBoard.a(USBUART.o)
                0x0000229c                USBUART_EnableOutEP
 .text.USBUART_DispatchCDCClassRqst
                0x000022f0       0xe8 .\ARM_GCC_493\Debug\EasyBoard.a(USBUART_cdc.o)
                0x000022f0                USBUART_DispatchCDCClassRqst
 .text.USBUART_GetInterfaceComPort
                0x000023d8       0x60 .\ARM_GCC_493\Debug\EasyBoard.a(USBUART_cdc.o)
                0x000023d8                USBUART_GetInterfaceComPort
 .text.USBUART_CDC_Init
                0x00002438       0xa8 .\ARM_GCC_493\Debug\EasyBoard.a(USBUART_cdc.o)
                0x00002438                USBUART_CDC_Init
 .text.USBUART_Cdc_EpInit
                0x000024e0       0x94 .\ARM_GCC_493\Debug\EasyBoard.a(USBUART_cdc.o)
                0x000024e0                USBUART_Cdc_EpInit
 .text.USBUART_EP_0_ISR
                0x00002574       0xf8 .\ARM_GCC_493\Debug\EasyBoard.a(USBUART_drv.o)
                0x00002574                USBUART_EP_0_ISR
 .text.USBUART_HandleSetup
                0x0000266c       0x88 .\ARM_GCC_493\Debug\EasyBoard.a(USBUART_drv.o)
                0x0000266c                USBUART_HandleSetup
 .text.USBUART_HandleIN
                0x000026f4       0x4c .\ARM_GCC_493\Debug\EasyBoard.a(USBUART_drv.o)
                0x000026f4                USBUART_HandleIN
 .text.USBUART_HandleOUT
                0x00002740       0x58 .\ARM_GCC_493\Debug\EasyBoard.a(USBUART_drv.o)
                0x00002740                USBUART_HandleOUT
 .text.USBUART_LoadEP0
                0x00002798       0xd0 .\ARM_GCC_493\Debug\EasyBoard.a(USBUART_drv.o)
                0x00002798                USBUART_LoadEP0
 .text.USBUART_InitControlRead
                0x00002868       0x70 .\ARM_GCC_493\Debug\EasyBoard.a(USBUART_drv.o)
                0x00002868                USBUART_InitControlRead
 .text.USBUART_InitZeroLengthControlTransfer
                0x000028d8       0x44 .\ARM_GCC_493\Debug\EasyBoard.a(USBUART_drv.o)
                0x000028d8                USBUART_InitZeroLengthControlTransfer
 .text.USBUART_ControlReadDataStage
                0x0000291c        0xc .\ARM_GCC_493\Debug\EasyBoard.a(USBUART_drv.o)
                0x0000291c                USBUART_ControlReadDataStage
 .text.USBUART_ControlReadStatusStage
                0x00002928       0x40 .\ARM_GCC_493\Debug\EasyBoard.a(USBUART_drv.o)
                0x00002928                USBUART_ControlReadStatusStage
 .text.USBUART_InitControlWrite
                0x00002968       0x64 .\ARM_GCC_493\Debug\EasyBoard.a(USBUART_drv.o)
                0x00002968                USBUART_InitControlWrite
 .text.USBUART_ControlWriteDataStage
                0x000029cc       0xb4 .\ARM_GCC_493\Debug\EasyBoard.a(USBUART_drv.o)
                0x000029cc                USBUART_ControlWriteDataStage
 .text.USBUART_ControlWriteStatusStage
                0x00002a80       0x20 .\ARM_GCC_493\Debug\EasyBoard.a(USBUART_drv.o)
                0x00002a80                USBUART_ControlWriteStatusStage
 .text.USBUART_InitNoDataControlTransfer
                0x00002aa0       0x38 .\ARM_GCC_493\Debug\EasyBoard.a(USBUART_drv.o)
                0x00002aa0                USBUART_InitNoDataControlTransfer
 .text.USBUART_NoDataControlStatusStage
                0x00002ad8       0x48 .\ARM_GCC_493\Debug\EasyBoard.a(USBUART_drv.o)
                0x00002ad8                USBUART_NoDataControlStatusStage
 .text.USBUART_UpdateStatusBlock
                0x00002b20       0x40 .\ARM_GCC_493\Debug\EasyBoard.a(USBUART_drv.o)
                0x00002b20                USBUART_UpdateStatusBlock
 .text.USBUART_InitializeStatusBlock
                0x00002b60       0x34 .\ARM_GCC_493\Debug\EasyBoard.a(USBUART_drv.o)
                0x00002b60                USBUART_InitializeStatusBlock
 .text.USBUART_EP_1_ISR
                0x00002b94       0x54 .\ARM_GCC_493\Debug\EasyBoard.a(USBUART_episr.o)
                0x00002b94                USBUART_EP_1_ISR
 .text.USBUART_EP_2_ISR
                0x00002be8       0x54 .\ARM_GCC_493\Debug\EasyBoard.a(USBUART_episr.o)
                0x00002be8                USBUART_EP_2_ISR
 .text.USBUART_EP_3_ISR
                0x00002c3c       0x5c .\ARM_GCC_493\Debug\EasyBoard.a(USBUART_episr.o)
                0x00002c3c                USBUART_EP_3_ISR
 .text.USBUART_SOF_ISR
                0x00002c98        0xc .\ARM_GCC_493\Debug\EasyBoard.a(USBUART_episr.o)
                0x00002c98                USBUART_SOF_ISR
 .text.USBUART_BUS_RESET_ISR
                0x00002ca4        0xc .\ARM_GCC_493\Debug\EasyBoard.a(USBUART_episr.o)
                0x00002ca4                USBUART_BUS_RESET_ISR
 .text.USBUART_DP_ISR
                0x00002cb0        0xc .\ARM_GCC_493\Debug\EasyBoard.a(USBUART_pm.o)
                0x00002cb0                USBUART_DP_ISR
 .text.USBUART_HandleStandardRqst
                0x00002cbc      0x47c .\ARM_GCC_493\Debug\EasyBoard.a(USBUART_std.o)
                0x00002cbc                USBUART_HandleStandardRqst
 .text.USBUART_ReadDieID
                0x00003138       0xd4 .\ARM_GCC_493\Debug\EasyBoard.a(USBUART_std.o)
                0x00003138                USBUART_ReadDieID
 .text.USBUART_ConfigReg
                0x0000320c      0x11c .\ARM_GCC_493\Debug\EasyBoard.a(USBUART_std.o)
                0x0000320c                USBUART_ConfigReg
 .text.USBUART_Config
                0x00003328      0x3a4 .\ARM_GCC_493\Debug\EasyBoard.a(USBUART_std.o)
                0x00003328                USBUART_Config
 .text.USBUART_ConfigAltChanged
                0x000036cc      0x23c .\ARM_GCC_493\Debug\EasyBoard.a(USBUART_std.o)
                0x000036cc                USBUART_ConfigAltChanged
 .text.USBUART_GetConfigTablePtr
                0x00003908       0x54 .\ARM_GCC_493\Debug\EasyBoard.a(USBUART_std.o)
                0x00003908                USBUART_GetConfigTablePtr
 .text.USBUART_GetDeviceTablePtr
                0x0000395c       0x24 .\ARM_GCC_493\Debug\EasyBoard.a(USBUART_std.o)
                0x0000395c                USBUART_GetDeviceTablePtr
 .text.USBUART_GetInterfaceClassTablePtr
                0x00003980       0x4c .\ARM_GCC_493\Debug\EasyBoard.a(USBUART_std.o)
                0x00003980                USBUART_GetInterfaceClassTablePtr
 .text.USBUART_SetEndpointHalt
                0x000039cc       0xdc .\ARM_GCC_493\Debug\EasyBoard.a(USBUART_std.o)
                0x000039cc                USBUART_SetEndpointHalt
 .text.USBUART_ClearEndpointHalt
                0x00003aa8      0x130 .\ARM_GCC_493\Debug\EasyBoard.a(USBUART_std.o)
                0x00003aa8                USBUART_ClearEndpointHalt
 .text.USBUART_ValidateAlternateSetting
                0x00003bd8       0x70 .\ARM_GCC_493\Debug\EasyBoard.a(USBUART_std.o)
                0x00003bd8                USBUART_ValidateAlternateSetting
 .text.USBUART_HandleVendorRqst
                0x00003c48       0x38 .\ARM_GCC_493\Debug\EasyBoard.a(USBUART_vnd.o)
                0x00003c48                USBUART_HandleVendorRqst
 .text.USBUART_Dp_ClearInterrupt
                0x00003c80       0x20 .\ARM_GCC_493\Debug\EasyBoard.a(USBUART_Dp.o)
                0x00003c80                USBUART_Dp_ClearInterrupt
 .text.WaveDAC_1_Init
                0x00003ca0       0x54 .\ARM_GCC_493\Debug\EasyBoard.a(WaveDAC_1.o)
                0x00003ca0                WaveDAC_1_Init
 .text.WaveDAC_1_Enable
                0x00003cf4       0x30 .\ARM_GCC_493\Debug\EasyBoard.a(WaveDAC_1.o)
                0x00003cf4                WaveDAC_1_Enable
 .text.WaveDAC_1_Start
                0x00003d24       0x20 .\ARM_GCC_493\Debug\EasyBoard.a(WaveDAC_1.o)
                0x00003d24                WaveDAC_1_Start
 .text.WaveDAC_1_StartEx
                0x00003d44       0x34 .\ARM_GCC_493\Debug\EasyBoard.a(WaveDAC_1.o)
                0x00003d44                WaveDAC_1_StartEx
 .text.WaveDAC_1_Stop
                0x00003d78       0x28 .\ARM_GCC_493\Debug\EasyBoard.a(WaveDAC_1.o)
                0x00003d78                WaveDAC_1_Stop
 .text.WaveDAC_1_Wave1Setup
                0x00003da0       0x70 .\ARM_GCC_493\Debug\EasyBoard.a(WaveDAC_1.o)
                0x00003da0                WaveDAC_1_Wave1Setup
 .text.WaveDAC_1_Wave2Setup
                0x00003e10       0x70 .\ARM_GCC_493\Debug\EasyBoard.a(WaveDAC_1.o)
                0x00003e10                WaveDAC_1_Wave2Setup
 .text.WaveDAC_1_Wave1_DMA_DmaInitialize
                0x00003e80       0x68 .\ARM_GCC_493\Debug\EasyBoard.a(WaveDAC_1_Wave1_DMA_dma.o)
                0x00003e80                WaveDAC_1_Wave1_DMA_DmaInitialize
 .text.WaveDAC_1_Wave2_DMA_DmaInitialize
                0x00003ee8       0x68 .\ARM_GCC_493\Debug\EasyBoard.a(WaveDAC_1_Wave2_DMA_dma.o)
                0x00003ee8                WaveDAC_1_Wave2_DMA_DmaInitialize
 .text.WaveDAC_1_IDAC8_Init
                0x00003f50       0x48 .\ARM_GCC_493\Debug\EasyBoard.a(WaveDAC_1_IDAC8.o)
                0x00003f50                WaveDAC_1_IDAC8_Init
 .text.WaveDAC_1_IDAC8_Enable
                0x00003f98       0x34 .\ARM_GCC_493\Debug\EasyBoard.a(WaveDAC_1_IDAC8.o)
                0x00003f98                WaveDAC_1_IDAC8_Enable
 .text.WaveDAC_1_IDAC8_Stop
                0x00003fcc       0x34 .\ARM_GCC_493\Debug\EasyBoard.a(WaveDAC_1_IDAC8.o)
                0x00003fcc                WaveDAC_1_IDAC8_Stop
 .text.WaveDAC_1_IDAC8_SetSpeed
                0x00004000       0x40 .\ARM_GCC_493\Debug\EasyBoard.a(WaveDAC_1_IDAC8.o)
                0x00004000                WaveDAC_1_IDAC8_SetSpeed
 .text.WaveDAC_1_IDAC8_SetPolarity
                0x00004040       0x40 .\ARM_GCC_493\Debug\EasyBoard.a(WaveDAC_1_IDAC8.o)
                0x00004040                WaveDAC_1_IDAC8_SetPolarity
 .text.WaveDAC_1_IDAC8_SetRange
                0x00004080       0x40 .\ARM_GCC_493\Debug\EasyBoard.a(WaveDAC_1_IDAC8.o)
                0x00004080                WaveDAC_1_IDAC8_SetRange
 .text.WaveDAC_1_IDAC8_SetValue
                0x000040c0       0x20 .\ARM_GCC_493\Debug\EasyBoard.a(WaveDAC_1_IDAC8.o)
                0x000040c0                WaveDAC_1_IDAC8_SetValue
 .text.WaveDAC_1_IDAC8_DacTrim
                0x000040e0       0x54 .\ARM_GCC_493\Debug\EasyBoard.a(WaveDAC_1_IDAC8.o)
                0x000040e0                WaveDAC_1_IDAC8_DacTrim
 .text.WaveDAC_0_Init
                0x00004134       0x58 .\ARM_GCC_493\Debug\EasyBoard.a(WaveDAC_0.o)
                0x00004134                WaveDAC_0_Init
 .text.WaveDAC_0_Enable
                0x0000418c       0x30 .\ARM_GCC_493\Debug\EasyBoard.a(WaveDAC_0.o)
                0x0000418c                WaveDAC_0_Enable
 .text.WaveDAC_0_Start
                0x000041bc       0x20 .\ARM_GCC_493\Debug\EasyBoard.a(WaveDAC_0.o)
                0x000041bc                WaveDAC_0_Start
 .text.WaveDAC_0_StartEx
                0x000041dc       0x34 .\ARM_GCC_493\Debug\EasyBoard.a(WaveDAC_0.o)
                0x000041dc                WaveDAC_0_StartEx
 .text.WaveDAC_0_Stop
                0x00004210       0x28 .\ARM_GCC_493\Debug\EasyBoard.a(WaveDAC_0.o)
                0x00004210                WaveDAC_0_Stop
 .text.WaveDAC_0_Wave1Setup
                0x00004238       0x70 .\ARM_GCC_493\Debug\EasyBoard.a(WaveDAC_0.o)
                0x00004238                WaveDAC_0_Wave1Setup
 .text.WaveDAC_0_Wave2Setup
                0x000042a8       0x70 .\ARM_GCC_493\Debug\EasyBoard.a(WaveDAC_0.o)
                0x000042a8                WaveDAC_0_Wave2Setup
 .text.WaveDAC_0_Wave1_DMA_DmaInitialize
                0x00004318       0x68 .\ARM_GCC_493\Debug\EasyBoard.a(WaveDAC_0_Wave1_DMA_dma.o)
                0x00004318                WaveDAC_0_Wave1_DMA_DmaInitialize
 .text.WaveDAC_0_Wave2_DMA_DmaInitialize
                0x00004380       0x68 .\ARM_GCC_493\Debug\EasyBoard.a(WaveDAC_0_Wave2_DMA_dma.o)
                0x00004380                WaveDAC_0_Wave2_DMA_DmaInitialize
 .text.WaveDAC_0_IDAC8_Init
                0x000043e8       0x48 .\ARM_GCC_493\Debug\EasyBoard.a(WaveDAC_0_IDAC8.o)
                0x000043e8                WaveDAC_0_IDAC8_Init
 .text.WaveDAC_0_IDAC8_Enable
                0x00004430       0x34 .\ARM_GCC_493\Debug\EasyBoard.a(WaveDAC_0_IDAC8.o)
                0x00004430                WaveDAC_0_IDAC8_Enable
 .text.WaveDAC_0_IDAC8_Stop
                0x00004464       0x34 .\ARM_GCC_493\Debug\EasyBoard.a(WaveDAC_0_IDAC8.o)
                0x00004464                WaveDAC_0_IDAC8_Stop
 .text.WaveDAC_0_IDAC8_SetSpeed
                0x00004498       0x40 .\ARM_GCC_493\Debug\EasyBoard.a(WaveDAC_0_IDAC8.o)
                0x00004498                WaveDAC_0_IDAC8_SetSpeed
 .text.WaveDAC_0_IDAC8_SetPolarity
                0x000044d8       0x40 .\ARM_GCC_493\Debug\EasyBoard.a(WaveDAC_0_IDAC8.o)
                0x000044d8                WaveDAC_0_IDAC8_SetPolarity
 .text.WaveDAC_0_IDAC8_SetRange
                0x00004518       0x40 .\ARM_GCC_493\Debug\EasyBoard.a(WaveDAC_0_IDAC8.o)
                0x00004518                WaveDAC_0_IDAC8_SetRange
 .text.WaveDAC_0_IDAC8_SetValue
                0x00004558       0x20 .\ARM_GCC_493\Debug\EasyBoard.a(WaveDAC_0_IDAC8.o)
                0x00004558                WaveDAC_0_IDAC8_SetValue
 .text.WaveDAC_0_IDAC8_DacTrim
                0x00004578       0x54 .\ARM_GCC_493\Debug\EasyBoard.a(WaveDAC_0_IDAC8.o)
                0x00004578                WaveDAC_0_IDAC8_DacTrim
 .text.WaveDAC_0_Clock_Start
                0x000045cc       0x34 .\ARM_GCC_493\Debug\EasyBoard.a(WaveDAC_0_Clock.o)
                0x000045cc                WaveDAC_0_Clock_Start
 .text.WaveDAC_0_Clock_SetDividerRegister
                0x00004600      0x160 .\ARM_GCC_493\Debug\EasyBoard.a(WaveDAC_0_Clock.o)
                0x00004600                WaveDAC_0_Clock_SetDividerRegister
 .text.WaveDAC_0_Clock_GetDividerRegister
                0x00004760       0x18 .\ARM_GCC_493\Debug\EasyBoard.a(WaveDAC_0_Clock.o)
                0x00004760                WaveDAC_0_Clock_GetDividerRegister
 .text.WaveDAC_0_Clock_GetSourceRegister
                0x00004778       0x20 .\ARM_GCC_493\Debug\EasyBoard.a(WaveDAC_0_Clock.o)
                0x00004778                WaveDAC_0_Clock_GetSourceRegister
 .text.WaveDAC_1_Clock_Start
                0x00004798       0x34 .\ARM_GCC_493\Debug\EasyBoard.a(WaveDAC_1_Clock.o)
                0x00004798                WaveDAC_1_Clock_Start
 .text.WaveDAC_1_Clock_SetDividerRegister
                0x000047cc      0x160 .\ARM_GCC_493\Debug\EasyBoard.a(WaveDAC_1_Clock.o)
                0x000047cc                WaveDAC_1_Clock_SetDividerRegister
 .text.WaveDAC_1_Clock_GetDividerRegister
                0x0000492c       0x18 .\ARM_GCC_493\Debug\EasyBoard.a(WaveDAC_1_Clock.o)
                0x0000492c                WaveDAC_1_Clock_GetDividerRegister
 .text.WaveDAC_1_Clock_GetSourceRegister
                0x00004944       0x20 .\ARM_GCC_493\Debug\EasyBoard.a(WaveDAC_1_Clock.o)
                0x00004944                WaveDAC_1_Clock_GetSourceRegister
 .text.SPI_FNG0_Init
                0x00004964       0xa4 .\ARM_GCC_493\Debug\EasyBoard.a(SPI_FNG0.o)
                0x00004964                SPI_FNG0_Init
 .text.SPI_FNG0_Enable
                0x00004a08       0x60 .\ARM_GCC_493\Debug\EasyBoard.a(SPI_FNG0.o)
                0x00004a08                SPI_FNG0_Enable
 .text.SPI_FNG0_Start
                0x00004a68       0x20 .\ARM_GCC_493\Debug\EasyBoard.a(SPI_FNG0.o)
                0x00004a68                SPI_FNG0_Start
 .text.SPI_FNG0_EnableTxInt
                0x00004a88       0x18 .\ARM_GCC_493\Debug\EasyBoard.a(SPI_FNG0.o)
                0x00004a88                SPI_FNG0_EnableTxInt
 .text.SPI_FNG0_EnableRxInt
                0x00004aa0       0x18 .\ARM_GCC_493\Debug\EasyBoard.a(SPI_FNG0.o)
                0x00004aa0                SPI_FNG0_EnableRxInt
 .text.SPI_FNG0_DisableTxInt
                0x00004ab8       0x18 .\ARM_GCC_493\Debug\EasyBoard.a(SPI_FNG0.o)
                0x00004ab8                SPI_FNG0_DisableTxInt
 .text.SPI_FNG0_DisableRxInt
                0x00004ad0       0x18 .\ARM_GCC_493\Debug\EasyBoard.a(SPI_FNG0.o)
                0x00004ad0                SPI_FNG0_DisableRxInt
 .text.SPI_FNG0_ReadTxStatus
                0x00004ae8       0x3c .\ARM_GCC_493\Debug\EasyBoard.a(SPI_FNG0.o)
                0x00004ae8                SPI_FNG0_ReadTxStatus
 .text.SPI_FNG0_ReadRxStatus
                0x00004b24       0x3c .\ARM_GCC_493\Debug\EasyBoard.a(SPI_FNG0.o)
                0x00004b24                SPI_FNG0_ReadRxStatus
 .text.SPI_FNG0_WriteTxData
                0x00004b60      0x110 .\ARM_GCC_493\Debug\EasyBoard.a(SPI_FNG0.o)
                0x00004b60                SPI_FNG0_WriteTxData
 .text.SPI_FNG0_ClearFIFO
                0x00004c70       0x5c .\ARM_GCC_493\Debug\EasyBoard.a(SPI_FNG0.o)
                0x00004c70                SPI_FNG0_ClearFIFO
 .text.SPI_FNG0_TX_ISR
                0x00004ccc       0xd4 .\ARM_GCC_493\Debug\EasyBoard.a(SPI_FNG0_INT.o)
                0x00004ccc                SPI_FNG0_TX_ISR
 .text.SPI_FNG0_RX_ISR
                0x00004da0       0xdc .\ARM_GCC_493\Debug\EasyBoard.a(SPI_FNG0_INT.o)
                0x00004da0                SPI_FNG0_RX_ISR
 .text.Scope0_ADC_StartConvert
                0x00004e7c       0x20 .\ARM_GCC_493\Debug\EasyBoard.a(Scope0_ADC.o)
                0x00004e7c                Scope0_ADC_StartConvert
 .text.LED_0_Write
                0x00004e9c       0x3c .\ARM_GCC_493\Debug\EasyBoard.a(LED_0.o)
                0x00004e9c                LED_0_Write
 .text.LED_0_Read
                0x00004ed8       0x20 .\ARM_GCC_493\Debug\EasyBoard.a(LED_0.o)
                0x00004ed8                LED_0_Read
 .text.LED_1_Write
                0x00004ef8       0x3c .\ARM_GCC_493\Debug\EasyBoard.a(LED_1.o)
                0x00004ef8                LED_1_Write
 .text.LED_1_Read
                0x00004f34       0x20 .\ARM_GCC_493\Debug\EasyBoard.a(LED_1.o)
                0x00004f34                LED_1_Read
 .text.SPIS_Init
                0x00004f54       0x30 .\ARM_GCC_493\Debug\EasyBoard.a(SPIS.o)
                0x00004f54                SPIS_Init
 .text.SPIS_Enable
                0x00004f84       0x58 .\ARM_GCC_493\Debug\EasyBoard.a(SPIS.o)
                0x00004f84                SPIS_Enable
 .text.SPIS_Start
                0x00004fdc       0x20 .\ARM_GCC_493\Debug\EasyBoard.a(SPIS.o)
                0x00004fdc                SPIS_Start
 .text.SPIS_ReadTxStatus
                0x00004ffc       0x20 .\ARM_GCC_493\Debug\EasyBoard.a(SPIS.o)
                0x00004ffc                SPIS_ReadTxStatus
 .text.SPIS_ReadRxStatus
                0x0000501c       0x20 .\ARM_GCC_493\Debug\EasyBoard.a(SPIS.o)
                0x0000501c                SPIS_ReadRxStatus
 .text.SPIS_ReadRxData
                0x0000503c       0x20 .\ARM_GCC_493\Debug\EasyBoard.a(SPIS.o)
                0x0000503c                SPIS_ReadRxData
 .text.SPIS_ClearRxBuffer
                0x0000505c       0x28 .\ARM_GCC_493\Debug\EasyBoard.a(SPIS.o)
                0x0000505c                SPIS_ClearRxBuffer
 .text.SPIS_ClearFIFO
                0x00005084       0x80 .\ARM_GCC_493\Debug\EasyBoard.a(SPIS.o)
                0x00005084                SPIS_ClearFIFO
 .text.USBUART_DispatchClassRqst
                0x00005104       0x7c .\ARM_GCC_493\Debug\EasyBoard.a(USBUART_cls.o)
                0x00005104                USBUART_DispatchClassRqst
 .text.sin      0x00005180       0x94 c:/program files (x86)/cypress/psoc creator/3.3/psoc creator/import/gnu/arm/4.9.3/bin/../lib/gcc/arm-none-eabi/4.9.3/../../../../arm-none-eabi/lib/armv7-m\libm.a(lib_a-s_sin.o)
                0x00005180                sin
 *fill*         0x00005214        0x4 
 .text.__ieee754_rem_pio2
                0x00005218      0x428 c:/program files (x86)/cypress/psoc creator/3.3/psoc creator/import/gnu/arm/4.9.3/bin/../lib/gcc/arm-none-eabi/4.9.3/../../../../arm-none-eabi/lib/armv7-m\libm.a(lib_a-e_rem_pio2.o)
                0x00005218                __ieee754_rem_pio2
 .text.__kernel_cos
                0x00005640      0x248 c:/program files (x86)/cypress/psoc creator/3.3/psoc creator/import/gnu/arm/4.9.3/bin/../lib/gcc/arm-none-eabi/4.9.3/../../../../arm-none-eabi/lib/armv7-m\libm.a(lib_a-k_cos.o)
                0x00005640                __kernel_cos
 .text.__kernel_rem_pio2
                0x00005888      0x808 c:/program files (x86)/cypress/psoc creator/3.3/psoc creator/import/gnu/arm/4.9.3/bin/../lib/gcc/arm-none-eabi/4.9.3/../../../../arm-none-eabi/lib/armv7-m\libm.a(lib_a-k_rem_pio2.o)
                0x00005888                __kernel_rem_pio2
 .text.__kernel_sin
                0x00006090      0x170 c:/program files (x86)/cypress/psoc creator/3.3/psoc creator/import/gnu/arm/4.9.3/bin/../lib/gcc/arm-none-eabi/4.9.3/../../../../arm-none-eabi/lib/armv7-m\libm.a(lib_a-k_sin.o)
                0x00006090                __kernel_sin
 .text.fabs     0x00006200        0x8 c:/program files (x86)/cypress/psoc creator/3.3/psoc creator/import/gnu/arm/4.9.3/bin/../lib/gcc/arm-none-eabi/4.9.3/../../../../arm-none-eabi/lib/armv7-m\libm.a(lib_a-s_fabs.o)
                0x00006200                fabs
 .text.floor    0x00006208      0x118 c:/program files (x86)/cypress/psoc creator/3.3/psoc creator/import/gnu/arm/4.9.3/bin/../lib/gcc/arm-none-eabi/4.9.3/../../../../arm-none-eabi/lib/armv7-m\libm.a(lib_a-s_floor.o)
                0x00006208                floor
 .text.scalbn   0x00006320       0xf0 c:/program files (x86)/cypress/psoc creator/3.3/psoc creator/import/gnu/arm/4.9.3/bin/../lib/gcc/arm-none-eabi/4.9.3/../../../../arm-none-eabi/lib/armv7-m\libm.a(lib_a-s_scalbn.o)
                0x00006320                scalbn
 .text.copysign
                0x00006410       0x10 c:/program files (x86)/cypress/psoc creator/3.3/psoc creator/import/gnu/arm/4.9.3/bin/../lib/gcc/arm-none-eabi/4.9.3/../../../../arm-none-eabi/lib/armv7-m\libm.a(lib_a-s_copysign.o)
                0x00006410                copysign
 .text          0x00006420      0x370 c:/program files (x86)/cypress/psoc creator/3.3/psoc creator/import/gnu/arm/4.9.3/bin/../lib/gcc/arm-none-eabi/4.9.3/armv7-m\libgcc.a(_arm_addsubdf3.o)
                0x00006420                __aeabi_drsub
                0x00006428                __aeabi_dsub
                0x00006428                __subdf3
                0x0000642c                __aeabi_dadd
                0x0000642c                __adddf3
                0x000066a4                __floatunsidf
                0x000066a4                __aeabi_ui2d
                0x000066c4                __floatsidf
                0x000066c4                __aeabi_i2d
                0x000066e8                __aeabi_f2d
                0x000066e8                __extendsfdf2
                0x00006724                __floatundidf
                0x00006724                __aeabi_ul2d
                0x00006734                __floatdidf
                0x00006734                __aeabi_l2d
 .text          0x00006790      0x424 c:/program files (x86)/cypress/psoc creator/3.3/psoc creator/import/gnu/arm/4.9.3/bin/../lib/gcc/arm-none-eabi/4.9.3/armv7-m\libgcc.a(_arm_muldivdf3.o)
                0x00006790                __aeabi_dmul
                0x00006790                __muldf3
                0x000069e4                __divdf3
                0x000069e4                __aeabi_ddiv
 .text          0x00006bb4      0x110 c:/program files (x86)/cypress/psoc creator/3.3/psoc creator/import/gnu/arm/4.9.3/bin/../lib/gcc/arm-none-eabi/4.9.3/armv7-m\libgcc.a(_arm_cmpdf2.o)
                0x00006bb4                __gtdf2
                0x00006bb4                __gedf2
                0x00006bbc                __ltdf2
                0x00006bbc                __ledf2
                0x00006bc4                __nedf2
                0x00006bc4                __eqdf2
                0x00006bc4                __cmpdf2
                0x00006c40                __aeabi_cdrcmple
                0x00006c50                __aeabi_cdcmpeq
                0x00006c50                __aeabi_cdcmple
                0x00006c60                __aeabi_dcmpeq
                0x00006c74                __aeabi_dcmplt
                0x00006c88                __aeabi_dcmple
                0x00006c9c                __aeabi_dcmpge
                0x00006cb0                __aeabi_dcmpgt
 .text          0x00006cc4       0x50 c:/program files (x86)/cypress/psoc creator/3.3/psoc creator/import/gnu/arm/4.9.3/bin/../lib/gcc/arm-none-eabi/4.9.3/armv7-m\libgcc.a(_arm_fixdfsi.o)
                0x00006cc4                __aeabi_d2iz
                0x00006cc4                __fixdfsi
 .text          0x00006d14       0x40 c:/program files (x86)/cypress/psoc creator/3.3/psoc creator/import/gnu/arm/4.9.3/bin/../lib/gcc/arm-none-eabi/4.9.3/armv7-m\libgcc.a(_arm_fixunsdfsi.o)
                0x00006d14                __aeabi_d2uiz
                0x00006d14                __fixunsdfsi
 .text.__libc_init_array
                0x00006d54       0x4c c:/program files (x86)/cypress/psoc creator/3.3/psoc creator/import/gnu/arm/4.9.3/bin/../lib/gcc/arm-none-eabi/4.9.3/../../../../arm-none-eabi/lib/armv7-m\libg_nano.a(lib_a-init.o)
                0x00006d54                __libc_init_array
 .text.memcpy   0x00006da0       0x16 c:/program files (x86)/cypress/psoc creator/3.3/psoc creator/import/gnu/arm/4.9.3/bin/../lib/gcc/arm-none-eabi/4.9.3/../../../../arm-none-eabi/lib/armv7-m\libg_nano.a(lib_a-memcpy.o)
                0x00006da0                memcpy
 .text.memset   0x00006db6       0x10 c:/program files (x86)/cypress/psoc creator/3.3/psoc creator/import/gnu/arm/4.9.3/bin/../lib/gcc/arm-none-eabi/4.9.3/../../../../arm-none-eabi/lib/armv7-m\libg_nano.a(lib_a-memset.o)
                0x00006db6                memset
 *(.plt)
 *(.gnu.warning)
 *(.glue_7t)
 .glue_7t       0x00000000        0x0 linker stubs
 *(.glue_7)
 .glue_7        0x00000000        0x0 linker stubs
 *(.vfp11_veneer)
 .vfp11_veneer  0x00000000        0x0 linker stubs
 *(.bootloader)
 *(.ARM.extab* .gnu.linkonce.armextab.*)
 *(.gcc_except_table)

.v4_bx          0x00006dc8        0x0
 .v4_bx         0x00000000        0x0 linker stubs

.iplt           0x00006dc8        0x0
 .iplt          0x00000000        0x0 c:/program files (x86)/cypress/psoc creator/3.3/psoc creator/import/gnu/arm/4.9.3/bin/../lib/gcc/arm-none-eabi/4.9.3/armv7-m/crtbegin.o

.eh_frame_hdr
 *(.eh_frame_hdr)

.eh_frame       0x00006dc8        0x4
 *(.eh_frame)
 .eh_frame      0x00006dc8        0x0 c:/program files (x86)/cypress/psoc creator/3.3/psoc creator/import/gnu/arm/4.9.3/bin/../lib/gcc/arm-none-eabi/4.9.3/armv7-m/crtbegin.o
 .eh_frame      0x00006dc8        0x0 c:/program files (x86)/cypress/psoc creator/3.3/psoc creator/import/gnu/arm/4.9.3/bin/../lib/gcc/arm-none-eabi/4.9.3/../../../../arm-none-eabi/lib/armv7-m\libg_nano.a(lib_a-strcmp.o)
                                 0x28 (size before relaxing)
 .eh_frame      0x00006dc8        0x4 c:/program files (x86)/cypress/psoc creator/3.3/psoc creator/import/gnu/arm/4.9.3/bin/../lib/gcc/arm-none-eabi/4.9.3/armv7-m/crtend.o
                0x00006dcc                PROVIDE (__exidx_start, .)

.ARM.exidx
 *(.ARM.exidx* .gnu.linkonce.armexidx.*)
                0x00006dcc                __exidx_end = .

.rodata         0x00006dd0     0x1da8
 *(.rodata .rodata.* .gnu.linkonce.r.*)
 .rodata        0x00006dd0       0xb8 .\ARM_GCC_493\Debug\main.o
 .rodata        0x00006e88      0x124 .\ARM_GCC_493\Debug\EasyBoard.a(cyfitter_cfg.o)
 .rodata        0x00006fac       0x10 .\ARM_GCC_493\Debug\EasyBoard.a(LCD.o)
 .rodata        0x00006fbc       0x14 .\ARM_GCC_493\Debug\EasyBoard.a(USBUART_std.o)
 .rodata        0x00006fd0       0xc8 .\ARM_GCC_493\Debug\EasyBoard.a(WaveDAC_1.o)
                0x00006fd0                WaveDAC_1_wave1
                0x00007034                WaveDAC_1_wave2
 .rodata        0x00007098     0x1770 .\ARM_GCC_493\Debug\EasyBoard.a(WaveDAC_0.o)
                0x00007098                WaveDAC_0_wave1
                0x00008038                WaveDAC_0_wave2
 .rodata        0x00008808      0x160 .\ARM_GCC_493\Debug\EasyBoard.a(USBUART_descr.o)
                0x00008808                USBUART_DEVICE0_DESCR
                0x0000881c                USBUART_DEVICE0_CONFIGURATION0_DESCR
                0x00008860                USBUART_STRING_DESCRIPTORS
                0x00008900                USBUART_SN_STRING_DESCRIPTOR
                0x00008904                USBUART_DEVICE0_CONFIGURATION0_EP_SETTINGS_TABLE
                0x0000891c                USBUART_DEVICE0_CONFIGURATION0_INTERFACE_CLASS
                0x00008920                USBUART_DEVICE0_CONFIGURATION0_TABLE
                0x00008948                USBUART_DEVICE0_TABLE
                0x00008960                USBUART_TABLE
 .rodata.npio2_hw
                0x00008968       0x80 c:/program files (x86)/cypress/psoc creator/3.3/psoc creator/import/gnu/arm/4.9.3/bin/../lib/gcc/arm-none-eabi/4.9.3/../../../../arm-none-eabi/lib/armv7-m\libm.a(lib_a-e_rem_pio2.o)
 .rodata.two_over_pi
                0x000089e8      0x108 c:/program files (x86)/cypress/psoc creator/3.3/psoc creator/import/gnu/arm/4.9.3/bin/../lib/gcc/arm-none-eabi/4.9.3/../../../../arm-none-eabi/lib/armv7-m\libm.a(lib_a-e_rem_pio2.o)
 .rodata.init_jk
                0x00008af0       0x10 c:/program files (x86)/cypress/psoc creator/3.3/psoc creator/import/gnu/arm/4.9.3/bin/../lib/gcc/arm-none-eabi/4.9.3/../../../../arm-none-eabi/lib/armv7-m\libm.a(lib_a-k_rem_pio2.o)
 .rodata.PIo2   0x00008b00       0x40 c:/program files (x86)/cypress/psoc creator/3.3/psoc creator/import/gnu/arm/4.9.3/bin/../lib/gcc/arm-none-eabi/4.9.3/../../../../arm-none-eabi/lib/armv7-m\libm.a(lib_a-k_rem_pio2.o)
                0x00008b40                . = ALIGN (0x4)
 *(.init)
 .init          0x00008b40        0x4 c:/program files (x86)/cypress/psoc creator/3.3/psoc creator/import/gnu/arm/4.9.3/bin/../lib/gcc/arm-none-eabi/4.9.3/armv7-m/crti.o
                0x00008b40                _init
 .init          0x00008b44        0x8 c:/program files (x86)/cypress/psoc creator/3.3/psoc creator/import/gnu/arm/4.9.3/bin/../lib/gcc/arm-none-eabi/4.9.3/armv7-m/crtn.o
                0x00008b4c                . = ALIGN (0x4)
                0x00008b4c                __preinit_array_start = .
 *(.preinit_array)
                0x00008b4c                __preinit_array_end = .
                0x00008b4c                . = ALIGN (0x4)
                0x00008b4c                __init_array_start = .
 *(SORT(.init_array.*))
 *(.init_array)
 .init_array    0x00008b4c        0x4 c:/program files (x86)/cypress/psoc creator/3.3/psoc creator/import/gnu/arm/4.9.3/bin/../lib/gcc/arm-none-eabi/4.9.3/armv7-m/crtbegin.o
 .init_array    0x00008b50        0x4 .\ARM_GCC_493\Debug\Cm3Start.o
                0x00008b54                __init_array_end = .
                0x00008b54                . = ALIGN (0x4)
 *(.fini)
 .fini          0x00008b54        0x4 c:/program files (x86)/cypress/psoc creator/3.3/psoc creator/import/gnu/arm/4.9.3/bin/../lib/gcc/arm-none-eabi/4.9.3/armv7-m/crti.o
                0x00008b54                _fini
 .fini          0x00008b58        0x8 c:/program files (x86)/cypress/psoc creator/3.3/psoc creator/import/gnu/arm/4.9.3/bin/../lib/gcc/arm-none-eabi/4.9.3/armv7-m/crtn.o
                0x00008b60                . = ALIGN (0x4)
                0x00008b60                __fini_array_start = .
 *(.fini_array)
 .fini_array    0x00008b60        0x4 c:/program files (x86)/cypress/psoc creator/3.3/psoc creator/import/gnu/arm/4.9.3/bin/../lib/gcc/arm-none-eabi/4.9.3/armv7-m/crtbegin.o
 *(SORT(.fini_array.*))
                0x00008b64                __fini_array_end = .
                0x00008b64                . = ALIGN (0x4)
 *crtbegin.o(.ctors)
 *(EXCLUDE_FILE(*crtend.o) .ctors)
 *(SORT(.ctors.*))
 *crtend.o(.ctors)
                0x00008b64                . = ALIGN (0x4)
 *crtbegin.o(.dtors)
 *(EXCLUDE_FILE(*crtend.o) .dtors)
 *(SORT(.dtors.*))
 *crtend.o(.dtors)
                0x00008b64                . = ALIGN (0x4)
                0x00008b64                __cy_regions = .
                0x00008b64        0x4 LONG 0x8b78 __cy_region_init_ram
                0x00008b68        0x4 LONG 0x1fff8108 __cy_region_start_data
                0x00008b6c        0x4 LONG 0x40 __cy_region_init_size_ram
                0x00008b70        0x4 LONG 0x2070 __cy_region_zero_size_ram
                0x00008b74                __cy_regions_end = .
                0x00008b78                . = ALIGN (0x8)
 *fill*         0x00008b74        0x4 
                0x00008b78                _etext = .

.cy_checksum_exclude
                0x00008b78        0x0
 *(.cy_checksum_exclude)

.ramvectors     0x1fff8000      0x100
                0x1fff8000                __cy_region_start_ram = .
 *(.ramvectors)
 .ramvectors    0x1fff8000      0x100 .\ARM_GCC_493\Debug\Cm3Start.o
                0x1fff8000                CyRamVectors

.noinit         0x1fff8100        0x5
 *(.noinit)
 .noinit        0x1fff8100        0x4 .\ARM_GCC_493\Debug\Cm3Start.o
 .noinit        0x1fff8104        0x1 .\ARM_GCC_493\Debug\EasyBoard.a(CyLib.o)
                0x1fff8104                CyResetStatus

.data           0x1fff8108       0x40 load address 0x00008b78
                0x1fff8108                __cy_region_start_data = .
 *(.jcr)
 .jcr           0x1fff8108        0x0 c:/program files (x86)/cypress/psoc creator/3.3/psoc creator/import/gnu/arm/4.9.3/bin/../lib/gcc/arm-none-eabi/4.9.3/armv7-m/crtbegin.o
 .jcr           0x1fff8108        0x4 c:/program files (x86)/cypress/psoc creator/3.3/psoc creator/import/gnu/arm/4.9.3/bin/../lib/gcc/arm-none-eabi/4.9.3/armv7-m/crtend.o
 *(.got.plt)
 *(.got)
 *(.shdata)
 *(.data .data.* .gnu.linkonce.d.*)
 .data          0x1fff810c        0x8 .\ARM_GCC_493\Debug\EasyBoard.a(CyDmac.o)
 .data          0x1fff8114       0x10 .\ARM_GCC_493\Debug\EasyBoard.a(CyLib.o)
                0x1fff8114                cydelay_freq_hz
                0x1fff8118                cydelay_freq_khz
                0x1fff811c                cydelay_freq_mhz
                0x1fff8120                cydelay_32k_ms
 .data          0x1fff8124       0x1c .\ARM_GCC_493\Debug\EasyBoard.a(USBUART_cdc.o)
                0x1fff8124                USBUART_linesCoding
 .data          0x1fff8140        0x1 .\ARM_GCC_493\Debug\EasyBoard.a(WaveDAC_1_Wave1_DMA_dma.o)
                0x1fff8140                WaveDAC_1_Wave1_DMA_DmaHandle
 .data          0x1fff8141        0x1 .\ARM_GCC_493\Debug\EasyBoard.a(WaveDAC_1_Wave2_DMA_dma.o)
                0x1fff8141                WaveDAC_1_Wave2_DMA_DmaHandle
 .data          0x1fff8142        0x1 .\ARM_GCC_493\Debug\EasyBoard.a(WaveDAC_0_Wave1_DMA_dma.o)
                0x1fff8142                WaveDAC_0_Wave1_DMA_DmaHandle
 .data          0x1fff8143        0x1 .\ARM_GCC_493\Debug\EasyBoard.a(WaveDAC_0_Wave2_DMA_dma.o)
                0x1fff8143                WaveDAC_0_Wave2_DMA_DmaHandle
                0x1fff8148                . = ALIGN (0x8)
 *fill*         0x1fff8144        0x4 
 *(.ram)
                0x1fff8148                _edata = .

.igot.plt       0x1fff8148        0x0 load address 0x00008bb8
 .igot.plt      0x00000000        0x0 c:/program files (x86)/cypress/psoc creator/3.3/psoc creator/import/gnu/arm/4.9.3/bin/../lib/gcc/arm-none-eabi/4.9.3/armv7-m/crtbegin.o

.bss            0x1fff8148     0x2070 load address 0x00008bb8
                0x1fff8148                PROVIDE (__bss_start__, .)
 *(.shbss)
 *(.bss .bss.* .gnu.linkonce.b.*)
 .bss           0x1fff8148       0x1c c:/program files (x86)/cypress/psoc creator/3.3/psoc creator/import/gnu/arm/4.9.3/bin/../lib/gcc/arm-none-eabi/4.9.3/armv7-m/crtbegin.o
 *fill*         0x1fff8164        0x4 
 .bss           0x1fff8168        0x8 .\ARM_GCC_493\Debug\EasyBoard.a(cyfitter_cfg.o)
 .bss           0x1fff8170        0x2 .\ARM_GCC_493\Debug\EasyBoard.a(LCD.o)
                0x1fff8170                LCD_enableState
                0x1fff8171                LCD_initVar
 .bss           0x1fff8172        0x1 .\ARM_GCC_493\Debug\EasyBoard.a(USBUART.o)
                0x1fff8172                USBUART_initVar
 .bss           0x1fff8173        0x1 .\ARM_GCC_493\Debug\EasyBoard.a(USBUART_cdc.o)
 .bss           0x1fff8174        0x4 .\ARM_GCC_493\Debug\EasyBoard.a(USBUART_std.o)
 .bss           0x1fff8178        0x5 .\ARM_GCC_493\Debug\EasyBoard.a(WaveDAC_1.o)
                0x1fff8178                WaveDAC_1_initVar
 .bss           0x1fff817d        0x5 .\ARM_GCC_493\Debug\EasyBoard.a(WaveDAC_0.o)
                0x1fff817d                WaveDAC_0_initVar
 .bss           0x1fff8182        0x1 .\ARM_GCC_493\Debug\EasyBoard.a(SPI_FNG0.o)
                0x1fff8182                SPI_FNG0_initVar
 .bss           0x1fff8183        0x1 .\ARM_GCC_493\Debug\EasyBoard.a(SPIS.o)
                0x1fff8183                SPIS_initVar
 *(COMMON)
 COMMON         0x1fff8184     0x1f40 .\ARM_GCC_493\Debug\FunctionGenerator.o
                0x1fff8184                waveform0
                0x1fff9124                waveform1
 COMMON         0x1fffa0c4       0x18 .\ARM_GCC_493\Debug\EasyBoard.a(USBUART_cdc.o)
                0x1fffa0c4                USBUART_linesChanged
                0x1fffa0c8                USBUART_cdcDataInEp
                0x1fffa0cc                USBUART_cdcCommInInterruptEp
                0x1fffa0d0                USBUART_cdcDataOutEp
                0x1fffa0d4                USBUART_serialStateBitmap
                0x1fffa0d8                USBUART_linesControlBitmap
 COMMON         0x1fffa0dc       0x9a .\ARM_GCC_493\Debug\EasyBoard.a(USBUART_drv.o)
                0x1fffa0dc                USBUART_lastPacketSize
                0x1fffa0dd                USBUART_device
                0x1fffa0de                USBUART_transferByteCount
                0x1fffa0e0                USBUART_transferState
                0x1fffa0e4                USBUART_interfaceSettingLast
                0x1fffa0e8                USBUART_currentTD
                0x1fffa0f4                USBUART_interfaceNumber
                0x1fffa0f8                USBUART_interfaceClass
                0x1fffa0fc                USBUART_configurationChanged
                0x1fffa0fd                USBUART_ep0Mode
                0x1fffa0fe                USBUART_deviceAddress
                0x1fffa0ff                USBUART_configuration
                0x1fffa100                USBUART_ep0Count
                0x1fffa101                USBUART_deviceStatus
                0x1fffa104                USBUART_EP
                0x1fffa170                USBUART_interfaceSetting
                0x1fffa172                USBUART_ep0Toggle
                0x1fffa174                USBUART_interfaceStatus
 *fill*         0x1fffa176        0x2 
 COMMON         0x1fffa178       0x1b .\ARM_GCC_493\Debug\EasyBoard.a(SPI_FNG0.o)
                0x1fffa178                SPI_FNG0_rxBuffer
                0x1fffa180                SPI_FNG0_rxBufferRead
                0x1fffa184                SPI_FNG0_txBuffer
                0x1fffa18c                SPI_FNG0_swStatusRx
                0x1fffa18d                SPI_FNG0_rxBufferWrite
                0x1fffa18e                SPI_FNG0_rxBufferFull
                0x1fffa18f                SPI_FNG0_txBufferRead
                0x1fffa190                SPI_FNG0_txBufferWrite
                0x1fffa191                SPI_FNG0_swStatusTx
                0x1fffa192                SPI_FNG0_txBufferFull
 *fill*         0x1fffa193        0x1 
 COMMON         0x1fffa194       0x22 .\ARM_GCC_493\Debug\EasyBoard.a(USBUART_descr.o)
                0x1fffa194                USBUART_idSerialNumberStringDescriptor
                0x1fffa1b8                . = ALIGN (0x8)
 *fill*         0x1fffa1b6        0x2 
 *(.ram.b)
                0x1fffa1b8                _end = .
                0x1fffa1b8                __end = .
                0x1fffa1b8                PROVIDE (end, .)
                0x1fffa1b8                PROVIDE (__bss_end__, .)
                0x00008b78                __cy_region_init_ram = LOADADDR (.data)
                0x00000040                __cy_region_init_size_ram = (_edata - ADDR (.data))
                0x00002070                __cy_region_zero_size_ram = (_end - _edata)

.heap           0x1fffa1b8      0x200 load address 0x00008bb8
                0x1fffa1b8                . = _end
                0x1fffa3b8                . = (. + 0x200)
 *fill*         0x1fffa1b8      0x200 
                0x1fffa3b8                __cy_heap_limit = .

.stack          0x20007800      0x800
                0x20007800                __cy_stack_limit = .
                0x20008000                . = (. + 0x800)
 *fill*         0x20007800      0x800 
                0x00000001                ASSERT ((__cy_stack_limit >= __cy_heap_limit), region RAM overflowed with stack)
                0x00000000                cy_checksum_exclude_size = (CY_APPL_LOADABLE == 0x1)?SIZEOF (.cy_checksum_exclude):0x0
                0x00000001                ASSERT ((cy_checksum_exclude_size <= CY_CHECKSUM_EXCLUDE_SIZE), CY_BOOT: Section .cy_checksum_exclude size exceedes specified limit.)

.cyloadermeta
 *(.cyloadermeta)

.cyloadablemeta
 *(.cyloadablemeta)

.cyconfigecc    0x80000000     0x146c
 *(.cyconfigecc)
 .cyconfigecc   0x80000000     0x146c .\ARM_GCC_493\Debug\cymetadata.o
                0x80000000                cy_meta_configecc

.cycustnvl      0x90000000        0x4
 *(.cycustnvl)
 .cycustnvl     0x90000000        0x4 .\ARM_GCC_493\Debug\cymetadata.o
                0x90000000                cy_meta_custnvl

.cywolatch      0x90100000        0x4
 *(.cywolatch)
 .cywolatch     0x90100000        0x4 .\ARM_GCC_493\Debug\cymetadata.o
                0x90100000                cy_meta_wonvl

.cyeeprom       0x90200000        0x0
 *(.cyeeprom)
                0x00000001                ASSERT ((. <= ((0x90200000 + ee_offset) + ee_size)), .cyeeprom data will not fit in EEPROM)

.cyflashprotect
                0x90400000      0x100
 *(.cyflashprotect)
 .cyflashprotect
                0x90400000      0x100 .\ARM_GCC_493\Debug\cymetadata.o
                0x90400000                cy_meta_flashprotect

.cymeta         0x90500000        0xc
 *(.cymeta)
 .cymeta        0x90500000        0xc .\ARM_GCC_493\Debug\cymetadata.o
                0x90500000                cy_metadata

.rel.dyn        0x00008bb8        0x0 load address 0x9050000c
 .rel.iplt      0x00000000        0x0 c:/program files (x86)/cypress/psoc creator/3.3/psoc creator/import/gnu/arm/4.9.3/bin/../lib/gcc/arm-none-eabi/4.9.3/armv7-m/crtbegin.o

.stab           0x00000000       0x6c
 *(.stab)
 .stab          0x00000000       0x24 c:/program files (x86)/cypress/psoc creator/3.3/psoc creator/import/gnu/arm/4.9.3/bin/../lib/gcc/arm-none-eabi/4.9.3/../../../../arm-none-eabi/lib/armv7-m\libnosys.a(close.o)
 .stab          0x00000024       0x18 c:/program files (x86)/cypress/psoc creator/3.3/psoc creator/import/gnu/arm/4.9.3/bin/../lib/gcc/arm-none-eabi/4.9.3/../../../../arm-none-eabi/lib/armv7-m\libnosys.a(lseek.o)
                                 0x24 (size before relaxing)
 .stab          0x0000003c       0x18 c:/program files (x86)/cypress/psoc creator/3.3/psoc creator/import/gnu/arm/4.9.3/bin/../lib/gcc/arm-none-eabi/4.9.3/../../../../arm-none-eabi/lib/armv7-m\libnosys.a(read.o)
                                 0x24 (size before relaxing)
 .stab          0x00000054       0x18 c:/program files (x86)/cypress/psoc creator/3.3/psoc creator/import/gnu/arm/4.9.3/bin/../lib/gcc/arm-none-eabi/4.9.3/../../../../arm-none-eabi/lib/armv7-m\libnosys.a(write.o)
                                 0x24 (size before relaxing)

.stabstr        0x00000000       0xdf
 *(.stabstr)
 .stabstr       0x00000000       0xdf c:/program files (x86)/cypress/psoc creator/3.3/psoc creator/import/gnu/arm/4.9.3/bin/../lib/gcc/arm-none-eabi/4.9.3/../../../../arm-none-eabi/lib/armv7-m\libnosys.a(close.o)

.debug
 *(.debug)

.line
 *(.line)

.debug_srcinfo
 *(.debug_srcinfo)

.debug_sfnames
 *(.debug_sfnames)

.debug_aranges  0x00000000     0x1220
 *(.debug_aranges)
 .debug_aranges
                0x00000000       0xa8 .\ARM_GCC_493\Debug\main.o
 .debug_aranges
                0x000000a8       0x68 .\ARM_GCC_493\Debug\FunctionGenerator.o
 .debug_aranges
                0x00000110       0x28 .\ARM_GCC_493\Debug\Serial.o
 .debug_aranges
                0x00000138       0x20 .\ARM_GCC_493\Debug\StringHelpers.o
 .debug_aranges
                0x00000158       0x18 .\ARM_GCC_493\Debug\cymetadata.o
 .debug_aranges
                0x00000170       0x48 .\ARM_GCC_493\Debug\Cm3Start.o
 .debug_aranges
                0x000001b8       0x60 .\ARM_GCC_493\Debug\EasyBoard.a(cyfitter_cfg.o)
 .debug_aranges
                0x00000218       0x98 .\ARM_GCC_493\Debug\EasyBoard.a(LCD.o)
 .debug_aranges
                0x000002b0       0x20 .\ARM_GCC_493\Debug\EasyBoard.a(CyBootAsmGnu.o)
 .debug_aranges
                0x000002d0       0xd8 .\ARM_GCC_493\Debug\EasyBoard.a(CyDmac.o)
 .debug_aranges
                0x000003a8      0x298 .\ARM_GCC_493\Debug\EasyBoard.a(CyLib.o)
 .debug_aranges
                0x00000640       0x98 .\ARM_GCC_493\Debug\EasyBoard.a(cyPm.o)
 .debug_aranges
                0x000006d8       0xc8 .\ARM_GCC_493\Debug\EasyBoard.a(USBUART.o)
 .debug_aranges
                0x000007a0       0xe8 .\ARM_GCC_493\Debug\EasyBoard.a(USBUART_cdc.o)
 .debug_aranges
                0x00000888       0x98 .\ARM_GCC_493\Debug\EasyBoard.a(USBUART_drv.o)
 .debug_aranges
                0x00000920       0x40 .\ARM_GCC_493\Debug\EasyBoard.a(USBUART_episr.o)
 .debug_aranges
                0x00000960       0x40 .\ARM_GCC_493\Debug\EasyBoard.a(USBUART_pm.o)
 .debug_aranges
                0x000009a0       0x80 .\ARM_GCC_493\Debug\EasyBoard.a(USBUART_std.o)
 .debug_aranges
                0x00000a20       0x20 .\ARM_GCC_493\Debug\EasyBoard.a(USBUART_vnd.o)
 .debug_aranges
                0x00000a40       0x48 .\ARM_GCC_493\Debug\EasyBoard.a(USBUART_Dp.o)
 .debug_aranges
                0x00000a88       0x50 .\ARM_GCC_493\Debug\EasyBoard.a(WaveDAC_1.o)
 .debug_aranges
                0x00000ad8       0x28 .\ARM_GCC_493\Debug\EasyBoard.a(WaveDAC_1_Wave1_DMA_dma.o)
 .debug_aranges
                0x00000b00       0x28 .\ARM_GCC_493\Debug\EasyBoard.a(WaveDAC_1_Wave2_DMA_dma.o)
 .debug_aranges
                0x00000b28       0x60 .\ARM_GCC_493\Debug\EasyBoard.a(WaveDAC_1_IDAC8.o)
 .debug_aranges
                0x00000b88       0x50 .\ARM_GCC_493\Debug\EasyBoard.a(WaveDAC_0.o)
 .debug_aranges
                0x00000bd8       0x28 .\ARM_GCC_493\Debug\EasyBoard.a(WaveDAC_0_Wave1_DMA_dma.o)
 .debug_aranges
                0x00000c00       0x28 .\ARM_GCC_493\Debug\EasyBoard.a(WaveDAC_0_Wave2_DMA_dma.o)
 .debug_aranges
                0x00000c28       0x60 .\ARM_GCC_493\Debug\EasyBoard.a(WaveDAC_0_IDAC8.o)
 .debug_aranges
                0x00000c88       0x70 .\ARM_GCC_493\Debug\EasyBoard.a(WaveDAC_0_Clock.o)
 .debug_aranges
                0x00000cf8       0x70 .\ARM_GCC_493\Debug\EasyBoard.a(WaveDAC_1_Clock.o)
 .debug_aranges
                0x00000d68       0xd8 .\ARM_GCC_493\Debug\EasyBoard.a(SPI_FNG0.o)
 .debug_aranges
                0x00000e40       0x28 .\ARM_GCC_493\Debug\EasyBoard.a(SPI_FNG0_INT.o)
 .debug_aranges
                0x00000e68       0xa8 .\ARM_GCC_493\Debug\EasyBoard.a(Scope0_ADC.o)
 .debug_aranges
                0x00000f10       0x20 .\ARM_GCC_493\Debug\EasyBoard.a(Scope0_ADC_INT.o)
 .debug_aranges
                0x00000f30       0x70 .\ARM_GCC_493\Debug\EasyBoard.a(Scope0_ADC_theACLK.o)
 .debug_aranges
                0x00000fa0       0x38 .\ARM_GCC_493\Debug\EasyBoard.a(LED_0.o)
 .debug_aranges
                0x00000fd8       0x38 .\ARM_GCC_493\Debug\EasyBoard.a(LED_1.o)
 .debug_aranges
                0x00001010       0xe0 .\ARM_GCC_493\Debug\EasyBoard.a(SPIS.o)
 .debug_aranges
                0x000010f0       0x80 .\ARM_GCC_493\Debug\EasyBoard.a(CyFlash.o)
 .debug_aranges
                0x00001170       0x78 .\ARM_GCC_493\Debug\EasyBoard.a(CySpc.o)
 .debug_aranges
                0x000011e8       0x20 .\ARM_GCC_493\Debug\EasyBoard.a(USBUART_cls.o)
 .debug_aranges
                0x00001208       0x18 .\ARM_GCC_493\Debug\EasyBoard.a(USBUART_descr.o)

.debug_pubnames
 *(.debug_pubnames)

.debug_info     0x00000000     0x8ba8
 *(.debug_info .gnu.linkonce.wi.*)
 .debug_info    0x00000000      0x850 .\ARM_GCC_493\Debug\main.o
 .debug_info    0x00000850      0x373 .\ARM_GCC_493\Debug\FunctionGenerator.o
 .debug_info    0x00000bc3       0xa6 .\ARM_GCC_493\Debug\Serial.o
 .debug_info    0x00000c69       0xc6 .\ARM_GCC_493\Debug\StringHelpers.o
 .debug_info    0x00000d2f      0x13f .\ARM_GCC_493\Debug\cymetadata.o
 .debug_info    0x00000e6e      0x319 .\ARM_GCC_493\Debug\Cm3Start.o
 .debug_info    0x00001187      0x3d6 .\ARM_GCC_493\Debug\EasyBoard.a(cyfitter_cfg.o)
 .debug_info    0x0000155d      0x3c8 .\ARM_GCC_493\Debug\EasyBoard.a(LCD.o)
 .debug_info    0x00001925       0x93 .\ARM_GCC_493\Debug\EasyBoard.a(CyBootAsmGnu.o)
 .debug_info    0x000019b8      0x8b4 .\ARM_GCC_493\Debug\EasyBoard.a(CyDmac.o)
 .debug_info    0x0000226c      0xe36 .\ARM_GCC_493\Debug\EasyBoard.a(CyLib.o)
 .debug_info    0x000030a2      0x562 .\ARM_GCC_493\Debug\EasyBoard.a(cyPm.o)
 .debug_info    0x00003604      0x70b .\ARM_GCC_493\Debug\EasyBoard.a(USBUART.o)
 .debug_info    0x00003d0f      0x903 .\ARM_GCC_493\Debug\EasyBoard.a(USBUART_cdc.o)
 .debug_info    0x00004612      0x521 .\ARM_GCC_493\Debug\EasyBoard.a(USBUART_drv.o)
 .debug_info    0x00004b33      0x22f .\ARM_GCC_493\Debug\EasyBoard.a(USBUART_episr.o)
 .debug_info    0x00004d62      0x186 .\ARM_GCC_493\Debug\EasyBoard.a(USBUART_pm.o)
 .debug_info    0x00004ee8      0x940 .\ARM_GCC_493\Debug\EasyBoard.a(USBUART_std.o)
 .debug_info    0x00005828       0xe8 .\ARM_GCC_493\Debug\EasyBoard.a(USBUART_vnd.o)
 .debug_info    0x00005910      0x171 .\ARM_GCC_493\Debug\EasyBoard.a(USBUART_Dp.o)
 .debug_info    0x00005a81      0x241 .\ARM_GCC_493\Debug\EasyBoard.a(WaveDAC_1.o)
 .debug_info    0x00005cc2      0x114 .\ARM_GCC_493\Debug\EasyBoard.a(WaveDAC_1_Wave1_DMA_dma.o)
 .debug_info    0x00005dd6      0x114 .\ARM_GCC_493\Debug\EasyBoard.a(WaveDAC_1_Wave2_DMA_dma.o)
 .debug_info    0x00005eea      0x1ad .\ARM_GCC_493\Debug\EasyBoard.a(WaveDAC_1_IDAC8.o)
 .debug_info    0x00006097      0x253 .\ARM_GCC_493\Debug\EasyBoard.a(WaveDAC_0.o)
 .debug_info    0x000062ea      0x114 .\ARM_GCC_493\Debug\EasyBoard.a(WaveDAC_0_Wave1_DMA_dma.o)
 .debug_info    0x000063fe      0x114 .\ARM_GCC_493\Debug\EasyBoard.a(WaveDAC_0_Wave2_DMA_dma.o)
 .debug_info    0x00006512      0x1ad .\ARM_GCC_493\Debug\EasyBoard.a(WaveDAC_0_IDAC8.o)
 .debug_info    0x000066bf      0x25d .\ARM_GCC_493\Debug\EasyBoard.a(WaveDAC_0_Clock.o)
 .debug_info    0x0000691c      0x25d .\ARM_GCC_493\Debug\EasyBoard.a(WaveDAC_1_Clock.o)
 .debug_info    0x00006b79      0x4ca .\ARM_GCC_493\Debug\EasyBoard.a(SPI_FNG0.o)
 .debug_info    0x00007043      0x183 .\ARM_GCC_493\Debug\EasyBoard.a(SPI_FNG0_INT.o)
 .debug_info    0x000071c6      0x478 .\ARM_GCC_493\Debug\EasyBoard.a(Scope0_ADC.o)
 .debug_info    0x0000763e       0x92 .\ARM_GCC_493\Debug\EasyBoard.a(Scope0_ADC_INT.o)
 .debug_info    0x000076d0      0x25d .\ARM_GCC_493\Debug\EasyBoard.a(Scope0_ADC_theACLK.o)
 .debug_info    0x0000792d      0x11e .\ARM_GCC_493\Debug\EasyBoard.a(LED_0.o)
 .debug_info    0x00007a4b      0x11e .\ARM_GCC_493\Debug\EasyBoard.a(LED_1.o)
 .debug_info    0x00007b69      0x431 .\ARM_GCC_493\Debug\EasyBoard.a(SPIS.o)
 .debug_info    0x00007f9a      0x36c .\ARM_GCC_493\Debug\EasyBoard.a(CyFlash.o)
 .debug_info    0x00008306      0x459 .\ARM_GCC_493\Debug\EasyBoard.a(CySpc.o)
 .debug_info    0x0000875f      0x1bc .\ARM_GCC_493\Debug\EasyBoard.a(USBUART_cls.o)
 .debug_info    0x0000891b      0x28d .\ARM_GCC_493\Debug\EasyBoard.a(USBUART_descr.o)

.debug_abbrev   0x00000000     0x2c12
 *(.debug_abbrev)
 .debug_abbrev  0x00000000      0x235 .\ARM_GCC_493\Debug\main.o
 .debug_abbrev  0x00000235      0x12a .\ARM_GCC_493\Debug\FunctionGenerator.o
 .debug_abbrev  0x0000035f       0x83 .\ARM_GCC_493\Debug\Serial.o
 .debug_abbrev  0x000003e2       0x83 .\ARM_GCC_493\Debug\StringHelpers.o
 .debug_abbrev  0x00000465       0x77 .\ARM_GCC_493\Debug\cymetadata.o
 .debug_abbrev  0x000004dc      0x1b6 .\ARM_GCC_493\Debug\Cm3Start.o
 .debug_abbrev  0x00000692      0x183 .\ARM_GCC_493\Debug\EasyBoard.a(cyfitter_cfg.o)
 .debug_abbrev  0x00000815      0x120 .\ARM_GCC_493\Debug\EasyBoard.a(LCD.o)
 .debug_abbrev  0x00000935       0x14 .\ARM_GCC_493\Debug\EasyBoard.a(CyBootAsmGnu.o)
 .debug_abbrev  0x00000949      0x194 .\ARM_GCC_493\Debug\EasyBoard.a(CyDmac.o)
 .debug_abbrev  0x00000add      0x217 .\ARM_GCC_493\Debug\EasyBoard.a(CyLib.o)
 .debug_abbrev  0x00000cf4      0x161 .\ARM_GCC_493\Debug\EasyBoard.a(cyPm.o)
 .debug_abbrev  0x00000e55      0x1f3 .\ARM_GCC_493\Debug\EasyBoard.a(USBUART.o)
 .debug_abbrev  0x00001048      0x233 .\ARM_GCC_493\Debug\EasyBoard.a(USBUART_cdc.o)
 .debug_abbrev  0x0000127b      0x161 .\ARM_GCC_493\Debug\EasyBoard.a(USBUART_drv.o)
 .debug_abbrev  0x000013dc       0xfd .\ARM_GCC_493\Debug\EasyBoard.a(USBUART_episr.o)
 .debug_abbrev  0x000014d9       0xd1 .\ARM_GCC_493\Debug\EasyBoard.a(USBUART_pm.o)
 .debug_abbrev  0x000015aa      0x1c2 .\ARM_GCC_493\Debug\EasyBoard.a(USBUART_std.o)
 .debug_abbrev  0x0000176c       0x9b .\ARM_GCC_493\Debug\EasyBoard.a(USBUART_vnd.o)
 .debug_abbrev  0x00001807       0x90 .\ARM_GCC_493\Debug\EasyBoard.a(USBUART_Dp.o)
 .debug_abbrev  0x00001897       0xe3 .\ARM_GCC_493\Debug\EasyBoard.a(WaveDAC_1.o)
 .debug_abbrev  0x0000197a       0x8b .\ARM_GCC_493\Debug\EasyBoard.a(WaveDAC_1_Wave1_DMA_dma.o)
 .debug_abbrev  0x00001a05       0x8b .\ARM_GCC_493\Debug\EasyBoard.a(WaveDAC_1_Wave2_DMA_dma.o)
 .debug_abbrev  0x00001a90      0x114 .\ARM_GCC_493\Debug\EasyBoard.a(WaveDAC_1_IDAC8.o)
 .debug_abbrev  0x00001ba4       0xe3 .\ARM_GCC_493\Debug\EasyBoard.a(WaveDAC_0.o)
 .debug_abbrev  0x00001c87       0x8b .\ARM_GCC_493\Debug\EasyBoard.a(WaveDAC_0_Wave1_DMA_dma.o)
 .debug_abbrev  0x00001d12       0x8b .\ARM_GCC_493\Debug\EasyBoard.a(WaveDAC_0_Wave2_DMA_dma.o)
 .debug_abbrev  0x00001d9d      0x114 .\ARM_GCC_493\Debug\EasyBoard.a(WaveDAC_0_IDAC8.o)
 .debug_abbrev  0x00001eb1      0x11d .\ARM_GCC_493\Debug\EasyBoard.a(WaveDAC_0_Clock.o)
 .debug_abbrev  0x00001fce      0x11d .\ARM_GCC_493\Debug\EasyBoard.a(WaveDAC_1_Clock.o)
 .debug_abbrev  0x000020eb      0x168 .\ARM_GCC_493\Debug\EasyBoard.a(SPI_FNG0.o)
 .debug_abbrev  0x00002253       0x8a .\ARM_GCC_493\Debug\EasyBoard.a(SPI_FNG0_INT.o)
 .debug_abbrev  0x000022dd      0x173 .\ARM_GCC_493\Debug\EasyBoard.a(Scope0_ADC.o)
 .debug_abbrev  0x00002450       0x42 .\ARM_GCC_493\Debug\EasyBoard.a(Scope0_ADC_INT.o)
 .debug_abbrev  0x00002492      0x11d .\ARM_GCC_493\Debug\EasyBoard.a(Scope0_ADC_theACLK.o)
 .debug_abbrev  0x000025af       0x90 .\ARM_GCC_493\Debug\EasyBoard.a(LED_0.o)
 .debug_abbrev  0x0000263f       0x90 .\ARM_GCC_493\Debug\EasyBoard.a(LED_1.o)
 .debug_abbrev  0x000026cf      0x13e .\ARM_GCC_493\Debug\EasyBoard.a(SPIS.o)
 .debug_abbrev  0x0000280d      0x120 .\ARM_GCC_493\Debug\EasyBoard.a(CyFlash.o)
 .debug_abbrev  0x0000292d      0x16c .\ARM_GCC_493\Debug\EasyBoard.a(CySpc.o)
 .debug_abbrev  0x00002a99       0xc5 .\ARM_GCC_493\Debug\EasyBoard.a(USBUART_cls.o)
 .debug_abbrev  0x00002b5e       0xb4 .\ARM_GCC_493\Debug\EasyBoard.a(USBUART_descr.o)

.debug_line     0x00000000     0x461a
 *(.debug_line)
 .debug_line    0x00000000      0x404 .\ARM_GCC_493\Debug\main.o
 .debug_line    0x00000404      0x1b2 .\ARM_GCC_493\Debug\FunctionGenerator.o
 .debug_line    0x000005b6       0x64 .\ARM_GCC_493\Debug\Serial.o
 .debug_line    0x0000061a       0xce .\ARM_GCC_493\Debug\StringHelpers.o
 .debug_line    0x000006e8       0x53 .\ARM_GCC_493\Debug\cymetadata.o
 .debug_line    0x0000073b      0x1d5 .\ARM_GCC_493\Debug\Cm3Start.o
 .debug_line    0x00000910      0x23f .\ARM_GCC_493\Debug\EasyBoard.a(cyfitter_cfg.o)
 .debug_line    0x00000b4f      0x1e3 .\ARM_GCC_493\Debug\EasyBoard.a(LCD.o)
 .debug_line    0x00000d32       0x68 .\ARM_GCC_493\Debug\EasyBoard.a(CyBootAsmGnu.o)
 .debug_line    0x00000d9a      0x2b7 .\ARM_GCC_493\Debug\EasyBoard.a(CyDmac.o)
 .debug_line    0x00001051      0x872 .\ARM_GCC_493\Debug\EasyBoard.a(CyLib.o)
 .debug_line    0x000018c3      0x381 .\ARM_GCC_493\Debug\EasyBoard.a(cyPm.o)
 .debug_line    0x00001c44      0x304 .\ARM_GCC_493\Debug\EasyBoard.a(USBUART.o)
 .debug_line    0x00001f48      0x30e .\ARM_GCC_493\Debug\EasyBoard.a(USBUART_cdc.o)
 .debug_line    0x00002256      0x21c .\ARM_GCC_493\Debug\EasyBoard.a(USBUART_drv.o)
 .debug_line    0x00002472       0xf4 .\ARM_GCC_493\Debug\EasyBoard.a(USBUART_episr.o)
 .debug_line    0x00002566       0xe8 .\ARM_GCC_493\Debug\EasyBoard.a(USBUART_pm.o)
 .debug_line    0x0000264e      0x45d .\ARM_GCC_493\Debug\EasyBoard.a(USBUART_std.o)
 .debug_line    0x00002aab       0x7b .\ARM_GCC_493\Debug\EasyBoard.a(USBUART_vnd.o)
 .debug_line    0x00002b26       0xc0 .\ARM_GCC_493\Debug\EasyBoard.a(USBUART_Dp.o)
 .debug_line    0x00002be6       0xf2 .\ARM_GCC_493\Debug\EasyBoard.a(WaveDAC_1.o)
 .debug_line    0x00002cd8       0x9f .\ARM_GCC_493\Debug\EasyBoard.a(WaveDAC_1_Wave1_DMA_dma.o)
 .debug_line    0x00002d77       0x9f .\ARM_GCC_493\Debug\EasyBoard.a(WaveDAC_1_Wave2_DMA_dma.o)
 .debug_line    0x00002e16      0x112 .\ARM_GCC_493\Debug\EasyBoard.a(WaveDAC_1_IDAC8.o)
 .debug_line    0x00002f28       0xf2 .\ARM_GCC_493\Debug\EasyBoard.a(WaveDAC_0.o)
 .debug_line    0x0000301a       0x9f .\ARM_GCC_493\Debug\EasyBoard.a(WaveDAC_0_Wave1_DMA_dma.o)
 .debug_line    0x000030b9       0x9f .\ARM_GCC_493\Debug\EasyBoard.a(WaveDAC_0_Wave2_DMA_dma.o)
 .debug_line    0x00003158      0x112 .\ARM_GCC_493\Debug\EasyBoard.a(WaveDAC_0_IDAC8.o)
 .debug_line    0x0000326a      0x1c3 .\ARM_GCC_493\Debug\EasyBoard.a(WaveDAC_0_Clock.o)
 .debug_line    0x0000342d      0x1c3 .\ARM_GCC_493\Debug\EasyBoard.a(WaveDAC_1_Clock.o)
 .debug_line    0x000035f0      0x28b .\ARM_GCC_493\Debug\EasyBoard.a(SPI_FNG0.o)
 .debug_line    0x0000387b       0xb4 .\ARM_GCC_493\Debug\EasyBoard.a(SPI_FNG0_INT.o)
 .debug_line    0x0000392f      0x20e .\ARM_GCC_493\Debug\EasyBoard.a(Scope0_ADC.o)
 .debug_line    0x00003b3d       0x5c .\ARM_GCC_493\Debug\EasyBoard.a(Scope0_ADC_INT.o)
 .debug_line    0x00003b99      0x1c6 .\ARM_GCC_493\Debug\EasyBoard.a(Scope0_ADC_theACLK.o)
 .debug_line    0x00003d5f       0x96 .\ARM_GCC_493\Debug\EasyBoard.a(LED_0.o)
 .debug_line    0x00003df5       0x96 .\ARM_GCC_493\Debug\EasyBoard.a(LED_1.o)
 .debug_line    0x00003e8b      0x277 .\ARM_GCC_493\Debug\EasyBoard.a(SPIS.o)
 .debug_line    0x00004102      0x207 .\ARM_GCC_493\Debug\EasyBoard.a(CyFlash.o)
 .debug_line    0x00004309      0x217 .\ARM_GCC_493\Debug\EasyBoard.a(CySpc.o)
 .debug_line    0x00004520       0x97 .\ARM_GCC_493\Debug\EasyBoard.a(USBUART_cls.o)
 .debug_line    0x000045b7       0x63 .\ARM_GCC_493\Debug\EasyBoard.a(USBUART_descr.o)

.debug_frame    0x00000000     0x565c
 *(.debug_frame)
 .debug_frame   0x00000000      0x2d0 .\ARM_GCC_493\Debug\main.o
 .debug_frame   0x000002d0      0x1b8 .\ARM_GCC_493\Debug\FunctionGenerator.o
 .debug_frame   0x00000488       0x60 .\ARM_GCC_493\Debug\Serial.o
 .debug_frame   0x000004e8       0x3c .\ARM_GCC_493\Debug\StringHelpers.o
 .debug_frame   0x00000524       0xd8 .\ARM_GCC_493\Debug\Cm3Start.o
 .debug_frame   0x000005fc      0x160 .\ARM_GCC_493\Debug\EasyBoard.a(cyfitter_cfg.o)
 .debug_frame   0x0000075c      0x260 .\ARM_GCC_493\Debug\EasyBoard.a(LCD.o)
 .debug_frame   0x000009bc      0x3d0 .\ARM_GCC_493\Debug\EasyBoard.a(CyDmac.o)
 .debug_frame   0x00000d8c      0xbe8 .\ARM_GCC_493\Debug\EasyBoard.a(CyLib.o)
 .debug_frame   0x00001974      0x234 .\ARM_GCC_493\Debug\EasyBoard.a(cyPm.o)
 .debug_frame   0x00001ba8      0x37c .\ARM_GCC_493\Debug\EasyBoard.a(USBUART.o)
 .debug_frame   0x00001f24      0x3ec .\ARM_GCC_493\Debug\EasyBoard.a(USBUART_cdc.o)
 .debug_frame   0x00002310      0x23c .\ARM_GCC_493\Debug\EasyBoard.a(USBUART_drv.o)
 .debug_frame   0x0000254c       0xbc .\ARM_GCC_493\Debug\EasyBoard.a(USBUART_episr.o)
 .debug_frame   0x00002608       0xbc .\ARM_GCC_493\Debug\EasyBoard.a(USBUART_pm.o)
 .debug_frame   0x000026c4      0x224 .\ARM_GCC_493\Debug\EasyBoard.a(USBUART_std.o)
 .debug_frame   0x000028e8       0x38 .\ARM_GCC_493\Debug\EasyBoard.a(USBUART_vnd.o)
 .debug_frame   0x00002920       0xf4 .\ARM_GCC_493\Debug\EasyBoard.a(USBUART_Dp.o)
 .debug_frame   0x00002a14       0xf8 .\ARM_GCC_493\Debug\EasyBoard.a(WaveDAC_1.o)
 .debug_frame   0x00002b0c       0x58 .\ARM_GCC_493\Debug\EasyBoard.a(WaveDAC_1_Wave1_DMA_dma.o)
 .debug_frame   0x00002b64       0x58 .\ARM_GCC_493\Debug\EasyBoard.a(WaveDAC_1_Wave2_DMA_dma.o)
 .debug_frame   0x00002bbc      0x158 .\ARM_GCC_493\Debug\EasyBoard.a(WaveDAC_1_IDAC8.o)
 .debug_frame   0x00002d14       0xf8 .\ARM_GCC_493\Debug\EasyBoard.a(WaveDAC_0.o)
 .debug_frame   0x00002e0c       0x58 .\ARM_GCC_493\Debug\EasyBoard.a(WaveDAC_0_Wave1_DMA_dma.o)
 .debug_frame   0x00002e64       0x58 .\ARM_GCC_493\Debug\EasyBoard.a(WaveDAC_0_Wave2_DMA_dma.o)
 .debug_frame   0x00002ebc      0x158 .\ARM_GCC_493\Debug\EasyBoard.a(WaveDAC_0_IDAC8.o)
 .debug_frame   0x00003014      0x1b4 .\ARM_GCC_493\Debug\EasyBoard.a(WaveDAC_0_Clock.o)
 .debug_frame   0x000031c8      0x1b4 .\ARM_GCC_493\Debug\EasyBoard.a(WaveDAC_1_Clock.o)
 .debug_frame   0x0000337c      0x384 .\ARM_GCC_493\Debug\EasyBoard.a(SPI_FNG0.o)
 .debug_frame   0x00003700       0x60 .\ARM_GCC_493\Debug\EasyBoard.a(SPI_FNG0_INT.o)
 .debug_frame   0x00003760      0x2c0 .\ARM_GCC_493\Debug\EasyBoard.a(Scope0_ADC.o)
 .debug_frame   0x00003a20       0x34 .\ARM_GCC_493\Debug\EasyBoard.a(Scope0_ADC_INT.o)
 .debug_frame   0x00003a54      0x1b4 .\ARM_GCC_493\Debug\EasyBoard.a(Scope0_ADC_theACLK.o)
 .debug_frame   0x00003c08       0xa8 .\ARM_GCC_493\Debug\EasyBoard.a(LED_0.o)
 .debug_frame   0x00003cb0       0xa8 .\ARM_GCC_493\Debug\EasyBoard.a(LED_1.o)
 .debug_frame   0x00003d58      0x3c4 .\ARM_GCC_493\Debug\EasyBoard.a(SPIS.o)
 .debug_frame   0x0000411c      0x210 .\ARM_GCC_493\Debug\EasyBoard.a(CyFlash.o)
 .debug_frame   0x0000432c      0x1f8 .\ARM_GCC_493\Debug\EasyBoard.a(CySpc.o)
 .debug_frame   0x00004524       0x38 .\ARM_GCC_493\Debug\EasyBoard.a(USBUART_cls.o)
 .debug_frame   0x0000455c       0x38 c:/program files (x86)/cypress/psoc creator/3.3/psoc creator/import/gnu/arm/4.9.3/bin/../lib/gcc/arm-none-eabi/4.9.3/../../../../arm-none-eabi/lib/armv7-m\libm.a(lib_a-s_sin.o)
 .debug_frame   0x00004594       0x48 c:/program files (x86)/cypress/psoc creator/3.3/psoc creator/import/gnu/arm/4.9.3/bin/../lib/gcc/arm-none-eabi/4.9.3/../../../../arm-none-eabi/lib/armv7-m\libm.a(lib_a-e_rem_pio2.o)
 .debug_frame   0x000045dc       0x4c c:/program files (x86)/cypress/psoc creator/3.3/psoc creator/import/gnu/arm/4.9.3/bin/../lib/gcc/arm-none-eabi/4.9.3/../../../../arm-none-eabi/lib/armv7-m\libm.a(lib_a-k_cos.o)
 .debug_frame   0x00004628       0x54 c:/program files (x86)/cypress/psoc creator/3.3/psoc creator/import/gnu/arm/4.9.3/bin/../lib/gcc/arm-none-eabi/4.9.3/../../../../arm-none-eabi/lib/armv7-m\libm.a(lib_a-k_rem_pio2.o)
 .debug_frame   0x0000467c       0x48 c:/program files (x86)/cypress/psoc creator/3.3/psoc creator/import/gnu/arm/4.9.3/bin/../lib/gcc/arm-none-eabi/4.9.3/../../../../arm-none-eabi/lib/armv7-m\libm.a(lib_a-k_sin.o)
 .debug_frame   0x000046c4       0x20 c:/program files (x86)/cypress/psoc creator/3.3/psoc creator/import/gnu/arm/4.9.3/bin/../lib/gcc/arm-none-eabi/4.9.3/../../../../arm-none-eabi/lib/armv7-m\libm.a(lib_a-s_fabs.o)
 .debug_frame   0x000046e4       0x34 c:/program files (x86)/cypress/psoc creator/3.3/psoc creator/import/gnu/arm/4.9.3/bin/../lib/gcc/arm-none-eabi/4.9.3/../../../../arm-none-eabi/lib/armv7-m\libm.a(lib_a-s_floor.o)
 .debug_frame   0x00004718       0x30 c:/program files (x86)/cypress/psoc creator/3.3/psoc creator/import/gnu/arm/4.9.3/bin/../lib/gcc/arm-none-eabi/4.9.3/../../../../arm-none-eabi/lib/armv7-m\libm.a(lib_a-s_scalbn.o)
 .debug_frame   0x00004748       0x20 c:/program files (x86)/cypress/psoc creator/3.3/psoc creator/import/gnu/arm/4.9.3/bin/../lib/gcc/arm-none-eabi/4.9.3/../../../../arm-none-eabi/lib/armv7-m\libm.a(lib_a-s_copysign.o)
 .debug_frame   0x00004768       0x28 c:/program files (x86)/cypress/psoc creator/3.3/psoc creator/import/gnu/arm/4.9.3/bin/../lib/gcc/arm-none-eabi/4.9.3/armv7-m\libgcc.a(_aeabi_ldivmod.o)
 .debug_frame   0x00004790       0x54 c:/program files (x86)/cypress/psoc creator/3.3/psoc creator/import/gnu/arm/4.9.3/bin/../lib/gcc/arm-none-eabi/4.9.3/armv7-m\libgcc.a(bpabi.o)
 .debug_frame   0x000047e4       0x34 c:/program files (x86)/cypress/psoc creator/3.3/psoc creator/import/gnu/arm/4.9.3/bin/../lib/gcc/arm-none-eabi/4.9.3/armv7-m\libgcc.a(_divdi3.o)
 .debug_frame   0x00004818       0x34 c:/program files (x86)/cypress/psoc creator/3.3/psoc creator/import/gnu/arm/4.9.3/bin/../lib/gcc/arm-none-eabi/4.9.3/armv7-m\libgcc.a(_udivdi3.o)
 .debug_frame   0x0000484c       0x20 c:/program files (x86)/cypress/psoc creator/3.3/psoc creator/import/gnu/arm/4.9.3/bin/../lib/gcc/arm-none-eabi/4.9.3/../../../../arm-none-eabi/lib/armv7-m\libg_nano.a(lib_a-errno.o)
 .debug_frame   0x0000486c       0x28 c:/program files (x86)/cypress/psoc creator/3.3/psoc creator/import/gnu/arm/4.9.3/bin/../lib/gcc/arm-none-eabi/4.9.3/../../../../arm-none-eabi/lib/armv7-m\libg_nano.a(lib_a-exit.o)
 .debug_frame   0x00004894       0x2c c:/program files (x86)/cypress/psoc creator/3.3/psoc creator/import/gnu/arm/4.9.3/bin/../lib/gcc/arm-none-eabi/4.9.3/../../../../arm-none-eabi/lib/armv7-m\libg_nano.a(lib_a-init.o)
 .debug_frame   0x000048c0       0x28 c:/program files (x86)/cypress/psoc creator/3.3/psoc creator/import/gnu/arm/4.9.3/bin/../lib/gcc/arm-none-eabi/4.9.3/../../../../arm-none-eabi/lib/armv7-m\libg_nano.a(lib_a-memcpy.o)
 .debug_frame   0x000048e8       0x28 c:/program files (x86)/cypress/psoc creator/3.3/psoc creator/import/gnu/arm/4.9.3/bin/../lib/gcc/arm-none-eabi/4.9.3/../../../../arm-none-eabi/lib/armv7-m\libg_nano.a(lib_a-memmove.o)
 .debug_frame   0x00004910       0x20 c:/program files (x86)/cypress/psoc creator/3.3/psoc creator/import/gnu/arm/4.9.3/bin/../lib/gcc/arm-none-eabi/4.9.3/../../../../arm-none-eabi/lib/armv7-m\libg_nano.a(lib_a-memset.o)
 .debug_frame   0x00004930       0x8c c:/program files (x86)/cypress/psoc creator/3.3/psoc creator/import/gnu/arm/4.9.3/bin/../lib/gcc/arm-none-eabi/4.9.3/../../../../arm-none-eabi/lib/armv7-m\libg_nano.a(lib_a-nano-vfprintf_float.o)
 .debug_frame   0x000049bc       0x58 c:/program files (x86)/cypress/psoc creator/3.3/psoc creator/import/gnu/arm/4.9.3/bin/../lib/gcc/arm-none-eabi/4.9.3/../../../../arm-none-eabi/lib/armv7-m\libg_nano.a(lib_a-nano-vfprintf_i.o)
 .debug_frame   0x00004a14       0x28 c:/program files (x86)/cypress/psoc creator/3.3/psoc creator/import/gnu/arm/4.9.3/bin/../lib/gcc/arm-none-eabi/4.9.3/../../../../arm-none-eabi/lib/armv7-m\libg_nano.a(lib_a-s_fpclassify.o)
 .debug_frame   0x00004a3c       0x70 c:/program files (x86)/cypress/psoc creator/3.3/psoc creator/import/gnu/arm/4.9.3/bin/../lib/gcc/arm-none-eabi/4.9.3/../../../../arm-none-eabi/lib/armv7-m\libg_nano.a(lib_a-sprintf.o)
 .debug_frame   0x00004aac       0x80 c:/program files (x86)/cypress/psoc creator/3.3/psoc creator/import/gnu/arm/4.9.3/bin/../lib/gcc/arm-none-eabi/4.9.3/../../../../arm-none-eabi/lib/armv7-m\libg_nano.a(lib_a-sscanf.o)
 .debug_frame   0x00004b2c       0x88 c:/program files (x86)/cypress/psoc creator/3.3/psoc creator/import/gnu/arm/4.9.3/bin/../lib/gcc/arm-none-eabi/4.9.3/../../../../arm-none-eabi/lib/armv7-m\libg_nano.a(lib_a-stdio.o)
 .debug_frame   0x00004bb4       0x20 c:/program files (x86)/cypress/psoc creator/3.3/psoc creator/import/gnu/arm/4.9.3/bin/../lib/gcc/arm-none-eabi/4.9.3/../../../../arm-none-eabi/lib/armv7-m\libg_nano.a(lib_a-strlen.o)
 .debug_frame   0x00004bd4       0x2c c:/program files (x86)/cypress/psoc creator/3.3/psoc creator/import/gnu/arm/4.9.3/bin/../lib/gcc/arm-none-eabi/4.9.3/../../../../arm-none-eabi/lib/armv7-m\libg_nano.a(lib_a-writer.o)
 .debug_frame   0x00004c00       0x2c c:/program files (x86)/cypress/psoc creator/3.3/psoc creator/import/gnu/arm/4.9.3/bin/../lib/gcc/arm-none-eabi/4.9.3/../../../../arm-none-eabi/lib/armv7-m\libg_nano.a(lib_a-closer.o)
 .debug_frame   0x00004c2c       0x6c c:/program files (x86)/cypress/psoc creator/3.3/psoc creator/import/gnu/arm/4.9.3/bin/../lib/gcc/arm-none-eabi/4.9.3/../../../../arm-none-eabi/lib/armv7-m\libg_nano.a(lib_a-dtoa.o)
 .debug_frame   0x00004c98       0x98 c:/program files (x86)/cypress/psoc creator/3.3/psoc creator/import/gnu/arm/4.9.3/bin/../lib/gcc/arm-none-eabi/4.9.3/../../../../arm-none-eabi/lib/armv7-m\libg_nano.a(lib_a-locale.o)
 .debug_frame   0x00004d30       0x2c c:/program files (x86)/cypress/psoc creator/3.3/psoc creator/import/gnu/arm/4.9.3/bin/../lib/gcc/arm-none-eabi/4.9.3/../../../../arm-none-eabi/lib/armv7-m\libg_nano.a(lib_a-lseekr.o)
 .debug_frame   0x00004d5c       0x30 c:/program files (x86)/cypress/psoc creator/3.3/psoc creator/import/gnu/arm/4.9.3/bin/../lib/gcc/arm-none-eabi/4.9.3/../../../../arm-none-eabi/lib/armv7-m\libg_nano.a(lib_a-malloc.o)
 .debug_frame   0x00004d8c       0x28 c:/program files (x86)/cypress/psoc creator/3.3/psoc creator/import/gnu/arm/4.9.3/bin/../lib/gcc/arm-none-eabi/4.9.3/../../../../arm-none-eabi/lib/armv7-m\libg_nano.a(lib_a-memchr.o)
 .debug_frame   0x00004db4      0x230 c:/program files (x86)/cypress/psoc creator/3.3/psoc creator/import/gnu/arm/4.9.3/bin/../lib/gcc/arm-none-eabi/4.9.3/../../../../arm-none-eabi/lib/armv7-m\libg_nano.a(lib_a-mprec.o)
 .debug_frame   0x00004fe4       0x2c c:/program files (x86)/cypress/psoc creator/3.3/psoc creator/import/gnu/arm/4.9.3/bin/../lib/gcc/arm-none-eabi/4.9.3/../../../../arm-none-eabi/lib/armv7-m\libg_nano.a(lib_a-nano-callocr.o)
 .debug_frame   0x00005010       0x2c c:/program files (x86)/cypress/psoc creator/3.3/psoc creator/import/gnu/arm/4.9.3/bin/../lib/gcc/arm-none-eabi/4.9.3/../../../../arm-none-eabi/lib/armv7-m\libg_nano.a(lib_a-nano-freer.o)
 .debug_frame   0x0000503c       0x2c c:/program files (x86)/cypress/psoc creator/3.3/psoc creator/import/gnu/arm/4.9.3/bin/../lib/gcc/arm-none-eabi/4.9.3/../../../../arm-none-eabi/lib/armv7-m\libg_nano.a(lib_a-nano-mallocr.o)
 .debug_frame   0x00005068       0x8c c:/program files (x86)/cypress/psoc creator/3.3/psoc creator/import/gnu/arm/4.9.3/bin/../lib/gcc/arm-none-eabi/4.9.3/../../../../arm-none-eabi/lib/armv7-m\libg_nano.a(lib_a-nano-svfprintf.o)
 .debug_frame   0x000050f4       0x70 c:/program files (x86)/cypress/psoc creator/3.3/psoc creator/import/gnu/arm/4.9.3/bin/../lib/gcc/arm-none-eabi/4.9.3/../../../../arm-none-eabi/lib/armv7-m\libg_nano.a(lib_a-nano-svfscanf.o)
 .debug_frame   0x00005164       0x5c c:/program files (x86)/cypress/psoc creator/3.3/psoc creator/import/gnu/arm/4.9.3/bin/../lib/gcc/arm-none-eabi/4.9.3/../../../../arm-none-eabi/lib/armv7-m\libg_nano.a(lib_a-nano-vfscanf_i.o)
 .debug_frame   0x000051c0       0x2c c:/program files (x86)/cypress/psoc creator/3.3/psoc creator/import/gnu/arm/4.9.3/bin/../lib/gcc/arm-none-eabi/4.9.3/../../../../arm-none-eabi/lib/armv7-m\libg_nano.a(lib_a-readr.o)
 .debug_frame   0x000051ec       0x5c c:/program files (x86)/cypress/psoc creator/3.3/psoc creator/import/gnu/arm/4.9.3/bin/../lib/gcc/arm-none-eabi/4.9.3/../../../../arm-none-eabi/lib/armv7-m\libg_nano.a(lib_a-reent.o)
 .debug_frame   0x00005248       0x2c c:/program files (x86)/cypress/psoc creator/3.3/psoc creator/import/gnu/arm/4.9.3/bin/../lib/gcc/arm-none-eabi/4.9.3/../../../../arm-none-eabi/lib/armv7-m\libg_nano.a(lib_a-sbrkr.o)
 .debug_frame   0x00005274       0x30 c:/program files (x86)/cypress/psoc creator/3.3/psoc creator/import/gnu/arm/4.9.3/bin/../lib/gcc/arm-none-eabi/4.9.3/../../../../arm-none-eabi/lib/armv7-m\libg_nano.a(lib_a-sccl.o)
 .debug_frame   0x000052a4       0x54 c:/program files (x86)/cypress/psoc creator/3.3/psoc creator/import/gnu/arm/4.9.3/bin/../lib/gcc/arm-none-eabi/4.9.3/../../../../arm-none-eabi/lib/armv7-m\libg_nano.a(lib_a-strtol.o)
 .debug_frame   0x000052f8       0x54 c:/program files (x86)/cypress/psoc creator/3.3/psoc creator/import/gnu/arm/4.9.3/bin/../lib/gcc/arm-none-eabi/4.9.3/../../../../arm-none-eabi/lib/armv7-m\libg_nano.a(lib_a-strtoul.o)
 .debug_frame   0x0000534c       0x5c c:/program files (x86)/cypress/psoc creator/3.3/psoc creator/import/gnu/arm/4.9.3/bin/../lib/gcc/arm-none-eabi/4.9.3/../../../../arm-none-eabi/lib/armv7-m\libg_nano.a(lib_a-ungetc.o)
 .debug_frame   0x000053a8       0x68 c:/program files (x86)/cypress/psoc creator/3.3/psoc creator/import/gnu/arm/4.9.3/bin/../lib/gcc/arm-none-eabi/4.9.3/../../../../arm-none-eabi/lib/armv7-m\libg_nano.a(lib_a-fflush.o)
 .debug_frame   0x00005410      0x11c c:/program files (x86)/cypress/psoc creator/3.3/psoc creator/import/gnu/arm/4.9.3/bin/../lib/gcc/arm-none-eabi/4.9.3/../../../../arm-none-eabi/lib/armv7-m\libg_nano.a(lib_a-findfp.o)
 .debug_frame   0x0000552c       0x54 c:/program files (x86)/cypress/psoc creator/3.3/psoc creator/import/gnu/arm/4.9.3/bin/../lib/gcc/arm-none-eabi/4.9.3/../../../../arm-none-eabi/lib/armv7-m\libg_nano.a(lib_a-fwalk.o)
 .debug_frame   0x00005580       0x3c c:/program files (x86)/cypress/psoc creator/3.3/psoc creator/import/gnu/arm/4.9.3/bin/../lib/gcc/arm-none-eabi/4.9.3/../../../../arm-none-eabi/lib/armv7-m\libg_nano.a(lib_a-nano-reallocr.o)
 .debug_frame   0x000055bc       0x20 c:/program files (x86)/cypress/psoc creator/3.3/psoc creator/import/gnu/arm/4.9.3/bin/../lib/gcc/arm-none-eabi/4.9.3/../../../../arm-none-eabi/lib/armv7-m\libg_nano.a(lib_a-nano-msizer.o)
 .debug_frame   0x000055dc       0x20 c:/program files (x86)/cypress/psoc creator/3.3/psoc creator/import/gnu/arm/4.9.3/bin/../lib/gcc/arm-none-eabi/4.9.3/../../../../arm-none-eabi/lib/armv7-m\libnosys.a(close.o)
 .debug_frame   0x000055fc       0x20 c:/program files (x86)/cypress/psoc creator/3.3/psoc creator/import/gnu/arm/4.9.3/bin/../lib/gcc/arm-none-eabi/4.9.3/../../../../arm-none-eabi/lib/armv7-m\libnosys.a(lseek.o)
 .debug_frame   0x0000561c       0x20 c:/program files (x86)/cypress/psoc creator/3.3/psoc creator/import/gnu/arm/4.9.3/bin/../lib/gcc/arm-none-eabi/4.9.3/../../../../arm-none-eabi/lib/armv7-m\libnosys.a(read.o)
 .debug_frame   0x0000563c       0x20 c:/program files (x86)/cypress/psoc creator/3.3/psoc creator/import/gnu/arm/4.9.3/bin/../lib/gcc/arm-none-eabi/4.9.3/../../../../arm-none-eabi/lib/armv7-m\libnosys.a(write.o)

.debug_str      0x00000000     0x4256
 *(.debug_str)
 .debug_str     0x00000000      0x546 .\ARM_GCC_493\Debug\main.o
                                0x5ab (size before relaxing)
 .debug_str     0x00000546       0xd1 .\ARM_GCC_493\Debug\FunctionGenerator.o
                                0x286 (size before relaxing)
 .debug_str     0x00000617       0x33 .\ARM_GCC_493\Debug\Serial.o
                                0x109 (size before relaxing)
 .debug_str     0x0000064a       0x2b .\ARM_GCC_493\Debug\StringHelpers.o
                                0x18e (size before relaxing)
 .debug_str     0x00000675       0x77 .\ARM_GCC_493\Debug\cymetadata.o
                                0x1ed (size before relaxing)
 .debug_str     0x000006ec      0x133 .\ARM_GCC_493\Debug\Cm3Start.o
                                0x2ce (size before relaxing)
 .debug_str     0x0000081f      0x181 .\ARM_GCC_493\Debug\EasyBoard.a(cyfitter_cfg.o)
                                0x316 (size before relaxing)
 .debug_str     0x000009a0      0x173 .\ARM_GCC_493\Debug\EasyBoard.a(LCD.o)
                                0x310 (size before relaxing)
 .debug_str     0x00000b13      0x35b .\ARM_GCC_493\Debug\EasyBoard.a(CyDmac.o)
                                0x514 (size before relaxing)
 .debug_str     0x00000e6e      0x7af .\ARM_GCC_493\Debug\EasyBoard.a(CyLib.o)
                                0x9c9 (size before relaxing)
 .debug_str     0x0000161d      0x367 .\ARM_GCC_493\Debug\EasyBoard.a(cyPm.o)
                                0x52e (size before relaxing)
 .debug_str     0x00001984      0x428 .\ARM_GCC_493\Debug\EasyBoard.a(USBUART.o)
                                0x5e2 (size before relaxing)
 .debug_str     0x00001dac      0x4ce .\ARM_GCC_493\Debug\EasyBoard.a(USBUART_cdc.o)
                                0x711 (size before relaxing)
 .debug_str     0x0000227a      0x298 .\ARM_GCC_493\Debug\EasyBoard.a(USBUART_drv.o)
                                0x5f1 (size before relaxing)
 .debug_str     0x00002512       0x82 .\ARM_GCC_493\Debug\EasyBoard.a(USBUART_episr.o)
                                0x2be (size before relaxing)
 .debug_str     0x00002594       0xa2 .\ARM_GCC_493\Debug\EasyBoard.a(USBUART_pm.o)
                                0x262 (size before relaxing)
 .debug_str     0x00002636      0x29c .\ARM_GCC_493\Debug\EasyBoard.a(USBUART_std.o)
                                0x739 (size before relaxing)
 .debug_str     0x000028d2       0x40 .\ARM_GCC_493\Debug\EasyBoard.a(USBUART_vnd.o)
                                0x1e4 (size before relaxing)
 .debug_str     0x00002912       0xc0 .\ARM_GCC_493\Debug\EasyBoard.a(USBUART_Dp.o)
                                0x244 (size before relaxing)
 .debug_str     0x000029d2      0x15b .\ARM_GCC_493\Debug\EasyBoard.a(WaveDAC_1.o)
                                0x2df (size before relaxing)
 .debug_str     0x00002b2d       0xcd .\ARM_GCC_493\Debug\EasyBoard.a(WaveDAC_1_Wave1_DMA_dma.o)
                                0x24a (size before relaxing)
 .debug_str     0x00002bfa       0x92 .\ARM_GCC_493\Debug\EasyBoard.a(WaveDAC_1_Wave2_DMA_dma.o)
                                0x24a (size before relaxing)
 .debug_str     0x00002c8c      0x12e .\ARM_GCC_493\Debug\EasyBoard.a(WaveDAC_1_IDAC8.o)
                                0x2ab (size before relaxing)
 .debug_str     0x00002dba      0x11e .\ARM_GCC_493\Debug\EasyBoard.a(WaveDAC_0.o)
                                0x2df (size before relaxing)
 .debug_str     0x00002ed8       0x92 .\ARM_GCC_493\Debug\EasyBoard.a(WaveDAC_0_Wave1_DMA_dma.o)
                                0x24a (size before relaxing)
 .debug_str     0x00002f6a       0x92 .\ARM_GCC_493\Debug\EasyBoard.a(WaveDAC_0_Wave2_DMA_dma.o)
                                0x24a (size before relaxing)
 .debug_str     0x00002ffc      0x119 .\ARM_GCC_493\Debug\EasyBoard.a(WaveDAC_0_IDAC8.o)
                                0x2ab (size before relaxing)
 .debug_str     0x00003115      0x1c4 .\ARM_GCC_493\Debug\EasyBoard.a(WaveDAC_0_Clock.o)
                                0x351 (size before relaxing)
 .debug_str     0x000032d9      0x179 .\ARM_GCC_493\Debug\EasyBoard.a(WaveDAC_1_Clock.o)