Archive member included because of file (symbol)

.\ARM_GCC_493\Debug\EasyBoard_5LP.a(cyfitter_cfg.o)
                              .\ARM_GCC_493\Debug\Cm3Start.o (cyfitter_cfg)
.\ARM_GCC_493\Debug\EasyBoard_5LP.a(LCD.o)
                              .\ARM_GCC_493\Debug\main.o (LCD_WriteControl)
.\ARM_GCC_493\Debug\EasyBoard_5LP.a(CyBootAsmGnu.o)
                              .\ARM_GCC_493\Debug\EasyBoard_5LP.a(cyfitter_cfg.o) (CyDelayCycles)
.\ARM_GCC_493\Debug\EasyBoard_5LP.a(CyDmac.o)
                              .\ARM_GCC_493\Debug\Cm3Start.o (CyDmacConfigure)
.\ARM_GCC_493\Debug\EasyBoard_5LP.a(CyLib.o)
                              .\ARM_GCC_493\Debug\Cm3Start.o (CyResetStatus)
.\ARM_GCC_493\Debug\EasyBoard_5LP.a(cyPm.o)
                              .\ARM_GCC_493\Debug\EasyBoard_5LP.a(CyLib.o) (CyPmReadStatus)
.\ARM_GCC_493\Debug\EasyBoard_5LP.a(USBUART.o)
                              .\ARM_GCC_493\Debug\main.o (USBUART_Start)
.\ARM_GCC_493\Debug\EasyBoard_5LP.a(USBUART_cdc.o)
                              .\ARM_GCC_493\Debug\main.o (USBUART_CDC_Init)
.\ARM_GCC_493\Debug\EasyBoard_5LP.a(USBUART_drv.o)
                              .\ARM_GCC_493\Debug\EasyBoard_5LP.a(USBUART.o) (USBUART_EP)
.\ARM_GCC_493\Debug\EasyBoard_5LP.a(USBUART_episr.o)
                              .\ARM_GCC_493\Debug\EasyBoard_5LP.a(USBUART.o) (USBUART_EP_1_ISR)
.\ARM_GCC_493\Debug\EasyBoard_5LP.a(USBUART_pm.o)
                              .\ARM_GCC_493\Debug\EasyBoard_5LP.a(USBUART.o) (USBUART_DP_ISR)
.\ARM_GCC_493\Debug\EasyBoard_5LP.a(USBUART_std.o)
                              .\ARM_GCC_493\Debug\EasyBoard_5LP.a(USBUART_drv.o) (USBUART_HandleStandardRqst)
.\ARM_GCC_493\Debug\EasyBoard_5LP.a(USBUART_vnd.o)
                              .\ARM_GCC_493\Debug\EasyBoard_5LP.a(USBUART_drv.o) (USBUART_HandleVendorRqst)
.\ARM_GCC_493\Debug\EasyBoard_5LP.a(USBUART_Dp.o)
                              .\ARM_GCC_493\Debug\EasyBoard_5LP.a(USBUART_pm.o) (USBUART_Dp_ClearInterrupt)
.\ARM_GCC_493\Debug\EasyBoard_5LP.a(WaveDAC_1.o)
                              .\ARM_GCC_493\Debug\main.o (WaveDAC_1_Start)
.\ARM_GCC_493\Debug\EasyBoard_5LP.a(WaveDAC_1_Wave1_DMA_dma.o)
                              .\ARM_GCC_493\Debug\EasyBoard_5LP.a(WaveDAC_1.o) (WaveDAC_1_Wave1_DMA_DmaInitialize)
.\ARM_GCC_493\Debug\EasyBoard_5LP.a(WaveDAC_1_Wave2_DMA_dma.o)
                              .\ARM_GCC_493\Debug\EasyBoard_5LP.a(WaveDAC_1.o) (WaveDAC_1_Wave2_DMA_DmaInitialize)
.\ARM_GCC_493\Debug\EasyBoard_5LP.a(WaveDAC_1_VDAC8.o)
                              .\ARM_GCC_493\Debug\EasyBoard_5LP.a(WaveDAC_1.o) (WaveDAC_1_VDAC8_Init)
.\ARM_GCC_493\Debug\EasyBoard_5LP.a(WaveDAC_1_Mux.o)
                              .\ARM_GCC_493\Debug\main.o (WaveDAC_1_Mux_Start)
.\ARM_GCC_493\Debug\EasyBoard_5LP.a(WaveDAC_0_Mux.o)
                              .\ARM_GCC_493\Debug\main.o (WaveDAC_0_Mux_Start)
.\ARM_GCC_493\Debug\EasyBoard_5LP.a(WaveDAC_0.o)
                              .\ARM_GCC_493\Debug\main.o (WaveDAC_0_Start)
.\ARM_GCC_493\Debug\EasyBoard_5LP.a(WaveDAC_0_Wave1_DMA_dma.o)
                              .\ARM_GCC_493\Debug\EasyBoard_5LP.a(WaveDAC_0.o) (WaveDAC_0_Wave1_DMA_DmaInitialize)
.\ARM_GCC_493\Debug\EasyBoard_5LP.a(WaveDAC_0_Wave2_DMA_dma.o)
                              .\ARM_GCC_493\Debug\EasyBoard_5LP.a(WaveDAC_0.o) (WaveDAC_0_Wave2_DMA_DmaInitialize)
.\ARM_GCC_493\Debug\EasyBoard_5LP.a(WaveDAC_0_Clock.o)
                              .\ARM_GCC_493\Debug\main.o (WaveDAC_0_Clock_Start)
.\ARM_GCC_493\Debug\EasyBoard_5LP.a(WaveDAC_1_Clock.o)
                              .\ARM_GCC_493\Debug\main.o (WaveDAC_1_Clock_Start)
.\ARM_GCC_493\Debug\EasyBoard_5LP.a(LED_0.o)
                              .\ARM_GCC_493\Debug\main.o (LED_0_Write)
.\ARM_GCC_493\Debug\EasyBoard_5LP.a(LED_1.o)
                              .\ARM_GCC_493\Debug\main.o (LED_1_Write)
.\ARM_GCC_493\Debug\EasyBoard_5LP.a(SPIS.o)
                              .\ARM_GCC_493\Debug\main.o (SPIS_ReadRxStatus)
.\ARM_GCC_493\Debug\EasyBoard_5LP.a(WaveDAC_0_VDAC8.o)
                              .\ARM_GCC_493\Debug\EasyBoard_5LP.a(WaveDAC_0.o) (WaveDAC_0_VDAC8_Init)
.\ARM_GCC_493\Debug\EasyBoard_5LP.a(CyFlash.o)
                              .\ARM_GCC_493\Debug\EasyBoard_5LP.a(cyPm.o) (CyFlash_SetWaitCycles)
.\ARM_GCC_493\Debug\EasyBoard_5LP.a(CySpc.o)
                              .\ARM_GCC_493\Debug\EasyBoard_5LP.a(CyFlash.o) (CySpcStart)
.\ARM_GCC_493\Debug\EasyBoard_5LP.a(USBUART_cls.o)
                              .\ARM_GCC_493\Debug\EasyBoard_5LP.a(USBUART_drv.o) (USBUART_DispatchClassRqst)
.\ARM_GCC_493\Debug\EasyBoard_5LP.a(USBUART_descr.o)
                              .\ARM_GCC_493\Debug\EasyBoard_5LP.a(USBUART_std.o) (USBUART_DEVICE0_DESCR)
c:/program files (x86)/cypress/psoc creator/3.3/psoc creator/import/gnu/arm/4.9.3/bin/../lib/gcc/arm-none-eabi/4.9.3/../../../../arm-none-eabi/lib/armv7-m\libm.a(lib_a-s_sin.o)
[...]
Memory Configuration

Name             Origin             Length             Attributes
rom              0x00000000         0x00040000         xr
ram              0x1fff8000         0x00010000         xrw
*default*        0x00000000         0xffffffff

Linker script and memory map

LOAD c:/program files (x86)/cypress/psoc creator/3.3/psoc creator/import/gnu/arm/4.9.3/bin/../lib/gcc/arm-none-eabi/4.9.3/armv7-m/crti.o
LOAD c:/program files (x86)/cypress/psoc creator/3.3/psoc creator/import/gnu/arm/4.9.3/bin/../lib/gcc/arm-none-eabi/4.9.3/armv7-m/crtbegin.o
LOAD c:/program files (x86)/cypress/psoc creator/3.3/psoc creator/import/gnu/arm/4.9.3/bin/../lib/gcc/arm-none-eabi/4.9.3/../../../../arm-none-eabi/lib/armv7-m/crt0.o
START GROUP
LOAD .\ARM_GCC_493\Debug\main.o
LOAD .\ARM_GCC_493\Debug\FunctionGenerator.o
LOAD .\ARM_GCC_493\Debug\Serial.o
LOAD .\ARM_GCC_493\Debug\StringHelpers.o
LOAD .\ARM_GCC_493\Debug\cymetadata.o
LOAD .\ARM_GCC_493\Debug\Cm3Start.o
LOAD .\ARM_GCC_493\Debug\EasyBoard_5LP.a
LOAD C:\Program Files (x86)\Cypress\PSoC Creator\3.3\PSoC Creator\psoc\content\cycomponentlibrary\CyComponentLibrary.cylib\CortexM3\ARM_GCC_493\Debug\CyComponentLibrary.a
LOAD c:/program files (x86)/cypress/psoc creator/3.3/psoc creator/import/gnu/arm/4.9.3/bin/../lib/gcc/arm-none-eabi/4.9.3/../../../../arm-none-eabi/lib/armv7-m\libm.a
END GROUP
START GROUP
LOAD c:/program files (x86)/cypress/psoc creator/3.3/psoc creator/import/gnu/arm/4.9.3/bin/../lib/gcc/arm-none-eabi/4.9.3/armv7-m\libgcc.a
LOAD c:/program files (x86)/cypress/psoc creator/3.3/psoc creator/import/gnu/arm/4.9.3/bin/../lib/gcc/arm-none-eabi/4.9.3/../../../../arm-none-eabi/lib/armv7-m\libg_nano.a
LOAD c:/program files (x86)/cypress/psoc creator/3.3/psoc creator/import/gnu/arm/4.9.3/bin/../lib/gcc/arm-none-eabi/4.9.3/../../../../arm-none-eabi/lib/armv7-m\libc_nano.a
END GROUP
START GROUP
LOAD c:/program files (x86)/cypress/psoc creator/3.3/psoc creator/import/gnu/arm/4.9.3/bin/../lib/gcc/arm-none-eabi/4.9.3/armv7-m\libgcc.a
LOAD c:/program files (x86)/cypress/psoc creator/3.3/psoc creator/import/gnu/arm/4.9.3/bin/../lib/gcc/arm-none-eabi/4.9.3/../../../../arm-none-eabi/lib/armv7-m\libc_nano.a
END GROUP
LOAD c:/program files (x86)/cypress/psoc creator/3.3/psoc creator/import/gnu/arm/4.9.3/bin/../lib/gcc/arm-none-eabi/4.9.3/armv7-m/crtend.o
LOAD c:/program files (x86)/cypress/psoc creator/3.3/psoc creator/import/gnu/arm/4.9.3/bin/../lib/gcc/arm-none-eabi/4.9.3/armv7-m/crtn.o
START GROUP
LOAD c:/program files (x86)/cypress/psoc creator/3.3/psoc creator/import/gnu/arm/4.9.3/bin/../lib/gcc/arm-none-eabi/4.9.3/armv7-m\libgcc.a
LOAD c:/program files (x86)/cypress/psoc creator/3.3/psoc creator/import/gnu/arm/4.9.3/bin/../lib/gcc/arm-none-eabi/4.9.3/../../../../arm-none-eabi/lib/armv7-m\libc.a
LOAD c:/program files (x86)/cypress/psoc creator/3.3/psoc creator/import/gnu/arm/4.9.3/bin/../lib/gcc/arm-none-eabi/4.9.3/../../../../arm-none-eabi/lib/armv7-m\libnosys.a
END GROUP
                0x00000000                CY_APPL_ORIGIN = 0x0
                0x00000100                CY_FLASH_ROW_SIZE = 0x100
                0x00000020                CY_ECC_ROW_SIZE = 0x20
                0x00000000                CY_EE_IN_BTLDR = 0x0
                0x00000000                CY_APPL_LOADABLE = 0x0
                0x00000800                CY_EE_SIZE = 0x800
                0x00000001                CY_APPL_NUM = 0x1
                0x00000001                CY_APPL_MAX = 0x1
                0x00000040                CY_METADATA_SIZE = 0x40
                0x00000000                CY_APPL_LOADABLE = 0x0
                0x00000000                CY_CHECKSUM_EXCLUDE_SIZE = ALIGN (0x0, CY_FLASH_ROW_SIZE)
                0x1fffa248                PROVIDE (__cy_heap_start, _end)
                0x00000001                PROVIDE (__cy_region_num, ((__cy_regions_end - __cy_regions) / 0x10))
                0x20008000                PROVIDE (__cy_stack, (ORIGIN (ram) + 0x10000))
                0x20007800                PROVIDE (__cy_heap_end, (__cy_stack - 0x800))

.cybootloader   0x00000000        0x0
 *(.cybootloader)
                0x00000000                appl1_start = CY_APPL_ORIGIN?CY_APPL_ORIGIN:ALIGN (CY_FLASH_ROW_SIZE)
                0x0001ff00                appl2_start = (appl1_start + ALIGN ((((0x40000 - appl1_start) - (0x2 * CY_FLASH_ROW_SIZE)) / 0x2), CY_FLASH_ROW_SIZE))
                0x00000000                appl_start = (CY_APPL_NUM == 0x1)?appl1_start:appl2_start
                0x00000000                ecc_offset = ((appl_start / CY_FLASH_ROW_SIZE) * CY_ECC_ROW_SIZE)
                0x00000000                ee_offset = (CY_APPL_LOADABLE && ! (CY_EE_IN_BTLDR))?((CY_EE_SIZE / CY_APPL_MAX) * (CY_APPL_NUM - 0x1)):0x0
                0x00000800                ee_size = (CY_APPL_LOADABLE && ! (CY_EE_IN_BTLDR))?(CY_EE_SIZE / CY_APPL_MAX):CY_EE_SIZE
                0x00000000                PROVIDE (CY_ECC_OFFSET, ecc_offset)

.text           0x00000000     0x8c00
 CREATE_OBJECT_SYMBOLS
                0x00000000                PROVIDE (__cy_interrupt_vector, RomVectors)
 *(.romvectors)
 .romvectors    0x00000000       0x10 .\ARM_GCC_493\Debug\Cm3Start.o
                0x00000000                RomVectors
                0x00000001                ASSERT ((. != __cy_interrupt_vector), No interrupt vector)
                0x00000001                ASSERT (CY_APPL_ORIGIN?(SIZEOF (.cybootloader) <= CY_APPL_ORIGIN):0x1, Wrong image location)
                0x00000010                PROVIDE (__cy_reset, Reset)
 *(.text.Reset)
 .text.Reset    0x00000010       0x18 .\ARM_GCC_493\Debug\Cm3Start.o
                0x00000010                Reset
                0x00000001                ASSERT ((. != __cy_reset), No reset code)
 *(.dma_init)
 .dma_init      0x00000028      0x228 .\ARM_GCC_493\Debug\EasyBoard_5LP.a(cyfitter_cfg.o)
                0x00000001                ASSERT ((((appl_start + .) <= 0x10000) || 0x0), DMA Init must be within the first 64k of flash)
 *(.text .text.* .gnu.linkonce.t.*)
 .text          0x00000250       0x5c c:/program files (x86)/cypress/psoc creator/3.3/psoc creator/import/gnu/arm/4.9.3/bin/../lib/gcc/arm-none-eabi/4.9.3/armv7-m/crtbegin.o
 .text.PSOC5_Init
                0x000002ac       0x3c .\ARM_GCC_493\Debug\main.o
                0x000002ac                PSOC5_Init
 .text.initializeFng
                0x000002e8       0x44 .\ARM_GCC_493\Debug\main.o
                0x000002e8                initializeFng
 .text.initializeScope
                0x0000032c       0x30 .\ARM_GCC_493\Debug\main.o
                0x0000032c                initializeScope
 .text.initializeState
                0x0000035c       0x3c .\ARM_GCC_493\Debug\main.o
                0x0000035c                initializeState
 .text.getFngCommand
                0x00000398       0x54 .\ARM_GCC_493\Debug\main.o
                0x00000398                getFngCommand
 .text.getFng   0x000003ec       0x30 .\ARM_GCC_493\Debug\main.o
                0x000003ec                getFng
 .text.disableFng
                0x0000041c       0x28 .\ARM_GCC_493\Debug\main.o
                0x0000041c                disableFng
 .text.setFngFreq
                0x00000444       0x34 .\ARM_GCC_493\Debug\main.o
                0x00000444                setFngFreq
 .text.setFngShape
                0x00000478       0x34 .\ARM_GCC_493\Debug\main.o
                0x00000478                setFngShape
 .text.setFngVoltage
                0x000004ac       0x48 .\ARM_GCC_493\Debug\main.o
                0x000004ac                setFngVoltage
 .text.setFngChannel
                0x000004f4       0x4c .\ARM_GCC_493\Debug\main.o
                0x000004f4                setFngChannel
 .text.main     0x00000540      0x51c .\ARM_GCC_493\Debug\main.o
                0x00000540                main
 .text.StopWaveDac
                0x00000a5c       0x24 .\ARM_GCC_493\Debug\FunctionGenerator.o
                0x00000a5c                StopWaveDac
 .text.StartWaveDac
                0x00000a80       0x98 .\ARM_GCC_493\Debug\FunctionGenerator.o
                0x00000a80                StartWaveDac
 .text.SetSquare
                0x00000b18       0x54 .\ARM_GCC_493\Debug\FunctionGenerator.o
                0x00000b18                SetSquare
 *fill*         0x00000b6c        0x4 
 .text.SetSine  0x00000b70       0xc8 .\ARM_GCC_493\Debug\FunctionGenerator.o
                0x00000b70                SetSine
 .text.SetTriangle
                0x00000c38      0x104 .\ARM_GCC_493\Debug\FunctionGenerator.o
                0x00000c38                SetTriangle
 .text.SetSawtooth
                0x00000d3c       0x78 .\ARM_GCC_493\Debug\FunctionGenerator.o
                0x00000d3c                SetSawtooth
 .text.SetDC    0x00000db4       0x38 .\ARM_GCC_493\Debug\FunctionGenerator.o
                0x00000db4                SetDC
 .text.SetWaveform
                0x00000dec       0x7c .\ARM_GCC_493\Debug\FunctionGenerator.o
                0x00000dec                SetWaveform
 .text.GetCurrentWaveform
                0x00000e68       0x44 .\ARM_GCC_493\Debug\FunctionGenerator.o
                0x00000e68                GetCurrentWaveform
 *fill*         0x00000eac        0x4 
 .text.ChangeFrequency
                0x00000eb0       0xf0 .\ARM_GCC_493\Debug\FunctionGenerator.o
                0x00000eb0                ChangeFrequency
 .text.IntDefaultHandler
                0x00000fa0        0x8 .\ARM_GCC_493\Debug\Cm3Start.o
                0x00000fa0                IntDefaultHandler
 .text._sbrk    0x00000fa8       0x54 .\ARM_GCC_493\Debug\Cm3Start.o
                0x00000fa8                _sbrk
 .text.Start_c  0x00000ffc       0x98 .\ARM_GCC_493\Debug\Cm3Start.o
                0x00000ffc                Start_c
 .text.initialize_psoc
                0x00001094       0x90 .\ARM_GCC_493\Debug\Cm3Start.o
                0x00001094                initialize_psoc
 .text.CYMEMZERO
                0x00001124       0x1c .\ARM_GCC_493\Debug\EasyBoard_5LP.a(cyfitter_cfg.o)
 .text.CYCONFIGCPY
                0x00001140       0x1c .\ARM_GCC_493\Debug\EasyBoard_5LP.a(cyfitter_cfg.o)
 .text.CyClockStartupError
                0x0000115c        0xc .\ARM_GCC_493\Debug\EasyBoard_5LP.a(cyfitter_cfg.o)
 .text.cfg_dma_init
                0x00001168      0x180 .\ARM_GCC_493\Debug\EasyBoard_5LP.a(cyfitter_cfg.o)
 .text.ClockSetup
                0x000012e8      0x12c .\ARM_GCC_493\Debug\EasyBoard_5LP.a(cyfitter_cfg.o)
 .text.AnalogSetDefault
                0x00001414       0xd0 .\ARM_GCC_493\Debug\EasyBoard_5LP.a(cyfitter_cfg.o)
 .text.WaveDAC_0_Mux_Set
                0x000014e4       0x6c .\ARM_GCC_493\Debug\EasyBoard_5LP.a(cyfitter_cfg.o)
                0x000014e4                WaveDAC_0_Mux_Set
 .text.WaveDAC_0_Mux_Unset
                0x00001550       0x74 .\ARM_GCC_493\Debug\EasyBoard_5LP.a(cyfitter_cfg.o)
                0x00001550                WaveDAC_0_Mux_Unset
 .text.WaveDAC_1_Mux_Set
                0x000015c4       0x6c .\ARM_GCC_493\Debug\EasyBoard_5LP.a(cyfitter_cfg.o)
                0x000015c4                WaveDAC_1_Mux_Set
 .text.WaveDAC_1_Mux_Unset
                0x00001630       0x74 .\ARM_GCC_493\Debug\EasyBoard_5LP.a(cyfitter_cfg.o)
                0x00001630                WaveDAC_1_Mux_Unset
 .text.cyfitter_cfg
                0x000016a4      0x170 .\ARM_GCC_493\Debug\EasyBoard_5LP.a(cyfitter_cfg.o)
                0x000016a4                cyfitter_cfg
 .text.LCD_Init
                0x00001814       0x6c .\ARM_GCC_493\Debug\EasyBoard_5LP.a(LCD.o)
                0x00001814                LCD_Init
 .text.LCD_Enable
                0x00001880       0x18 .\ARM_GCC_493\Debug\EasyBoard_5LP.a(LCD.o)
                0x00001880                LCD_Enable
 .text.LCD_Start
                0x00001898       0x20 .\ARM_GCC_493\Debug\EasyBoard_5LP.a(LCD.o)
                0x00001898                LCD_Start
 .text.LCD_Position
                0x000018b8       0x6c .\ARM_GCC_493\Debug\EasyBoard_5LP.a(LCD.o)
                0x000018b8                LCD_Position
 .text.LCD_PrintString
                0x00001924       0x38 .\ARM_GCC_493\Debug\EasyBoard_5LP.a(LCD.o)
                0x00001924                LCD_PrintString
 .text.LCD_WriteData
                0x0000195c       0x34 .\ARM_GCC_493\Debug\EasyBoard_5LP.a(LCD.o)
                0x0000195c                LCD_WriteData
 .text.LCD_WriteControl
                0x00001990       0x34 .\ARM_GCC_493\Debug\EasyBoard_5LP.a(LCD.o)
                0x00001990                LCD_WriteControl
 .text.LCD_IsReady
                0x000019c4      0x178 .\ARM_GCC_493\Debug\EasyBoard_5LP.a(LCD.o)
                0x000019c4                LCD_IsReady
 .text.LCD_WrDatNib
                0x00001b3c       0x78 .\ARM_GCC_493\Debug\EasyBoard_5LP.a(LCD.o)
 .text.LCD_WrCntrlNib
                0x00001bb4       0x60 .\ARM_GCC_493\Debug\EasyBoard_5LP.a(LCD.o)
 *fill*         0x00001c14        0x4 
 .text          0x00001c18       0x20 .\ARM_GCC_493\Debug\EasyBoard_5LP.a(CyBootAsmGnu.o)
                0x00001c18                CyDelayCycles
                0x00001c28                CyEnterCriticalSection
                0x00001c30                CyExitCriticalSection
 .text.CyDmacConfigure
                0x00001c38       0x5c .\ARM_GCC_493\Debug\EasyBoard_5LP.a(CyDmac.o)
                0x00001c38                CyDmacConfigure
 .text.CyDmaChEnable
                0x00001c94       0x8c .\ARM_GCC_493\Debug\EasyBoard_5LP.a(CyDmac.o)
                0x00001c94                CyDmaChEnable
 .text.CyDmaChDisable
                0x00001d20       0x64 .\ARM_GCC_493\Debug\EasyBoard_5LP.a(CyDmac.o)
                0x00001d20                CyDmaChDisable
 .text.CyDmaChPriority
                0x00001d84       0x60 .\ARM_GCC_493\Debug\EasyBoard_5LP.a(CyDmac.o)
                0x00001d84                CyDmaChPriority
 .text.CyDmaChSetExtendedAddress
                0x00001de4       0x7c .\ARM_GCC_493\Debug\EasyBoard_5LP.a(CyDmac.o)
                0x00001de4                CyDmaChSetExtendedAddress
 .text.CyDmaChSetInitialTd
                0x00001e60       0x3c .\ARM_GCC_493\Debug\EasyBoard_5LP.a(CyDmac.o)
                0x00001e60                CyDmaChSetInitialTd
 .text.CyDmaChSetConfiguration
                0x00001e9c       0xa0 .\ARM_GCC_493\Debug\EasyBoard_5LP.a(CyDmac.o)
                0x00001e9c                CyDmaChSetConfiguration
 .text.CyDmaTdAllocate
                0x00001f3c       0x5c .\ARM_GCC_493\Debug\EasyBoard_5LP.a(CyDmac.o)
                0x00001f3c                CyDmaTdAllocate
 .text.CyDmaTdSetConfiguration
                0x00001f98       0x80 .\ARM_GCC_493\Debug\EasyBoard_5LP.a(CyDmac.o)
                0x00001f98                CyDmaTdSetConfiguration
 .text.CyDmaTdSetAddress
                0x00002018       0x5c .\ARM_GCC_493\Debug\EasyBoard_5LP.a(CyDmac.o)
                0x00002018                CyDmaTdSetAddress
 .text.CyHalt   0x00002074       0x18 .\ARM_GCC_493\Debug\EasyBoard_5LP.a(CyLib.o)
                0x00002074                CyHalt
 .text.CyDelay  0x0000208c       0x44 .\ARM_GCC_493\Debug\EasyBoard_5LP.a(CyLib.o)
                0x0000208c                CyDelay
 .text.CyDelayUs
                0x000020d0       0x24 .\ARM_GCC_493\Debug\EasyBoard_5LP.a(CyLib.o)
                0x000020d0                CyDelayUs
 .text.CyIntSetVector
                0x000020f4       0x50 .\ARM_GCC_493\Debug\EasyBoard_5LP.a(CyLib.o)
                0x000020f4                CyIntSetVector
 .text.CyIntSetPriority
                0x00002144       0x44 .\ARM_GCC_493\Debug\EasyBoard_5LP.a(CyLib.o)
                0x00002144                CyIntSetPriority
 .text.CyGetUniqueId
                0x00002188       0xc4 .\ARM_GCC_493\Debug\EasyBoard_5LP.a(CyLib.o)
                0x00002188                CyGetUniqueId
 .text.USBUART_Start
                0x0000224c       0x38 .\ARM_GCC_493\Debug\EasyBoard_5LP.a(USBUART.o)
                0x0000224c                USBUART_Start
 .text.USBUART_Init
                0x00002284      0x1a0 .\ARM_GCC_493\Debug\EasyBoard_5LP.a(USBUART.o)
                0x00002284                USBUART_Init
 .text.USBUART_InitComponent
                0x00002424      0x100 .\ARM_GCC_493\Debug\EasyBoard_5LP.a(USBUART.o)
                0x00002424                USBUART_InitComponent
 .text.USBUART_ReInitComponent
                0x00002524       0x68 .\ARM_GCC_493\Debug\EasyBoard_5LP.a(USBUART.o)
                0x00002524                USBUART_ReInitComponent
 .text.USBUART_EnableOutEP
                0x0000258c       0x54 .\ARM_GCC_493\Debug\EasyBoard_5LP.a(USBUART.o)
                0x0000258c                USBUART_EnableOutEP
 .text.USBUART_DispatchCDCClassRqst
                0x000025e0       0xe8 .\ARM_GCC_493\Debug\EasyBoard_5LP.a(USBUART_cdc.o)
                0x000025e0                USBUART_DispatchCDCClassRqst
 .text.USBUART_GetInterfaceComPort
                0x000026c8       0x60 .\ARM_GCC_493\Debug\EasyBoard_5LP.a(USBUART_cdc.o)
                0x000026c8                USBUART_GetInterfaceComPort
 .text.USBUART_CDC_Init
                0x00002728       0xa8 .\ARM_GCC_493\Debug\EasyBoard_5LP.a(USBUART_cdc.o)
                0x00002728                USBUART_CDC_Init
 .text.USBUART_Cdc_EpInit
                0x000027d0       0x94 .\ARM_GCC_493\Debug\EasyBoard_5LP.a(USBUART_cdc.o)
                0x000027d0                USBUART_Cdc_EpInit
 .text.USBUART_EP_0_ISR
                0x00002864       0xf8 .\ARM_GCC_493\Debug\EasyBoard_5LP.a(USBUART_drv.o)
                0x00002864                USBUART_EP_0_ISR
 .text.USBUART_HandleSetup
                0x0000295c       0x88 .\ARM_GCC_493\Debug\EasyBoard_5LP.a(USBUART_drv.o)
                0x0000295c                USBUART_HandleSetup
 .text.USBUART_HandleIN
                0x000029e4       0x4c .\ARM_GCC_493\Debug\EasyBoard_5LP.a(USBUART_drv.o)
                0x000029e4                USBUART_HandleIN
 .text.USBUART_HandleOUT
                0x00002a30       0x58 .\ARM_GCC_493\Debug\EasyBoard_5LP.a(USBUART_drv.o)
                0x00002a30                USBUART_HandleOUT
 .text.USBUART_LoadEP0
                0x00002a88       0xd0 .\ARM_GCC_493\Debug\EasyBoard_5LP.a(USBUART_drv.o)
                0x00002a88                USBUART_LoadEP0
 .text.USBUART_InitControlRead
                0x00002b58       0x70 .\ARM_GCC_493\Debug\EasyBoard_5LP.a(USBUART_drv.o)
                0x00002b58                USBUART_InitControlRead
 .text.USBUART_InitZeroLengthControlTransfer
                0x00002bc8       0x44 .\ARM_GCC_493\Debug\EasyBoard_5LP.a(USBUART_drv.o)
                0x00002bc8                USBUART_InitZeroLengthControlTransfer
 .text.USBUART_ControlReadDataStage
                0x00002c0c        0xc .\ARM_GCC_493\Debug\EasyBoard_5LP.a(USBUART_drv.o)
                0x00002c0c                USBUART_ControlReadDataStage
 .text.USBUART_ControlReadStatusStage
                0x00002c18       0x40 .\ARM_GCC_493\Debug\EasyBoard_5LP.a(USBUART_drv.o)
                0x00002c18                USBUART_ControlReadStatusStage
 .text.USBUART_InitControlWrite
                0x00002c58       0x64 .\ARM_GCC_493\Debug\EasyBoard_5LP.a(USBUART_drv.o)
                0x00002c58                USBUART_InitControlWrite
 .text.USBUART_ControlWriteDataStage
                0x00002cbc       0xb4 .\ARM_GCC_493\Debug\EasyBoard_5LP.a(USBUART_drv.o)
                0x00002cbc                USBUART_ControlWriteDataStage
 .text.USBUART_ControlWriteStatusStage
                0x00002d70       0x20 .\ARM_GCC_493\Debug\EasyBoard_5LP.a(USBUART_drv.o)
                0x00002d70                USBUART_ControlWriteStatusStage
 .text.USBUART_InitNoDataControlTransfer
                0x00002d90       0x38 .\ARM_GCC_493\Debug\EasyBoard_5LP.a(USBUART_drv.o)
                0x00002d90                USBUART_InitNoDataControlTransfer
 .text.USBUART_NoDataControlStatusStage
                0x00002dc8       0x48 .\ARM_GCC_493\Debug\EasyBoard_5LP.a(USBUART_drv.o)
                0x00002dc8                USBUART_NoDataControlStatusStage
 .text.USBUART_UpdateStatusBlock
                0x00002e10       0x40 .\ARM_GCC_493\Debug\EasyBoard_5LP.a(USBUART_drv.o)
                0x00002e10                USBUART_UpdateStatusBlock
 .text.USBUART_InitializeStatusBlock
                0x00002e50       0x34 .\ARM_GCC_493\Debug\EasyBoard_5LP.a(USBUART_drv.o)
                0x00002e50                USBUART_InitializeStatusBlock
 .text.USBUART_EP_1_ISR
                0x00002e84       0x54 .\ARM_GCC_493\Debug\EasyBoard_5LP.a(USBUART_episr.o)
                0x00002e84                USBUART_EP_1_ISR
 .text.USBUART_EP_2_ISR
                0x00002ed8       0x54 .\ARM_GCC_493\Debug\EasyBoard_5LP.a(USBUART_episr.o)
                0x00002ed8                USBUART_EP_2_ISR
 .text.USBUART_EP_3_ISR
                0x00002f2c       0x5c .\ARM_GCC_493\Debug\EasyBoard_5LP.a(USBUART_episr.o)
                0x00002f2c                USBUART_EP_3_ISR
 .text.USBUART_SOF_ISR
                0x00002f88        0xc .\ARM_GCC_493\Debug\EasyBoard_5LP.a(USBUART_episr.o)
                0x00002f88                USBUART_SOF_ISR
 .text.USBUART_BUS_RESET_ISR
                0x00002f94        0xc .\ARM_GCC_493\Debug\EasyBoard_5LP.a(USBUART_episr.o)
                0x00002f94                USBUART_BUS_RESET_ISR
 .text.USBUART_DP_ISR
                0x00002fa0        0xc .\ARM_GCC_493\Debug\EasyBoard_5LP.a(USBUART_pm.o)
                0x00002fa0                USBUART_DP_ISR
 .text.USBUART_HandleStandardRqst
                0x00002fac      0x47c .\ARM_GCC_493\Debug\EasyBoard_5LP.a(USBUART_std.o)
                0x00002fac                USBUART_HandleStandardRqst
 .text.USBUART_ReadDieID
                0x00003428       0xd4 .\ARM_GCC_493\Debug\EasyBoard_5LP.a(USBUART_std.o)
                0x00003428                USBUART_ReadDieID
 .text.USBUART_ConfigReg
                0x000034fc      0x11c .\ARM_GCC_493\Debug\EasyBoard_5LP.a(USBUART_std.o)
                0x000034fc                USBUART_ConfigReg
 .text.USBUART_Config
                0x00003618      0x3a4 .\ARM_GCC_493\Debug\EasyBoard_5LP.a(USBUART_std.o)
                0x00003618                USBUART_Config
 .text.USBUART_ConfigAltChanged
                0x000039bc      0x23c .\ARM_GCC_493\Debug\EasyBoard_5LP.a(USBUART_std.o)
                0x000039bc                USBUART_ConfigAltChanged
 .text.USBUART_GetConfigTablePtr
                0x00003bf8       0x54 .\ARM_GCC_493\Debug\EasyBoard_5LP.a(USBUART_std.o)
                0x00003bf8                USBUART_GetConfigTablePtr
 .text.USBUART_GetDeviceTablePtr
                0x00003c4c       0x24 .\ARM_GCC_493\Debug\EasyBoard_5LP.a(USBUART_std.o)
                0x00003c4c                USBUART_GetDeviceTablePtr
 .text.USBUART_GetInterfaceClassTablePtr
                0x00003c70       0x4c .\ARM_GCC_493\Debug\EasyBoard_5LP.a(USBUART_std.o)
                0x00003c70                USBUART_GetInterfaceClassTablePtr
 .text.USBUART_SetEndpointHalt
                0x00003cbc       0xdc .\ARM_GCC_493\Debug\EasyBoard_5LP.a(USBUART_std.o)
                0x00003cbc                USBUART_SetEndpointHalt
 .text.USBUART_ClearEndpointHalt
                0x00003d98      0x130 .\ARM_GCC_493\Debug\EasyBoard_5LP.a(USBUART_std.o)
                0x00003d98                USBUART_ClearEndpointHalt
 .text.USBUART_ValidateAlternateSetting
                0x00003ec8       0x70 .\ARM_GCC_493\Debug\EasyBoard_5LP.a(USBUART_std.o)
                0x00003ec8                USBUART_ValidateAlternateSetting
 .text.USBUART_HandleVendorRqst
                0x00003f38       0x38 .\ARM_GCC_493\Debug\EasyBoard_5LP.a(USBUART_vnd.o)
                0x00003f38                USBUART_HandleVendorRqst
 .text.USBUART_Dp_ClearInterrupt
                0x00003f70       0x20 .\ARM_GCC_493\Debug\EasyBoard_5LP.a(USBUART_Dp.o)
                0x00003f70                USBUART_Dp_ClearInterrupt
 .text.WaveDAC_1_Init
                0x00003f90       0x50 .\ARM_GCC_493\Debug\EasyBoard_5LP.a(WaveDAC_1.o)
                0x00003f90                WaveDAC_1_Init
 .text.WaveDAC_1_Enable
                0x00003fe0       0x30 .\ARM_GCC_493\Debug\EasyBoard_5LP.a(WaveDAC_1.o)
                0x00003fe0                WaveDAC_1_Enable
 .text.WaveDAC_1_Start
                0x00004010       0x20 .\ARM_GCC_493\Debug\EasyBoard_5LP.a(WaveDAC_1.o)
                0x00004010                WaveDAC_1_Start
 .text.WaveDAC_1_StartEx
                0x00004030       0x34 .\ARM_GCC_493\Debug\EasyBoard_5LP.a(WaveDAC_1.o)
                0x00004030                WaveDAC_1_StartEx
 .text.WaveDAC_1_Stop
                0x00004064       0x28 .\ARM_GCC_493\Debug\EasyBoard_5LP.a(WaveDAC_1.o)
                0x00004064                WaveDAC_1_Stop
 .text.WaveDAC_1_Wave1Setup
                0x0000408c       0x70 .\ARM_GCC_493\Debug\EasyBoard_5LP.a(WaveDAC_1.o)
                0x0000408c                WaveDAC_1_Wave1Setup
 .text.WaveDAC_1_Wave2Setup
                0x000040fc       0x70 .\ARM_GCC_493\Debug\EasyBoard_5LP.a(WaveDAC_1.o)
                0x000040fc                WaveDAC_1_Wave2Setup
 .text.WaveDAC_1_Wave1_DMA_DmaInitialize
                0x0000416c       0x68 .\ARM_GCC_493\Debug\EasyBoard_5LP.a(WaveDAC_1_Wave1_DMA_dma.o)
                0x0000416c                WaveDAC_1_Wave1_DMA_DmaInitialize
 .text.WaveDAC_1_Wave2_DMA_DmaInitialize
                0x000041d4       0x68 .\ARM_GCC_493\Debug\EasyBoard_5LP.a(WaveDAC_1_Wave2_DMA_dma.o)
                0x000041d4                WaveDAC_1_Wave2_DMA_DmaInitialize
 .text.WaveDAC_1_VDAC8_Init
                0x0000423c       0x3c .\ARM_GCC_493\Debug\EasyBoard_5LP.a(WaveDAC_1_VDAC8.o)
                0x0000423c                WaveDAC_1_VDAC8_Init
 .text.WaveDAC_1_VDAC8_Enable
                0x00004278       0x34 .\ARM_GCC_493\Debug\EasyBoard_5LP.a(WaveDAC_1_VDAC8.o)
                0x00004278                WaveDAC_1_VDAC8_Enable
 .text.WaveDAC_1_VDAC8_Stop
                0x000042ac       0x34 .\ARM_GCC_493\Debug\EasyBoard_5LP.a(WaveDAC_1_VDAC8.o)
                0x000042ac                WaveDAC_1_VDAC8_Stop
 .text.WaveDAC_1_VDAC8_SetSpeed
                0x000042e0       0x40 .\ARM_GCC_493\Debug\EasyBoard_5LP.a(WaveDAC_1_VDAC8.o)
                0x000042e0                WaveDAC_1_VDAC8_SetSpeed
 .text.WaveDAC_1_VDAC8_SetRange
                0x00004320       0x40 .\ARM_GCC_493\Debug\EasyBoard_5LP.a(WaveDAC_1_VDAC8.o)
                0x00004320                WaveDAC_1_VDAC8_SetRange
 .text.WaveDAC_1_VDAC8_SetValue
                0x00004360       0x20 .\ARM_GCC_493\Debug\EasyBoard_5LP.a(WaveDAC_1_VDAC8.o)
                0x00004360                WaveDAC_1_VDAC8_SetValue
 .text.WaveDAC_1_VDAC8_DacTrim
                0x00004380       0x3c .\ARM_GCC_493\Debug\EasyBoard_5LP.a(WaveDAC_1_VDAC8.o)
                0x00004380                WaveDAC_1_VDAC8_DacTrim
 .text.WaveDAC_1_Mux_Start
                0x000043bc       0x30 .\ARM_GCC_493\Debug\EasyBoard_5LP.a(WaveDAC_1_Mux.o)
                0x000043bc                WaveDAC_1_Mux_Start
 .text.WaveDAC_1_Mux_FastSelect
                0x000043ec       0x34 .\ARM_GCC_493\Debug\EasyBoard_5LP.a(WaveDAC_1_Mux.o)
                0x000043ec                WaveDAC_1_Mux_FastSelect
 .text.WaveDAC_0_Mux_Start
                0x00004420       0x30 .\ARM_GCC_493\Debug\EasyBoard_5LP.a(WaveDAC_0_Mux.o)
                0x00004420                WaveDAC_0_Mux_Start
 .text.WaveDAC_0_Mux_FastSelect
                0x00004450       0x34 .\ARM_GCC_493\Debug\EasyBoard_5LP.a(WaveDAC_0_Mux.o)
                0x00004450                WaveDAC_0_Mux_FastSelect
 .text.WaveDAC_0_Init
                0x00004484       0x54 .\ARM_GCC_493\Debug\EasyBoard_5LP.a(WaveDAC_0.o)
                0x00004484                WaveDAC_0_Init
 .text.WaveDAC_0_Enable
                0x000044d8       0x30 .\ARM_GCC_493\Debug\EasyBoard_5LP.a(WaveDAC_0.o)
                0x000044d8                WaveDAC_0_Enable
 .text.WaveDAC_0_Start
                0x00004508       0x20 .\ARM_GCC_493\Debug\EasyBoard_5LP.a(WaveDAC_0.o)
                0x00004508                WaveDAC_0_Start
 .text.WaveDAC_0_StartEx
                0x00004528       0x34 .\ARM_GCC_493\Debug\EasyBoard_5LP.a(WaveDAC_0.o)
                0x00004528                WaveDAC_0_StartEx
 .text.WaveDAC_0_Stop
                0x0000455c       0x28 .\ARM_GCC_493\Debug\EasyBoard_5LP.a(WaveDAC_0.o)
                0x0000455c                WaveDAC_0_Stop
 .text.WaveDAC_0_Wave1Setup
                0x00004584       0x70 .\ARM_GCC_493\Debug\EasyBoard_5LP.a(WaveDAC_0.o)
                0x00004584                WaveDAC_0_Wave1Setup
 .text.WaveDAC_0_Wave2Setup
                0x000045f4       0x70 .\ARM_GCC_493\Debug\EasyBoard_5LP.a(WaveDAC_0.o)
                0x000045f4                WaveDAC_0_Wave2Setup
 .text.WaveDAC_0_Wave1_DMA_DmaInitialize
                0x00004664       0x68 .\ARM_GCC_493\Debug\EasyBoard_5LP.a(WaveDAC_0_Wave1_DMA_dma.o)
                0x00004664                WaveDAC_0_Wave1_DMA_DmaInitialize
 .text.WaveDAC_0_Wave2_DMA_DmaInitialize
                0x000046cc       0x68 .\ARM_GCC_493\Debug\EasyBoard_5LP.a(WaveDAC_0_Wave2_DMA_dma.o)
                0x000046cc                WaveDAC_0_Wave2_DMA_DmaInitialize
 .text.WaveDAC_0_Clock_Start
                0x00004734       0x34 .\ARM_GCC_493\Debug\EasyBoard_5LP.a(WaveDAC_0_Clock.o)
                0x00004734                WaveDAC_0_Clock_Start
 .text.WaveDAC_0_Clock_SetDividerRegister
                0x00004768      0x160 .\ARM_GCC_493\Debug\EasyBoard_5LP.a(WaveDAC_0_Clock.o)
                0x00004768                WaveDAC_0_Clock_SetDividerRegister
 .text.WaveDAC_0_Clock_GetDividerRegister
                0x000048c8       0x18 .\ARM_GCC_493\Debug\EasyBoard_5LP.a(WaveDAC_0_Clock.o)
                0x000048c8                WaveDAC_0_Clock_GetDividerRegister
 .text.WaveDAC_0_Clock_GetSourceRegister
                0x000048e0       0x20 .\ARM_GCC_493\Debug\EasyBoard_5LP.a(WaveDAC_0_Clock.o)
                0x000048e0                WaveDAC_0_Clock_GetSourceRegister
 .text.WaveDAC_1_Clock_Start
                0x00004900       0x34 .\ARM_GCC_493\Debug\EasyBoard_5LP.a(WaveDAC_1_Clock.o)
                0x00004900                WaveDAC_1_Clock_Start
 .text.WaveDAC_1_Clock_SetDividerRegister
                0x00004934      0x160 .\ARM_GCC_493\Debug\EasyBoard_5LP.a(WaveDAC_1_Clock.o)
                0x00004934                WaveDAC_1_Clock_SetDividerRegister
 .text.WaveDAC_1_Clock_GetDividerRegister
                0x00004a94       0x18 .\ARM_GCC_493\Debug\EasyBoard_5LP.a(WaveDAC_1_Clock.o)
                0x00004a94                WaveDAC_1_Clock_GetDividerRegister
 .text.WaveDAC_1_Clock_GetSourceRegister
                0x00004aac       0x20 .\ARM_GCC_493\Debug\EasyBoard_5LP.a(WaveDAC_1_Clock.o)
                0x00004aac                WaveDAC_1_Clock_GetSourceRegister
 .text.LED_0_Write
                0x00004acc       0x3c .\ARM_GCC_493\Debug\EasyBoard_5LP.a(LED_0.o)
                0x00004acc                LED_0_Write
 .text.LED_1_Write
                0x00004b08       0x3c .\ARM_GCC_493\Debug\EasyBoard_5LP.a(LED_1.o)
                0x00004b08                LED_1_Write
 .text.LED_1_Read
                0x00004b44       0x20 .\ARM_GCC_493\Debug\EasyBoard_5LP.a(LED_1.o)
                0x00004b44                LED_1_Read
 .text.SPIS_Init
                0x00004b64       0x30 .\ARM_GCC_493\Debug\EasyBoard_5LP.a(SPIS.o)
                0x00004b64                SPIS_Init
 .text.SPIS_Enable
                0x00004b94       0x58 .\ARM_GCC_493\Debug\EasyBoard_5LP.a(SPIS.o)
                0x00004b94                SPIS_Enable
 .text.SPIS_Start
                0x00004bec       0x20 .\ARM_GCC_493\Debug\EasyBoard_5LP.a(SPIS.o)
                0x00004bec                SPIS_Start
 .text.SPIS_ReadTxStatus
                0x00004c0c       0x20 .\ARM_GCC_493\Debug\EasyBoard_5LP.a(SPIS.o)
                0x00004c0c                SPIS_ReadTxStatus
 .text.SPIS_ReadRxStatus
                0x00004c2c       0x20 .\ARM_GCC_493\Debug\EasyBoard_5LP.a(SPIS.o)
                0x00004c2c                SPIS_ReadRxStatus
 .text.SPIS_ReadRxData
                0x00004c4c       0x20 .\ARM_GCC_493\Debug\EasyBoard_5LP.a(SPIS.o)
                0x00004c4c                SPIS_ReadRxData
 .text.SPIS_ClearRxBuffer
                0x00004c6c       0x28 .\ARM_GCC_493\Debug\EasyBoard_5LP.a(SPIS.o)
                0x00004c6c                SPIS_ClearRxBuffer
 .text.SPIS_ClearFIFO
                0x00004c94       0x80 .\ARM_GCC_493\Debug\EasyBoard_5LP.a(SPIS.o)
                0x00004c94                SPIS_ClearFIFO
 .text.WaveDAC_0_VDAC8_Init
                0x00004d14       0x3c .\ARM_GCC_493\Debug\EasyBoard_5LP.a(WaveDAC_0_VDAC8.o)
                0x00004d14                WaveDAC_0_VDAC8_Init
 .text.WaveDAC_0_VDAC8_Enable
                0x00004d50       0x34 .\ARM_GCC_493\Debug\EasyBoard_5LP.a(WaveDAC_0_VDAC8.o)
                0x00004d50                WaveDAC_0_VDAC8_Enable
 .text.WaveDAC_0_VDAC8_Stop
                0x00004d84       0x34 .\ARM_GCC_493\Debug\EasyBoard_5LP.a(WaveDAC_0_VDAC8.o)
                0x00004d84                WaveDAC_0_VDAC8_Stop
 .text.WaveDAC_0_VDAC8_SetSpeed
                0x00004db8       0x40 .\ARM_GCC_493\Debug\EasyBoard_5LP.a(WaveDAC_0_VDAC8.o)
                0x00004db8                WaveDAC_0_VDAC8_SetSpeed
 .text.WaveDAC_0_VDAC8_SetRange
                0x00004df8       0x40 .\ARM_GCC_493\Debug\EasyBoard_5LP.a(WaveDAC_0_VDAC8.o)
                0x00004df8                WaveDAC_0_VDAC8_SetRange
 .text.WaveDAC_0_VDAC8_SetValue
                0x00004e38       0x20 .\ARM_GCC_493\Debug\EasyBoard_5LP.a(WaveDAC_0_VDAC8.o)
                0x00004e38                WaveDAC_0_VDAC8_SetValue
 .text.WaveDAC_0_VDAC8_DacTrim
                0x00004e58       0x3c .\ARM_GCC_493\Debug\EasyBoard_5LP.a(WaveDAC_0_VDAC8.o)
                0x00004e58                WaveDAC_0_VDAC8_DacTrim
 .text.USBUART_DispatchClassRqst
                0x00004e94       0x7c .\ARM_GCC_493\Debug\EasyBoard_5LP.a(USBUART_cls.o)
                0x00004e94                USBUART_DispatchClassRqst
 .text.sin      0x00004f10       0x94 c:/program files (x86)/cypress/psoc creator/3.3/psoc creator/import/gnu/arm/4.9.3/bin/../lib/gcc/arm-none-eabi/4.9.3/../../../../arm-none-eabi/lib/armv7-m\libm.a(lib_a-s_sin.o)
                0x00004f10                sin
 *fill*         0x00004fa4        0x4 
 .text.__ieee754_rem_pio2
                0x00004fa8      0x428 c:/program files (x86)/cypress/psoc creator/3.3/psoc creator/import/gnu/arm/4.9.3/bin/../lib/gcc/arm-none-eabi/4.9.3/../../../../arm-none-eabi/lib/armv7-m\libm.a(lib_a-e_rem_pio2.o)
                0x00004fa8                __ieee754_rem_pio2
 .text.__kernel_cos
                0x000053d0      0x248 c:/program files (x86)/cypress/psoc creator/3.3/psoc creator/import/gnu/arm/4.9.3/bin/../lib/gcc/arm-none-eabi/4.9.3/../../../../arm-none-eabi/lib/armv7-m\libm.a(lib_a-k_cos.o)
                0x000053d0                __kernel_cos
 .text.__kernel_rem_pio2
                0x00005618      0x808 c:/program files (x86)/cypress/psoc creator/3.3/psoc creator/import/gnu/arm/4.9.3/bin/../lib/gcc/arm-none-eabi/4.9.3/../../../../arm-none-eabi/lib/armv7-m\libm.a(lib_a-k_rem_pio2.o)
                0x00005618                __kernel_rem_pio2
 .text.__kernel_sin
                0x00005e20      0x170 c:/program files (x86)/cypress/psoc creator/3.3/psoc creator/import/gnu/arm/4.9.3/bin/../lib/gcc/arm-none-eabi/4.9.3/../../../../arm-none-eabi/lib/armv7-m\libm.a(lib_a-k_sin.o)
                0x00005e20                __kernel_sin
 .text.fabs     0x00005f90        0x8 c:/program files (x86)/cypress/psoc creator/3.3/psoc creator/import/gnu/arm/4.9.3/bin/../lib/gcc/arm-none-eabi/4.9.3/../../../../arm-none-eabi/lib/armv7-m\libm.a(lib_a-s_fabs.o)
                0x00005f90                fabs
 .text.floor    0x00005f98      0x118 c:/program files (x86)/cypress/psoc creator/3.3/psoc creator/import/gnu/arm/4.9.3/bin/../lib/gcc/arm-none-eabi/4.9.3/../../../../arm-none-eabi/lib/armv7-m\libm.a(lib_a-s_floor.o)
                0x00005f98                floor
 .text.scalbn   0x000060b0       0xf0 c:/program files (x86)/cypress/psoc creator/3.3/psoc creator/import/gnu/arm/4.9.3/bin/../lib/gcc/arm-none-eabi/4.9.3/../../../../arm-none-eabi/lib/armv7-m\libm.a(lib_a-s_scalbn.o)
                0x000060b0                scalbn
 .text.copysign
                0x000061a0       0x10 c:/program files (x86)/cypress/psoc creator/3.3/psoc creator/import/gnu/arm/4.9.3/bin/../lib/gcc/arm-none-eabi/4.9.3/../../../../arm-none-eabi/lib/armv7-m\libm.a(lib_a-s_copysign.o)
                0x000061a0                copysign
 .text          0x000061b0      0x370 c:/program files (x86)/cypress/psoc creator/3.3/psoc creator/import/gnu/arm/4.9.3/bin/../lib/gcc/arm-none-eabi/4.9.3/armv7-m\libgcc.a(_arm_addsubdf3.o)
                0x000061b0                __aeabi_drsub
                0x000061b8                __aeabi_dsub
                0x000061b8                __subdf3
                0x000061bc                __aeabi_dadd
                0x000061bc                __adddf3
                0x00006434                __floatunsidf
                0x00006434                __aeabi_ui2d
                0x00006454                __floatsidf
                0x00006454                __aeabi_i2d
                0x00006478                __aeabi_f2d
                0x00006478                __extendsfdf2
                0x000064b4                __floatundidf
                0x000064b4                __aeabi_ul2d
                0x000064c4                __floatdidf
                0x000064c4                __aeabi_l2d
 .text          0x00006520      0x424 c:/program files (x86)/cypress/psoc creator/3.3/psoc creator/import/gnu/arm/4.9.3/bin/../lib/gcc/arm-none-eabi/4.9.3/armv7-m\libgcc.a(_arm_muldivdf3.o)
                0x00006520                __aeabi_dmul
                0x00006520                __muldf3
                0x00006774                __divdf3
                0x00006774                __aeabi_ddiv
 .text          0x00006944      0x110 c:/program files (x86)/cypress/psoc creator/3.3/psoc creator/import/gnu/arm/4.9.3/bin/../lib/gcc/arm-none-eabi/4.9.3/armv7-m\libgcc.a(_arm_cmpdf2.o)
                0x00006944                __gtdf2
                0x00006944                __gedf2
                0x0000694c                __ltdf2
                0x0000694c                __ledf2
                0x00006954                __nedf2
                0x00006954                __eqdf2
                0x00006954                __cmpdf2
                0x000069d0                __aeabi_cdrcmple
                0x000069e0                __aeabi_cdcmpeq
                0x000069e0                __aeabi_cdcmple
                0x000069f0                __aeabi_dcmpeq
                0x00006a04                __aeabi_dcmplt
                0x00006a18                __aeabi_dcmple
                0x00006a2c                __aeabi_dcmpge
                0x00006a40                __aeabi_dcmpgt
 .text          0x00006a54       0x50 c:/program files (x86)/cypress/psoc creator/3.3/psoc creator/import/gnu/arm/4.9.3/bin/../lib/gcc/arm-none-eabi/4.9.3/armv7-m\libgcc.a(_arm_fixdfsi.o)
                0x00006a54                __aeabi_d2iz
                0x00006a54                __fixdfsi
 .text          0x00006aa4       0x40 c:/program files (x86)/cypress/psoc creator/3.3/psoc creator/import/gnu/arm/4.9.3/bin/../lib/gcc/arm-none-eabi/4.9.3/armv7-m\libgcc.a(_arm_fixunsdfsi.o)
                0x00006aa4                __aeabi_d2uiz
                0x00006aa4                __fixunsdfsi
 .text.__errno  0x00006ae4        0xc c:/program files (x86)/cypress/psoc creator/3.3/psoc creator/import/gnu/arm/4.9.3/bin/../lib/gcc/arm-none-eabi/4.9.3/../../../../arm-none-eabi/lib/armv7-m\libg_nano.a(lib_a-errno.o)
                0x00006ae4                __errno
 .text.__libc_init_array
                0x00006af0       0x4c c:/program files (x86)/cypress/psoc creator/3.3/psoc creator/import/gnu/arm/4.9.3/bin/../lib/gcc/arm-none-eabi/4.9.3/../../../../arm-none-eabi/lib/armv7-m\libg_nano.a(lib_a-init.o)
                0x00006af0                __libc_init_array
 .text.memcpy   0x00006b3c       0x16 c:/program files (x86)/cypress/psoc creator/3.3/psoc creator/import/gnu/arm/4.9.3/bin/../lib/gcc/arm-none-eabi/4.9.3/../../../../arm-none-eabi/lib/armv7-m\libg_nano.a(lib_a-memcpy.o)
                0x00006b3c                memcpy
 .text.memmove  0x00006b52       0x36 c:/program files (x86)/cypress/psoc creator/3.3/psoc creator/import/gnu/arm/4.9.3/bin/../lib/gcc/arm-none-eabi/4.9.3/../../../../arm-none-eabi/lib/armv7-m\libg_nano.a(lib_a-memmove.o)
                0x00006b52                memmove
 .text.memset   0x00006b88       0x10 c:/program files (x86)/cypress/psoc creator/3.3/psoc creator/import/gnu/arm/4.9.3/bin/../lib/gcc/arm-none-eabi/4.9.3/../../../../arm-none-eabi/lib/armv7-m\libg_nano.a(lib_a-memset.o)
                0x00006b88                memset
 .text.__cvt    0x00006b98       0xbc c:/program files (x86)/cypress/psoc creator/3.3/psoc creator/import/gnu/arm/4.9.3/bin/../lib/gcc/arm-none-eabi/4.9.3/../../../../arm-none-eabi/lib/armv7-m\libg_nano.a(lib_a-nano-vfprintf_float.o)
                0x00006b98                __cvt
 .text.__exponent
                0x00006c54       0x62 c:/program files (x86)/cypress/psoc creator/3.3/psoc creator/import/gnu/arm/4.9.3/bin/../lib/gcc/arm-none-eabi/4.9.3/../../../../arm-none-eabi/lib/armv7-m\libg_nano.a(lib_a-nano-vfprintf_float.o)
                0x00006c54                __exponent
 *fill*         0x00006cb6        0x2 
 .text._printf_float
                0x00006cb8      0x48c c:/program files (x86)/cypress/psoc creator/3.3/psoc creator/import/gnu/arm/4.9.3/bin/../lib/gcc/arm-none-eabi/4.9.3/../../../../arm-none-eabi/lib/armv7-m\libg_nano.a(lib_a-nano-vfprintf_float.o)
                0x00006cb8                _printf_float
 .text._printf_common
                0x00007144       0xea c:/program files (x86)/cypress/psoc creator/3.3/psoc creator/import/gnu/arm/4.9.3/bin/../lib/gcc/arm-none-eabi/4.9.3/../../../../arm-none-eabi/lib/armv7-m\libg_nano.a(lib_a-nano-vfprintf_i.o)
                0x00007144                _printf_common
 *fill*         0x0000722e        0x2 
 .text._printf_i
                0x00007230      0x240 c:/program files (x86)/cypress/psoc creator/3.3/psoc creator/import/gnu/arm/4.9.3/bin/../lib/gcc/arm-none-eabi/4.9.3/../../../../arm-none-eabi/lib/armv7-m\libg_nano.a(lib_a-nano-vfprintf_i.o)
                0x00007230                _printf_i
 .text.__fpclassifyd
                0x00007470       0x50 c:/program files (x86)/cypress/psoc creator/3.3/psoc creator/import/gnu/arm/4.9.3/bin/../lib/gcc/arm-none-eabi/4.9.3/../../../../arm-none-eabi/lib/armv7-m\libg_nano.a(lib_a-s_fpclassify.o)
                0x00007470                __fpclassifyd
 .text.sprintf  0x000074c0       0x48 c:/program files (x86)/cypress/psoc creator/3.3/psoc creator/import/gnu/arm/4.9.3/bin/../lib/gcc/arm-none-eabi/4.9.3/../../../../arm-none-eabi/lib/armv7-m\libg_nano.a(lib_a-sprintf.o)
                0x000074c0                siprintf
                0x000074c0                sprintf
 .text.strlen   0x00007508       0x10 c:/program files (x86)/cypress/psoc creator/3.3/psoc creator/import/gnu/arm/4.9.3/bin/../lib/gcc/arm-none-eabi/4.9.3/../../../../arm-none-eabi/lib/armv7-m\libg_nano.a(lib_a-strlen.o)
                0x00007508                strlen
 .text.quorem   0x00007518      0x114 c:/program files (x86)/cypress/psoc creator/3.3/psoc creator/import/gnu/arm/4.9.3/bin/../lib/gcc/arm-none-eabi/4.9.3/../../../../arm-none-eabi/lib/armv7-m\libg_nano.a(lib_a-dtoa.o)
 *fill*         0x0000762c        0x4 
 .text._dtoa_r  0x00007630      0xb78 c:/program files (x86)/cypress/psoc creator/3.3/psoc creator/import/gnu/arm/4.9.3/bin/../lib/gcc/arm-none-eabi/4.9.3/../../../../arm-none-eabi/lib/armv7-m\libg_nano.a(lib_a-dtoa.o)
                0x00007630                _dtoa_r
 .text._localeconv_r
                0x000081a8        0x8 c:/program files (x86)/cypress/psoc creator/3.3/psoc creator/import/gnu/arm/4.9.3/bin/../lib/gcc/arm-none-eabi/4.9.3/../../../../arm-none-eabi/lib/armv7-m\libg_nano.a(lib_a-locale.o)
                0x000081a8                _localeconv_r
 .text.malloc   0x000081b0       0x10 c:/program files (x86)/cypress/psoc creator/3.3/psoc creator/import/gnu/arm/4.9.3/bin/../lib/gcc/arm-none-eabi/4.9.3/../../../../arm-none-eabi/lib/armv7-m\libg_nano.a(lib_a-malloc.o)
                0x000081b0                malloc
 .text.memchr   0x000081c0       0x1c c:/program files (x86)/cypress/psoc creator/3.3/psoc creator/import/gnu/arm/4.9.3/bin/../lib/gcc/arm-none-eabi/4.9.3/../../../../arm-none-eabi/lib/armv7-m\libg_nano.a(lib_a-memchr.o)
                0x000081c0                memchr
 .text._Balloc  0x000081dc       0x6a c:/program files (x86)/cypress/psoc creator/3.3/psoc creator/import/gnu/arm/4.9.3/bin/../lib/gcc/arm-none-eabi/4.9.3/../../../../arm-none-eabi/lib/armv7-m\libg_nano.a(lib_a-mprec.o)
                0x000081dc                _Balloc
 .text._Bfree   0x00008246       0x2e c:/program files (x86)/cypress/psoc creator/3.3/psoc creator/import/gnu/arm/4.9.3/bin/../lib/gcc/arm-none-eabi/4.9.3/../../../../arm-none-eabi/lib/armv7-m\libg_nano.a(lib_a-mprec.o)
                0x00008246                _Bfree
 .text.__multadd
                0x00008274       0x7c c:/program files (x86)/cypress/psoc creator/3.3/psoc creator/import/gnu/arm/4.9.3/bin/../lib/gcc/arm-none-eabi/4.9.3/../../../../arm-none-eabi/lib/armv7-m\libg_nano.a(lib_a-mprec.o)
                0x00008274                __multadd
 .text.__hi0bits
                0x000082f0       0x40 c:/program files (x86)/cypress/psoc creator/3.3/psoc creator/import/gnu/arm/4.9.3/bin/../lib/gcc/arm-none-eabi/4.9.3/../../../../arm-none-eabi/lib/armv7-m\libg_nano.a(lib_a-mprec.o)
                0x000082f0                __hi0bits
 .text.__lo0bits
                0x00008330       0x5a c:/program files (x86)/cypress/psoc creator/3.3/psoc creator/import/gnu/arm/4.9.3/bin/../lib/gcc/arm-none-eabi/4.9.3/../../../../arm-none-eabi/lib/armv7-m\libg_nano.a(lib_a-mprec.o)
                0x00008330                __lo0bits
 .text.__i2b    0x0000838a       0x12 c:/program files (x86)/cypress/psoc creator/3.3/psoc creator/import/gnu/arm/4.9.3/bin/../lib/gcc/arm-none-eabi/4.9.3/../../../../arm-none-eabi/lib/armv7-m\libg_nano.a(lib_a-mprec.o)
                0x0000838a                __i2b
 .text.__multiply
                0x0000839c      0x120 c:/program files (x86)/cypress/psoc creator/3.3/psoc creator/import/gnu/arm/4.9.3/bin/../lib/gcc/arm-none-eabi/4.9.3/../../../../arm-none-eabi/lib/armv7-m\libg_nano.a(lib_a-mprec.o)
                0x0000839c                __multiply
 .text.__pow5mult
                0x000084bc       0x9c c:/program files (x86)/cypress/psoc creator/3.3/psoc creator/import/gnu/arm/4.9.3/bin/../lib/gcc/arm-none-eabi/4.9.3/../../../../arm-none-eabi/lib/armv7-m\libg_nano.a(lib_a-mprec.o)
                0x000084bc                __pow5mult
 .text.__lshift
                0x00008558       0xa6 c:/program files (x86)/cypress/psoc creator/3.3/psoc creator/import/gnu/arm/4.9.3/bin/../lib/gcc/arm-none-eabi/4.9.3/../../../../arm-none-eabi/lib/armv7-m\libg_nano.a(lib_a-mprec.o)
                0x00008558                __lshift
 .text.__mcmp   0x000085fe       0x38 c:/program files (x86)/cypress/psoc creator/3.3/psoc creator/import/gnu/arm/4.9.3/bin/../lib/gcc/arm-none-eabi/4.9.3/../../../../arm-none-eabi/lib/armv7-m\libg_nano.a(lib_a-mprec.o)
                0x000085fe                __mcmp
 .text.__mdiff  0x00008636       0xbe c:/program files (x86)/cypress/psoc creator/3.3/psoc creator/import/gnu/arm/4.9.3/bin/../lib/gcc/arm-none-eabi/4.9.3/../../../../arm-none-eabi/lib/armv7-m\libg_nano.a(lib_a-mprec.o)
                0x00008636                __mdiff
 .text.__d2b    0x000086f4       0xa4 c:/program files (x86)/cypress/psoc creator/3.3/psoc creator/import/gnu/arm/4.9.3/bin/../lib/gcc/arm-none-eabi/4.9.3/../../../../arm-none-eabi/lib/armv7-m\libg_nano.a(lib_a-mprec.o)
                0x000086f4                __d2b
 .text._calloc_r
                0x00008798       0x1c c:/program files (x86)/cypress/psoc creator/3.3/psoc creator/import/gnu/arm/4.9.3/bin/../lib/gcc/arm-none-eabi/4.9.3/../../../../arm-none-eabi/lib/armv7-m\libg_nano.a(lib_a-nano-callocr.o)
                0x00008798                _calloc_r
 .text._free_r  0x000087b4       0x88 c:/program files (x86)/cypress/psoc creator/3.3/psoc creator/import/gnu/arm/4.9.3/bin/../lib/gcc/arm-none-eabi/4.9.3/../../../../arm-none-eabi/lib/armv7-m\libg_nano.a(lib_a-nano-freer.o)
                0x000087b4                _free_r
 .text._malloc_r
                0x0000883c       0xac c:/program files (x86)/cypress/psoc creator/3.3/psoc creator/import/gnu/arm/4.9.3/bin/../lib/gcc/arm-none-eabi/4.9.3/../../../../arm-none-eabi/lib/armv7-m\libg_nano.a(lib_a-nano-mallocr.o)
                0x0000883c                _malloc_r
 .text.__ssputs_r
                0x000088e8       0xb2 c:/program files (x86)/cypress/psoc creator/3.3/psoc creator/import/gnu/arm/4.9.3/bin/../lib/gcc/arm-none-eabi/4.9.3/../../../../arm-none-eabi/lib/armv7-m\libg_nano.a(lib_a-nano-svfprintf.o)
                0x000088e8                __ssputs_r
 *fill*         0x0000899a        0x2 
 .text._svfprintf_r
                0x0000899c      0x1e4 c:/program files (x86)/cypress/psoc creator/3.3/psoc creator/import/gnu/arm/4.9.3/bin/../lib/gcc/arm-none-eabi/4.9.3/../../../../arm-none-eabi/lib/armv7-m\libg_nano.a(lib_a-nano-svfprintf.o)
                0x0000899c                _svfiprintf_r
                0x0000899c                _svfprintf_r
 .text._sbrk_r  0x00008b80       0x20 c:/program files (x86)/cypress/psoc creator/3.3/psoc creator/import/gnu/arm/4.9.3/bin/../lib/gcc/arm-none-eabi/4.9.3/../../../../arm-none-eabi/lib/armv7-m\libg_nano.a(lib_a-sbrkr.o)
                0x00008b80                _sbrk_r
 .text._realloc_r
                0x00008ba0       0x4c c:/program files (x86)/cypress/psoc creator/3.3/psoc creator/import/gnu/arm/4.9.3/bin/../lib/gcc/arm-none-eabi/4.9.3/../../../../arm-none-eabi/lib/armv7-m\libg_nano.a(lib_a-nano-reallocr.o)
                0x00008ba0                _realloc_r
 .text._malloc_usable_size_r
                0x00008bec       0x14 c:/program files (x86)/cypress/psoc creator/3.3/psoc creator/import/gnu/arm/4.9.3/bin/../lib/gcc/arm-none-eabi/4.9.3/../../../../arm-none-eabi/lib/armv7-m\libg_nano.a(lib_a-nano-msizer.o)
                0x00008bec                _malloc_usable_size_r
 *(.plt)
 *(.gnu.warning)
 *(.glue_7t)
 .glue_7t       0x00000000        0x0 linker stubs
 *(.glue_7)
 .glue_7        0x00000000        0x0 linker stubs
 *(.vfp11_veneer)
 .vfp11_veneer  0x00000000        0x0 linker stubs
 *(.bootloader)
 *(.ARM.extab* .gnu.linkonce.armextab.*)
 *(.gcc_except_table)

.v4_bx          0x00008c00        0x0
 .v4_bx         0x00000000        0x0 linker stubs

.iplt           0x00008c00        0x0
 .iplt          0x00000000        0x0 c:/program files (x86)/cypress/psoc creator/3.3/psoc creator/import/gnu/arm/4.9.3/bin/../lib/gcc/arm-none-eabi/4.9.3/armv7-m/crtbegin.o

.eh_frame_hdr
 *(.eh_frame_hdr)

.eh_frame       0x00008c00        0x4
 *(.eh_frame)
 .eh_frame      0x00008c00        0x0 c:/program files (x86)/cypress/psoc creator/3.3/psoc creator/import/gnu/arm/4.9.3/bin/../lib/gcc/arm-none-eabi/4.9.3/armv7-m/crtbegin.o
 .eh_frame      0x00008c00        0x0 c:/program files (x86)/cypress/psoc creator/3.3/psoc creator/import/gnu/arm/4.9.3/bin/../lib/gcc/arm-none-eabi/4.9.3/../../../../arm-none-eabi/lib/armv7-m\libg_nano.a(lib_a-strcmp.o)
                                 0x28 (size before relaxing)
 .eh_frame      0x00008c00        0x4 c:/program files (x86)/cypress/psoc creator/3.3/psoc creator/import/gnu/arm/4.9.3/bin/../lib/gcc/arm-none-eabi/4.9.3/armv7-m/crtend.o
                0x00008c04                PROVIDE (__exidx_start, .)

.ARM.exidx
 *(.ARM.exidx* .gnu.linkonce.armexidx.*)
                0x00008c04                __exidx_end = .

.rodata         0x00008c08     0x20e8
 *(.rodata .rodata.* .gnu.linkonce.r.*)
 .rodata        0x00008c08       0x48 .\ARM_GCC_493\Debug\main.o
 .rodata        0x00008c50      0x380 .\ARM_GCC_493\Debug\EasyBoard_5LP.a(cyfitter_cfg.o)
                0x00008c50                WaveDAC_0_Mux__addrTable
                0x00008d50                WaveDAC_0_Mux__maskTable
                0x00008d90                WaveDAC_1_Mux__addrTable
                0x00008e90                WaveDAC_1_Mux__maskTable
 .rodata        0x00008fd0       0x14 .\ARM_GCC_493\Debug\EasyBoard_5LP.a(USBUART_std.o)
 .rodata        0x00008fe4       0xc8 .\ARM_GCC_493\Debug\EasyBoard_5LP.a(WaveDAC_1.o)
                0x00008fe4                WaveDAC_1_wave1
                0x00009048                WaveDAC_1_wave2
 .rodata        0x000090ac     0x1770 .\ARM_GCC_493\Debug\EasyBoard_5LP.a(WaveDAC_0.o)
                0x000090ac                WaveDAC_0_wave1
                0x0000a04c                WaveDAC_0_wave2
 .rodata        0x0000a81c      0x160 .\ARM_GCC_493\Debug\EasyBoard_5LP.a(USBUART_descr.o)
                0x0000a81c                USBUART_DEVICE0_DESCR
                0x0000a830                USBUART_DEVICE0_CONFIGURATION0_DESCR
                0x0000a874                USBUART_STRING_DESCRIPTORS
                0x0000a914                USBUART_SN_STRING_DESCRIPTOR
                0x0000a918                USBUART_DEVICE0_CONFIGURATION0_EP_SETTINGS_TABLE
                0x0000a930                USBUART_DEVICE0_CONFIGURATION0_INTERFACE_CLASS
                0x0000a934                USBUART_DEVICE0_CONFIGURATION0_TABLE
                0x0000a95c                USBUART_DEVICE0_TABLE
                0x0000a974                USBUART_TABLE
 .rodata.npio2_hw
                0x0000a97c       0x80 c:/program files (x86)/cypress/psoc creator/3.3/psoc creator/import/gnu/arm/4.9.3/bin/../lib/gcc/arm-none-eabi/4.9.3/../../../../arm-none-eabi/lib/armv7-m\libm.a(lib_a-e_rem_pio2.o)
 .rodata.two_over_pi
                0x0000a9fc      0x108 c:/program files (x86)/cypress/psoc creator/3.3/psoc creator/import/gnu/arm/4.9.3/bin/../lib/gcc/arm-none-eabi/4.9.3/../../../../arm-none-eabi/lib/armv7-m\libm.a(lib_a-e_rem_pio2.o)
 .rodata.init_jk
                0x0000ab04       0x10 c:/program files (x86)/cypress/psoc creator/3.3/psoc creator/import/gnu/arm/4.9.3/bin/../lib/gcc/arm-none-eabi/4.9.3/../../../../arm-none-eabi/lib/armv7-m\libm.a(lib_a-k_rem_pio2.o)
 *fill*         0x0000ab14        0x4 
 .rodata.PIo2   0x0000ab18       0x40 c:/program files (x86)/cypress/psoc creator/3.3/psoc creator/import/gnu/arm/4.9.3/bin/../lib/gcc/arm-none-eabi/4.9.3/../../../../arm-none-eabi/lib/armv7-m\libm.a(lib_a-k_rem_pio2.o)
 .rodata.str1.1
                0x0000ab58        0x2 c:/program files (x86)/cypress/psoc creator/3.3/psoc creator/import/gnu/arm/4.9.3/bin/../lib/gcc/arm-none-eabi/4.9.3/../../../../arm-none-eabi/lib/armv7-m\libg_nano.a(lib_a-impure.o)
 .rodata.str1.1
                0x0000ab5a       0x12 c:/program files (x86)/cypress/psoc creator/3.3/psoc creator/import/gnu/arm/4.9.3/bin/../lib/gcc/arm-none-eabi/4.9.3/../../../../arm-none-eabi/lib/armv7-m\libg_nano.a(lib_a-nano-vfprintf_float.o)
 .rodata.str1.1
                0x0000ab6c       0x22 c:/program files (x86)/cypress/psoc creator/3.3/psoc creator/import/gnu/arm/4.9.3/bin/../lib/gcc/arm-none-eabi/4.9.3/../../../../arm-none-eabi/lib/armv7-m\libg_nano.a(lib_a-nano-vfprintf_i.o)
 .rodata.str1.1
                0x0000ab8e        0xd c:/program files (x86)/cypress/psoc creator/3.3/psoc creator/import/gnu/arm/4.9.3/bin/../lib/gcc/arm-none-eabi/4.9.3/../../../../arm-none-eabi/lib/armv7-m\libg_nano.a(lib_a-dtoa.o)
                                  0xf (size before relaxing)
 .rodata.str1.1
                0x0000ab9b        0x8 c:/program files (x86)/cypress/psoc creator/3.3/psoc creator/import/gnu/arm/4.9.3/bin/../lib/gcc/arm-none-eabi/4.9.3/../../../../arm-none-eabi/lib/armv7-m\libg_nano.a(lib_a-locale.o)
                                  0xb (size before relaxing)
 *fill*         0x0000aba3        0x5 
 .rodata.__mprec_tens
                0x0000aba8       0xc8 c:/program files (x86)/cypress/psoc creator/3.3/psoc creator/import/gnu/arm/4.9.3/bin/../lib/gcc/arm-none-eabi/4.9.3/../../../../arm-none-eabi/lib/armv7-m\libg_nano.a(lib_a-mprec.o)
                0x0000aba8                __mprec_tens
 .rodata.__mprec_bigtens
                0x0000ac70       0x28 c:/program files (x86)/cypress/psoc creator/3.3/psoc creator/import/gnu/arm/4.9.3/bin/../lib/gcc/arm-none-eabi/4.9.3/../../../../arm-none-eabi/lib/armv7-m\libg_nano.a(lib_a-mprec.o)
                0x0000ac70                __mprec_bigtens
 .rodata.p05.5308
                0x0000ac98        0xc c:/program files (x86)/cypress/psoc creator/3.3/psoc creator/import/gnu/arm/4.9.3/bin/../lib/gcc/arm-none-eabi/4.9.3/../../../../arm-none-eabi/lib/armv7-m\libg_nano.a(lib_a-mprec.o)
 .rodata.str1.1
                0x0000aca4       0x11 c:/program files (x86)/cypress/psoc creator/3.3/psoc creator/import/gnu/arm/4.9.3/bin/../lib/gcc/arm-none-eabi/4.9.3/../../../../arm-none-eabi/lib/armv7-m\libg_nano.a(lib_a-nano-svfprintf.o)
                0x0000acb8                . = ALIGN (0x4)
 *fill*         0x0000acb5        0x3 
 *(.init)
 .init          0x0000acb8        0x4 c:/program files (x86)/cypress/psoc creator/3.3/psoc creator/import/gnu/arm/4.9.3/bin/../lib/gcc/arm-none-eabi/4.9.3/armv7-m/crti.o
                0x0000acb8                _init
 .init          0x0000acbc        0x8 c:/program files (x86)/cypress/psoc creator/3.3/psoc creator/import/gnu/arm/4.9.3/bin/../lib/gcc/arm-none-eabi/4.9.3/armv7-m/crtn.o
                0x0000acc4                . = ALIGN (0x4)
                0x0000acc4                __preinit_array_start = .
 *(.preinit_array)
                0x0000acc4                __preinit_array_end = .
                0x0000acc4                . = ALIGN (0x4)
                0x0000acc4                __init_array_start = .
 *(SORT(.init_array.*))
 *(.init_array)
 .init_array    0x0000acc4        0x4 c:/program files (x86)/cypress/psoc creator/3.3/psoc creator/import/gnu/arm/4.9.3/bin/../lib/gcc/arm-none-eabi/4.9.3/armv7-m/crtbegin.o
 .init_array    0x0000acc8        0x4 .\ARM_GCC_493\Debug\Cm3Start.o
                0x0000accc                __init_array_end = .
                0x0000accc                . = ALIGN (0x4)
 *(.fini)
 .fini          0x0000accc        0x4 c:/program files (x86)/cypress/psoc creator/3.3/psoc creator/import/gnu/arm/4.9.3/bin/../lib/gcc/arm-none-eabi/4.9.3/armv7-m/crti.o
                0x0000accc                _fini
 .fini          0x0000acd0        0x8 c:/program files (x86)/cypress/psoc creator/3.3/psoc creator/import/gnu/arm/4.9.3/bin/../lib/gcc/arm-none-eabi/4.9.3/armv7-m/crtn.o
                0x0000acd8                . = ALIGN (0x4)
                0x0000acd8                __fini_array_start = .
 *(.fini_array)
 .fini_array    0x0000acd8        0x4 c:/program files (x86)/cypress/psoc creator/3.3/psoc creator/import/gnu/arm/4.9.3/bin/../lib/gcc/arm-none-eabi/4.9.3/armv7-m/crtbegin.o
 *(SORT(.fini_array.*))
                0x0000acdc                __fini_array_end = .
                0x0000acdc                . = ALIGN (0x4)
 *crtbegin.o(.ctors)
 *(EXCLUDE_FILE(*crtend.o) .ctors)
 *(SORT(.ctors.*))
 *crtend.o(.ctors)
                0x0000acdc                . = ALIGN (0x4)
 *crtbegin.o(.dtors)
 *(EXCLUDE_FILE(*crtend.o) .dtors)
 *(SORT(.dtors.*))
 *crtend.o(.dtors)
                0x0000acdc                . = ALIGN (0x4)
                0x0000acdc                __cy_regions = .
                0x0000acdc        0x4 LONG 0xacf0 __cy_region_init_ram
                0x0000ace0        0x4 LONG 0x1fff8108 __cy_region_start_data
                0x0000ace4        0x4 LONG 0xe0 __cy_region_init_size_ram
                0x0000ace8        0x4 LONG 0x2060 __cy_region_zero_size_ram
                0x0000acec                __cy_regions_end = .
                0x0000acf0                . = ALIGN (0x8)
 *fill*         0x0000acec        0x4 
                0x0000acf0                _etext = .

.cy_checksum_exclude
                0x0000acf0        0x0
 *(.cy_checksum_exclude)

.ramvectors     0x1fff8000      0x100
                0x1fff8000                __cy_region_start_ram = .
 *(.ramvectors)
 .ramvectors    0x1fff8000      0x100 .\ARM_GCC_493\Debug\Cm3Start.o
                0x1fff8000                CyRamVectors

.noinit         0x1fff8100        0x5
 *(.noinit)
 .noinit        0x1fff8100        0x4 .\ARM_GCC_493\Debug\Cm3Start.o
 .noinit        0x1fff8104        0x1 .\ARM_GCC_493\Debug\EasyBoard_5LP.a(CyLib.o)
                0x1fff8104                CyResetStatus

.data           0x1fff8108       0xe0 load address 0x0000acf0
                0x1fff8108                __cy_region_start_data = .
 *(.jcr)
 .jcr           0x1fff8108        0x0 c:/program files (x86)/cypress/psoc creator/3.3/psoc creator/import/gnu/arm/4.9.3/bin/../lib/gcc/arm-none-eabi/4.9.3/armv7-m/crtbegin.o
 .jcr           0x1fff8108        0x4 c:/program files (x86)/cypress/psoc creator/3.3/psoc creator/import/gnu/arm/4.9.3/bin/../lib/gcc/arm-none-eabi/4.9.3/armv7-m/crtend.o
 *(.got.plt)
 *(.got)
 *(.shdata)
 *(.data .data.* .gnu.linkonce.d.*)
 .data          0x1fff810c        0x4 .\ARM_GCC_493\Debug\Cm3Start.o
 .data          0x1fff8110        0x8 .\ARM_GCC_493\Debug\EasyBoard_5LP.a(CyDmac.o)
 .data          0x1fff8118       0x10 .\ARM_GCC_493\Debug\EasyBoard_5LP.a(CyLib.o)
                0x1fff8118                cydelay_freq_hz
                0x1fff811c                cydelay_freq_khz
                0x1fff8120                cydelay_freq_mhz
                0x1fff8124                cydelay_32k_ms
 .data          0x1fff8128       0x1c .\ARM_GCC_493\Debug\EasyBoard_5LP.a(USBUART_cdc.o)
                0x1fff8128                USBUART_linesCoding
 .data          0x1fff8144        0x1 .\ARM_GCC_493\Debug\EasyBoard_5LP.a(WaveDAC_1_Wave1_DMA_dma.o)
                0x1fff8144                WaveDAC_1_Wave1_DMA_DmaHandle
 .data          0x1fff8145        0x1 .\ARM_GCC_493\Debug\EasyBoard_5LP.a(WaveDAC_1_Wave2_DMA_dma.o)
                0x1fff8145                WaveDAC_1_Wave2_DMA_DmaHandle
 .data          0x1fff8146        0x1 .\ARM_GCC_493\Debug\EasyBoard_5LP.a(WaveDAC_1_Mux.o)
 .data          0x1fff8147        0x1 .\ARM_GCC_493\Debug\EasyBoard_5LP.a(WaveDAC_0_Mux.o)
 .data          0x1fff8148        0x1 .\ARM_GCC_493\Debug\EasyBoard_5LP.a(WaveDAC_0_Wave1_DMA_dma.o)
                0x1fff8148                WaveDAC_0_Wave1_DMA_DmaHandle
 .data          0x1fff8149        0x1 .\ARM_GCC_493\Debug\EasyBoard_5LP.a(WaveDAC_0_Wave2_DMA_dma.o)
                0x1fff8149                WaveDAC_0_Wave2_DMA_DmaHandle
 *fill*         0x1fff814a        0x2 
 .data.impure_data
                0x1fff814c       0x60 c:/program files (x86)/cypress/psoc creator/3.3/psoc creator/import/gnu/arm/4.9.3/bin/../lib/gcc/arm-none-eabi/4.9.3/../../../../arm-none-eabi/lib/armv7-m\libg_nano.a(lib_a-impure.o)
 .data._impure_ptr
                0x1fff81ac        0x4 c:/program files (x86)/cypress/psoc creator/3.3/psoc creator/import/gnu/arm/4.9.3/bin/../lib/gcc/arm-none-eabi/4.9.3/../../../../arm-none-eabi/lib/armv7-m\libg_nano.a(lib_a-impure.o)
                0x1fff81ac                _impure_ptr
 .data.lconv    0x1fff81b0       0x38 c:/program files (x86)/cypress/psoc creator/3.3/psoc creator/import/gnu/arm/4.9.3/bin/../lib/gcc/arm-none-eabi/4.9.3/../../../../arm-none-eabi/lib/armv7-m\libg_nano.a(lib_a-locale.o)
                0x1fff81e8                . = ALIGN (0x8)
 *(.ram)
                0x1fff81e8                _edata = .

.igot.plt       0x1fff81e8        0x0 load address 0x0000add0
 .igot.plt      0x00000000        0x0 c:/program files (x86)/cypress/psoc creator/3.3/psoc creator/import/gnu/arm/4.9.3/bin/../lib/gcc/arm-none-eabi/4.9.3/armv7-m/crtbegin.o

.bss            0x1fff81e8     0x2060 load address 0x0000add0
                0x1fff81e8                PROVIDE (__bss_start__, .)
 *(.shbss)
 *(.bss .bss.* .gnu.linkonce.b.*)
 .bss           0x1fff81e8       0x1c c:/program files (x86)/cypress/psoc creator/3.3/psoc creator/import/gnu/arm/4.9.3/bin/../lib/gcc/arm-none-eabi/4.9.3/armv7-m/crtbegin.o
 *fill*         0x1fff8204        0x4 
 .bss           0x1fff8208        0x8 .\ARM_GCC_493\Debug\EasyBoard_5LP.a(cyfitter_cfg.o)
 .bss           0x1fff8210        0x2 .\ARM_GCC_493\Debug\EasyBoard_5LP.a(LCD.o)
                0x1fff8210                LCD_enableState
                0x1fff8211                LCD_initVar
 .bss           0x1fff8212        0x1 .\ARM_GCC_493\Debug\EasyBoard_5LP.a(USBUART.o)
                0x1fff8212                USBUART_initVar
 .bss           0x1fff8213        0x1 .\ARM_GCC_493\Debug\EasyBoard_5LP.a(USBUART_cdc.o)
 .bss           0x1fff8214        0x4 .\ARM_GCC_493\Debug\EasyBoard_5LP.a(USBUART_std.o)
 .bss           0x1fff8218        0x5 .\ARM_GCC_493\Debug\EasyBoard_5LP.a(WaveDAC_1.o)
                0x1fff8218                WaveDAC_1_initVar
 .bss           0x1fff821d        0x5 .\ARM_GCC_493\Debug\EasyBoard_5LP.a(WaveDAC_0.o)
                0x1fff821d                WaveDAC_0_initVar
 .bss           0x1fff8222        0x1 .\ARM_GCC_493\Debug\EasyBoard_5LP.a(SPIS.o)
                0x1fff8222                SPIS_initVar
 *fill*         0x1fff8223        0x1 
 .bss.__malloc_sbrk_start
                0x1fff8224        0x4 c:/program files (x86)/cypress/psoc creator/3.3/psoc creator/import/gnu/arm/4.9.3/bin/../lib/gcc/arm-none-eabi/4.9.3/../../../../arm-none-eabi/lib/armv7-m\libg_nano.a(lib_a-nano-mallocr.o)
                0x1fff8224                __malloc_sbrk_start
 .bss.__malloc_free_list
                0x1fff8228        0x4 c:/program files (x86)/cypress/psoc creator/3.3/psoc creator/import/gnu/arm/4.9.3/bin/../lib/gcc/arm-none-eabi/4.9.3/../../../../arm-none-eabi/lib/armv7-m\libg_nano.a(lib_a-nano-mallocr.o)
                0x1fff8228                __malloc_free_list
 *(COMMON)
 COMMON         0x1fff822c     0x1f40 .\ARM_GCC_493\Debug\FunctionGenerator.o
                0x1fff822c                waveform0
                0x1fff91cc                waveform1
 COMMON         0x1fffa16c       0x18 .\ARM_GCC_493\Debug\EasyBoard_5LP.a(USBUART_cdc.o)
                0x1fffa16c                USBUART_linesChanged
                0x1fffa170                USBUART_cdcDataInEp
                0x1fffa174                USBUART_cdcCommInInterruptEp
                0x1fffa178                USBUART_cdcDataOutEp
                0x1fffa17c                USBUART_serialStateBitmap
                0x1fffa180                USBUART_linesControlBitmap
 COMMON         0x1fffa184       0x9a .\ARM_GCC_493\Debug\EasyBoard_5LP.a(USBUART_drv.o)
                0x1fffa184                USBUART_lastPacketSize
                0x1fffa185                USBUART_device
                0x1fffa186                USBUART_transferByteCount
                0x1fffa188                USBUART_transferState
                0x1fffa18c                USBUART_interfaceSettingLast
                0x1fffa190                USBUART_currentTD
                0x1fffa19c                USBUART_interfaceNumber
                0x1fffa1a0                USBUART_interfaceClass
                0x1fffa1a4                USBUART_configurationChanged
                0x1fffa1a5                USBUART_ep0Mode
                0x1fffa1a6                USBUART_deviceAddress
                0x1fffa1a7                USBUART_configuration
                0x1fffa1a8                USBUART_ep0Count
                0x1fffa1a9                USBUART_deviceStatus
                0x1fffa1ac                USBUART_EP
                0x1fffa218                USBUART_interfaceSetting
                0x1fffa21a                USBUART_ep0Toggle
                0x1fffa21c                USBUART_interfaceStatus
 *fill*         0x1fffa21e        0x2 
 COMMON         0x1fffa220       0x22 .\ARM_GCC_493\Debug\EasyBoard_5LP.a(USBUART_descr.o)
                0x1fffa220                USBUART_idSerialNumberStringDescriptor
 *fill*         0x1fffa242        0x2 
 COMMON         0x1fffa244        0x4 c:/program files (x86)/cypress/psoc creator/3.3/psoc creator/import/gnu/arm/4.9.3/bin/../lib/gcc/arm-none-eabi/4.9.3/../../../../arm-none-eabi/lib/armv7-m\libg_nano.a(lib_a-reent.o)
                0x1fffa244                errno
                0x1fffa248                . = ALIGN (0x8)
 *(.ram.b)
                0x1fffa248                _end = .
                0x1fffa248                __end = .
                0x1fffa248                PROVIDE (end, .)
                0x1fffa248                PROVIDE (__bss_end__, .)
                0x0000acf0                __cy_region_init_ram = LOADADDR (.data)
                0x000000e0                __cy_region_init_size_ram = (_edata - ADDR (.data))
                0x00002060                __cy_region_zero_size_ram = (_end - _edata)

.heap           0x1fffa248      0x200 load address 0x0000add0
                0x1fffa248                . = _end
                0x1fffa448                . = (. + 0x200)
 *fill*         0x1fffa248      0x200 
                0x1fffa448                __cy_heap_limit = .

.stack          0x20007800      0x800
                0x20007800                __cy_stack_limit = .
                0x20008000                . = (. + 0x800)
 *fill*         0x20007800      0x800 
                0x00000001                ASSERT ((__cy_stack_limit >= __cy_heap_limit), region RAM overflowed with stack)
                0x00000000                cy_checksum_exclude_size = (CY_APPL_LOADABLE == 0x1)?SIZEOF (.cy_checksum_exclude):0x0
                0x00000001                ASSERT ((cy_checksum_exclude_size <= CY_CHECKSUM_EXCLUDE_SIZE), CY_BOOT: Section .cy_checksum_exclude size exceedes specified limit.)

.cyloadermeta
 *(.cyloadermeta)

.cyloadablemeta
 *(.cyloadablemeta)

.cyconfigecc    0x80000000     0x10ac
 *(.cyconfigecc)
 .cyconfigecc   0x80000000     0x10ac .\ARM_GCC_493\Debug\cymetadata.o
                0x80000000                cy_meta_configecc

.cycustnvl      0x90000000        0x4
 *(.cycustnvl)
 .cycustnvl     0x90000000        0x4 .\ARM_GCC_493\Debug\cymetadata.o
                0x90000000                cy_meta_custnvl

.cywolatch      0x90100000        0x4
 *(.cywolatch)
 .cywolatch     0x90100000        0x4 .\ARM_GCC_493\Debug\cymetadata.o
                0x90100000                cy_meta_wonvl

.cyeeprom       0x90200000        0x0
 *(.cyeeprom)
                0x00000001                ASSERT ((. <= ((0x90200000 + ee_offset) + ee_size)), .cyeeprom data will not fit in EEPROM)

.cyflashprotect
                0x90400000      0x100
 *(.cyflashprotect)
 .cyflashprotect
                0x90400000      0x100 .\ARM_GCC_493\Debug\cymetadata.o
                0x90400000                cy_meta_flashprotect

.cymeta         0x90500000        0xc
 *(.cymeta)
 .cymeta        0x90500000        0xc .\ARM_GCC_493\Debug\cymetadata.o
                0x90500000                cy_metadata

.rel.dyn        0x0000add0        0x0 load address 0x9050000c
 .rel.iplt      0x00000000        0x0 c:/program files (x86)/cypress/psoc creator/3.3/psoc creator/import/gnu/arm/4.9.3/bin/../lib/gcc/arm-none-eabi/4.9.3/armv7-m/crtbegin.o

.stab
 *(.stab)

.stabstr
 *(.stabstr)

.debug
 *(.debug)

.line
 *(.line)

.debug_srcinfo
 *(.debug_srcinfo)

.debug_sfnames
 *(.debug_sfnames)

.debug_aranges  0x00000000     0x1050
 *(.debug_aranges)
 .debug_aranges
                0x00000000       0xa0 .\ARM_GCC_493\Debug\main.o
 .debug_aranges
                0x000000a0       0x68 .\ARM_GCC_493\Debug\FunctionGenerator.o
 .debug_aranges
                0x00000108       0x28 .\ARM_GCC_493\Debug\Serial.o
 .debug_aranges
                0x00000130       0x20 .\ARM_GCC_493\Debug\StringHelpers.o
 .debug_aranges
                0x00000150       0x18 .\ARM_GCC_493\Debug\cymetadata.o
 .debug_aranges
                0x00000168       0x48 .\ARM_GCC_493\Debug\Cm3Start.o
 .debug_aranges
                0x000001b0       0x80 .\ARM_GCC_493\Debug\EasyBoard_5LP.a(cyfitter_cfg.o)
 .debug_aranges
                0x00000230       0x98 .\ARM_GCC_493\Debug\EasyBoard_5LP.a(LCD.o)
 .debug_aranges
                0x000002c8       0x20 .\ARM_GCC_493\Debug\EasyBoard_5LP.a(CyBootAsmGnu.o)
 .debug_aranges
                0x000002e8       0xd8 .\ARM_GCC_493\Debug\EasyBoard_5LP.a(CyDmac.o)
 .debug_aranges
                0x000003c0      0x298 .\ARM_GCC_493\Debug\EasyBoard_5LP.a(CyLib.o)
 .debug_aranges
                0x00000658       0x98 .\ARM_GCC_493\Debug\EasyBoard_5LP.a(cyPm.o)
 .debug_aranges
                0x000006f0       0xc8 .\ARM_GCC_493\Debug\EasyBoard_5LP.a(USBUART.o)
 .debug_aranges
                0x000007b8       0xe8 .\ARM_GCC_493\Debug\EasyBoard_5LP.a(USBUART_cdc.o)
 .debug_aranges
                0x000008a0       0x98 .\ARM_GCC_493\Debug\EasyBoard_5LP.a(USBUART_drv.o)
 .debug_aranges
                0x00000938       0x40 .\ARM_GCC_493\Debug\EasyBoard_5LP.a(USBUART_episr.o)
 .debug_aranges
                0x00000978       0x40 .\ARM_GCC_493\Debug\EasyBoard_5LP.a(USBUART_pm.o)
 .debug_aranges
                0x000009b8       0x80 .\ARM_GCC_493\Debug\EasyBoard_5LP.a(USBUART_std.o)
 .debug_aranges
                0x00000a38       0x20 .\ARM_GCC_493\Debug\EasyBoard_5LP.a(USBUART_vnd.o)
 .debug_aranges
                0x00000a58       0x48 .\ARM_GCC_493\Debug\EasyBoard_5LP.a(USBUART_Dp.o)
 .debug_aranges
                0x00000aa0       0x50 .\ARM_GCC_493\Debug\EasyBoard_5LP.a(WaveDAC_1.o)
 .debug_aranges
                0x00000af0       0x28 .\ARM_GCC_493\Debug\EasyBoard_5LP.a(WaveDAC_1_Wave1_DMA_dma.o)
 .debug_aranges
                0x00000b18       0x28 .\ARM_GCC_493\Debug\EasyBoard_5LP.a(WaveDAC_1_Wave2_DMA_dma.o)
 .debug_aranges
                0x00000b40       0x58 .\ARM_GCC_493\Debug\EasyBoard_5LP.a(WaveDAC_1_VDAC8.o)
 .debug_aranges
                0x00000b98       0x30 .\ARM_GCC_493\Debug\EasyBoard_5LP.a(WaveDAC_1_Mux.o)
 .debug_aranges
                0x00000bc8       0x30 .\ARM_GCC_493\Debug\EasyBoard_5LP.a(WaveDAC_0_Mux.o)
 .debug_aranges
                0x00000bf8       0x50 .\ARM_GCC_493\Debug\EasyBoard_5LP.a(WaveDAC_0.o)
 .debug_aranges
                0x00000c48       0x28 .\ARM_GCC_493\Debug\EasyBoard_5LP.a(WaveDAC_0_Wave1_DMA_dma.o)
 .debug_aranges
                0x00000c70       0x28 .\ARM_GCC_493\Debug\EasyBoard_5LP.a(WaveDAC_0_Wave2_DMA_dma.o)
 .debug_aranges
                0x00000c98       0x70 .\ARM_GCC_493\Debug\EasyBoard_5LP.a(WaveDAC_0_Clock.o)
 .debug_aranges
                0x00000d08       0x70 .\ARM_GCC_493\Debug\EasyBoard_5LP.a(WaveDAC_1_Clock.o)
 .debug_aranges
                0x00000d78       0x38 .\ARM_GCC_493\Debug\EasyBoard_5LP.a(LED_0.o)
 .debug_aranges
                0x00000db0       0x38 .\ARM_GCC_493\Debug\EasyBoard_5LP.a(LED_1.o)
 .debug_aranges
                0x00000de8       0xe0 .\ARM_GCC_493\Debug\EasyBoard_5LP.a(SPIS.o)
 .debug_aranges
                0x00000ec8       0x58 .\ARM_GCC_493\Debug\EasyBoard_5LP.a(WaveDAC_0_VDAC8.o)
 .debug_aranges
                0x00000f20       0x80 .\ARM_GCC_493\Debug\EasyBoard_5LP.a(CyFlash.o)
 .debug_aranges
                0x00000fa0       0x78 .\ARM_GCC_493\Debug\EasyBoard_5LP.a(CySpc.o)
 .debug_aranges
                0x00001018       0x20 .\ARM_GCC_493\Debug\EasyBoard_5LP.a(USBUART_cls.o)
 .debug_aranges
                0x00001038       0x18 .\ARM_GCC_493\Debug\EasyBoard_5LP.a(USBUART_descr.o)

.debug_pubnames
 *(.debug_pubnames)

.debug_info     0x00000000     0x8139
 *(.debug_info .gnu.linkonce.wi.*)
 .debug_info    0x00000000      0x85f .\ARM_GCC_493\Debug\main.o
 .debug_info    0x0000085f      0x3e5 .\ARM_GCC_493\Debug\FunctionGenerator.o
 .debug_info    0x00000c44       0xa6 .\ARM_GCC_493\Debug\Serial.o
 .debug_info    0x00000cea       0xc6 .\ARM_GCC_493\Debug\StringHelpers.o
 .debug_info    0x00000db0      0x13f .\ARM_GCC_493\Debug\cymetadata.o
 .debug_info    0x00000eef      0x319 .\ARM_GCC_493\Debug\Cm3Start.o
 .debug_info    0x00001208      0x4d2 .\ARM_GCC_493\Debug\EasyBoard_5LP.a(cyfitter_cfg.o)
 .debug_info    0x000016da      0x3c8 .\ARM_GCC_493\Debug\EasyBoard_5LP.a(LCD.o)
 .debug_info    0x00001aa2       0x97 .\ARM_GCC_493\Debug\EasyBoard_5LP.a(CyBootAsmGnu.o)
 .debug_info    0x00001b39      0x8b4 .\ARM_GCC_493\Debug\EasyBoard_5LP.a(CyDmac.o)
 .debug_info    0x000023ed      0xe36 .\ARM_GCC_493\Debug\EasyBoard_5LP.a(CyLib.o)
 .debug_info    0x00003223      0x562 .\ARM_GCC_493\Debug\EasyBoard_5LP.a(cyPm.o)
 .debug_info    0x00003785      0x70b .\ARM_GCC_493\Debug\EasyBoard_5LP.a(USBUART.o)
 .debug_info    0x00003e90      0x903 .\ARM_GCC_493\Debug\EasyBoard_5LP.a(USBUART_cdc.o)
 .debug_info    0x00004793      0x521 .\ARM_GCC_493\Debug\EasyBoard_5LP.a(USBUART_drv.o)
 .debug_info    0x00004cb4      0x22f .\ARM_GCC_493\Debug\EasyBoard_5LP.a(USBUART_episr.o)
 .debug_info    0x00004ee3      0x186 .\ARM_GCC_493\Debug\EasyBoard_5LP.a(USBUART_pm.o)
 .debug_info    0x00005069      0x940 .\ARM_GCC_493\Debug\EasyBoard_5LP.a(USBUART_std.o)
 .debug_info    0x000059a9       0xe8 .\ARM_GCC_493\Debug\EasyBoard_5LP.a(USBUART_vnd.o)
 .debug_info    0x00005a91      0x171 .\ARM_GCC_493\Debug\EasyBoard_5LP.a(USBUART_Dp.o)
 .debug_info    0x00005c02      0x241 .\ARM_GCC_493\Debug\EasyBoard_5LP.a(WaveDAC_1.o)
 .debug_info    0x00005e43      0x114 .\ARM_GCC_493\Debug\EasyBoard_5LP.a(WaveDAC_1_Wave1_DMA_dma.o)
 .debug_info    0x00005f57      0x114 .\ARM_GCC_493\Debug\EasyBoard_5LP.a(WaveDAC_1_Wave2_DMA_dma.o)
 .debug_info    0x0000606b      0x185 .\ARM_GCC_493\Debug\EasyBoard_5LP.a(WaveDAC_1_VDAC8.o)
 .debug_info    0x000061f0      0x10a .\ARM_GCC_493\Debug\EasyBoard_5LP.a(WaveDAC_1_Mux.o)
 .debug_info    0x000062fa      0x10a .\ARM_GCC_493\Debug\EasyBoard_5LP.a(WaveDAC_0_Mux.o)
 .debug_info    0x00006404      0x253 .\ARM_GCC_493\Debug\EasyBoard_5LP.a(WaveDAC_0.o)
 .debug_info    0x00006657      0x114 .\ARM_GCC_493\Debug\EasyBoard_5LP.a(WaveDAC_0_Wave1_DMA_dma.o)
 .debug_info    0x0000676b      0x114 .\ARM_GCC_493\Debug\EasyBoard_5LP.a(WaveDAC_0_Wave2_DMA_dma.o)
 .debug_info    0x0000687f      0x25d .\ARM_GCC_493\Debug\EasyBoard_5LP.a(WaveDAC_0_Clock.o)
 .debug_info    0x00006adc      0x25d .\ARM_GCC_493\Debug\EasyBoard_5LP.a(WaveDAC_1_Clock.o)
 .debug_info    0x00006d39      0x11e .\ARM_GCC_493\Debug\EasyBoard_5LP.a(LED_0.o)
 .debug_info    0x00006e57      0x11e .\ARM_GCC_493\Debug\EasyBoard_5LP.a(LED_1.o)
 .debug_info    0x00006f75      0x431 .\ARM_GCC_493\Debug\EasyBoard_5LP.a(SPIS.o)
 .debug_info    0x000073a6      0x185 .\ARM_GCC_493\Debug\EasyBoard_5LP.a(WaveDAC_0_VDAC8.o)
 .debug_info    0x0000752b      0x36c .\ARM_GCC_493\Debug\EasyBoard_5LP.a(CyFlash.o)
 .debug_info    0x00007897      0x459 .\ARM_GCC_493\Debug\EasyBoard_5LP.a(CySpc.o)
 .debug_info    0x00007cf0      0x1bc .\ARM_GCC_493\Debug\EasyBoard_5LP.a(USBUART_cls.o)
 .debug_info    0x00007eac      0x28d .\ARM_GCC_493\Debug\EasyBoard_5LP.a(USBUART_descr.o)

.debug_abbrev   0x00000000     0x27e9
 *(.debug_abbrev)
 .debug_abbrev  0x00000000      0x233 .\ARM_GCC_493\Debug\main.o
 .debug_abbrev  0x00000233      0x12a .\ARM_GCC_493\Debug\FunctionGenerator.o
 .debug_abbrev  0x0000035d       0x83 .\ARM_GCC_493\Debug\Serial.o
 .debug_abbrev  0x000003e0       0x83 .\ARM_GCC_493\Debug\StringHelpers.o
 .debug_abbrev  0x00000463       0x77 .\ARM_GCC_493\Debug\cymetadata.o
 .debug_abbrev  0x000004da      0x1b6 .\ARM_GCC_493\Debug\Cm3Start.o
 .debug_abbrev  0x00000690      0x194 .\ARM_GCC_493\Debug\EasyBoard_5LP.a(cyfitter_cfg.o)
 .debug_abbrev  0x00000824      0x120 .\ARM_GCC_493\Debug\EasyBoard_5LP.a(LCD.o)
 .debug_abbrev  0x00000944       0x14 .\ARM_GCC_493\Debug\EasyBoard_5LP.a(CyBootAsmGnu.o)
 .debug_abbrev  0x00000958      0x194 .\ARM_GCC_493\Debug\EasyBoard_5LP.a(CyDmac.o)
 .debug_abbrev  0x00000aec      0x217 .\ARM_GCC_493\Debug\EasyBoard_5LP.a(CyLib.o)
 .debug_abbrev  0x00000d03      0x161 .\ARM_GCC_493\Debug\EasyBoard_5LP.a(cyPm.o)
 .debug_abbrev  0x00000e64      0x1f3 .\ARM_GCC_493\Debug\EasyBoard_5LP.a(USBUART.o)
 .debug_abbrev  0x00001057      0x233 .\ARM_GCC_493\Debug\EasyBoard_5LP.a(USBUART_cdc.o)
 .debug_abbrev  0x0000128a      0x161 .\ARM_GCC_493\Debug\EasyBoard_5LP.a(USBUART_drv.o)
 .debug_abbrev  0x000013eb       0xfd .\ARM_GCC_493\Debug\EasyBoard_5LP.a(USBUART_episr.o)
 .debug_abbrev  0x000014e8       0xd1 .\ARM_GCC_493\Debug\EasyBoard_5LP.a(USBUART_pm.o)
 .debug_abbrev  0x000015b9      0x1c2 .\ARM_GCC_493\Debug\EasyBoard_5LP.a(USBUART_std.o)
 .debug_abbrev  0x0000177b       0x9b .\ARM_GCC_493\Debug\EasyBoard_5LP.a(USBUART_vnd.o)
 .debug_abbrev  0x00001816       0x90 .\ARM_GCC_493\Debug\EasyBoard_5LP.a(USBUART_Dp.o)
 .debug_abbrev  0x000018a6       0xe3 .\ARM_GCC_493\Debug\EasyBoard_5LP.a(WaveDAC_1.o)
 .debug_abbrev  0x00001989       0x8b .\ARM_GCC_493\Debug\EasyBoard_5LP.a(WaveDAC_1_Wave1_DMA_dma.o)
 .debug_abbrev  0x00001a14       0x8b .\ARM_GCC_493\Debug\EasyBoard_5LP.a(WaveDAC_1_Wave2_DMA_dma.o)
 .debug_abbrev  0x00001a9f       0xeb .\ARM_GCC_493\Debug\EasyBoard_5LP.a(WaveDAC_1_VDAC8.o)
 .debug_abbrev  0x00001b8a       0x6f .\ARM_GCC_493\Debug\EasyBoard_5LP.a(WaveDAC_1_Mux.o)
 .debug_abbrev  0x00001bf9       0x6f .\ARM_GCC_493\Debug\EasyBoard_5LP.a(WaveDAC_0_Mux.o)
 .debug_abbrev  0x00001c68       0xe3 .\ARM_GCC_493\Debug\EasyBoard_5LP.a(WaveDAC_0.o)
 .debug_abbrev  0x00001d4b       0x8b .\ARM_GCC_493\Debug\EasyBoard_5LP.a(WaveDAC_0_Wave1_DMA_dma.o)
 .debug_abbrev  0x00001dd6       0x8b .\ARM_GCC_493\Debug\EasyBoard_5LP.a(WaveDAC_0_Wave2_DMA_dma.o)
 .debug_abbrev  0x00001e61      0x11d .\ARM_GCC_493\Debug\EasyBoard_5LP.a(WaveDAC_0_Clock.o)
 .debug_abbrev  0x00001f7e      0x11d .\ARM_GCC_493\Debug\EasyBoard_5LP.a(WaveDAC_1_Clock.o)
 .debug_abbrev  0x0000209b       0x90 .\ARM_GCC_493\Debug\EasyBoard_5LP.a(LED_0.o)
 .debug_abbrev  0x0000212b       0x90 .\ARM_GCC_493\Debug\EasyBoard_5LP.a(LED_1.o)
 .debug_abbrev  0x000021bb      0x13e .\ARM_GCC_493\Debug\EasyBoard_5LP.a(SPIS.o)
 .debug_abbrev  0x000022f9       0xeb .\ARM_GCC_493\Debug\EasyBoard_5LP.a(WaveDAC_0_VDAC8.o)
 .debug_abbrev  0x000023e4      0x120 .\ARM_GCC_493\Debug\EasyBoard_5LP.a(CyFlash.o)
 .debug_abbrev  0x00002504      0x16c .\ARM_GCC_493\Debug\EasyBoard_5LP.a(CySpc.o)
 .debug_abbrev  0x00002670       0xc5 .\ARM_GCC_493\Debug\EasyBoard_5LP.a(USBUART_cls.o)
 .debug_abbrev  0x00002735       0xb4 .\ARM_GCC_493\Debug\EasyBoard_5LP.a(USBUART_descr.o)

.debug_line     0x00000000     0x401b
 *(.debug_line)
 .debug_line    0x00000000      0x3fc .\ARM_GCC_493\Debug\main.o
 .debug_line    0x000003fc      0x1bf .\ARM_GCC_493\Debug\FunctionGenerator.o
 .debug_line    0x000005bb       0x64 .\ARM_GCC_493\Debug\Serial.o
 .debug_line    0x0000061f       0xce .\ARM_GCC_493\Debug\StringHelpers.o
 .debug_line    0x000006ed       0x53 .\ARM_GCC_493\Debug\cymetadata.o
 .debug_line    0x00000740      0x1d5 .\ARM_GCC_493\Debug\Cm3Start.o
 .debug_line    0x00000915      0x292 .\ARM_GCC_493\Debug\EasyBoard_5LP.a(cyfitter_cfg.o)
 .debug_line    0x00000ba7      0x1e3 .\ARM_GCC_493\Debug\EasyBoard_5LP.a(LCD.o)
 .debug_line    0x00000d8a       0x68 .\ARM_GCC_493\Debug\EasyBoard_5LP.a(CyBootAsmGnu.o)
 .debug_line    0x00000df2      0x2b7 .\ARM_GCC_493\Debug\EasyBoard_5LP.a(CyDmac.o)
 .debug_line    0x000010a9      0x872 .\ARM_GCC_493\Debug\EasyBoard_5LP.a(CyLib.o)
 .debug_line    0x0000191b      0x381 .\ARM_GCC_493\Debug\EasyBoard_5LP.a(cyPm.o)
 .debug_line    0x00001c9c      0x304 .\ARM_GCC_493\Debug\EasyBoard_5LP.a(USBUART.o)
 .debug_line    0x00001fa0      0x30e .\ARM_GCC_493\Debug\EasyBoard_5LP.a(USBUART_cdc.o)
 .debug_line    0x000022ae      0x21c .\ARM_GCC_493\Debug\EasyBoard_5LP.a(USBUART_drv.o)
 .debug_line    0x000024ca       0xf4 .\ARM_GCC_493\Debug\EasyBoard_5LP.a(USBUART_episr.o)
 .debug_line    0x000025be       0xe8 .\ARM_GCC_493\Debug\EasyBoard_5LP.a(USBUART_pm.o)
 .debug_line    0x000026a6      0x45d .\ARM_GCC_493\Debug\EasyBoard_5LP.a(USBUART_std.o)
 .debug_line    0x00002b03       0x7b .\ARM_GCC_493\Debug\EasyBoard_5LP.a(USBUART_vnd.o)
 .debug_line    0x00002b7e       0xc0 .\ARM_GCC_493\Debug\EasyBoard_5LP.a(USBUART_Dp.o)
 .debug_line    0x00002c3e       0xf3 .\ARM_GCC_493\Debug\EasyBoard_5LP.a(WaveDAC_1.o)
 .debug_line    0x00002d31       0x9f .\ARM_GCC_493\Debug\EasyBoard_5LP.a(WaveDAC_1_Wave1_DMA_dma.o)
 .debug_line    0x00002dd0       0x9f .\ARM_GCC_493\Debug\EasyBoard_5LP.a(WaveDAC_1_Wave2_DMA_dma.o)
 .debug_line    0x00002e6f       0xf9 .\ARM_GCC_493\Debug\EasyBoard_5LP.a(WaveDAC_1_VDAC8.o)
 .debug_line    0x00002f68       0xa4 .\ARM_GCC_493\Debug\EasyBoard_5LP.a(WaveDAC_1_Mux.o)
 .debug_line    0x0000300c       0xa4 .\ARM_GCC_493\Debug\EasyBoard_5LP.a(WaveDAC_0_Mux.o)
 .debug_line    0x000030b0       0xf3 .\ARM_GCC_493\Debug\EasyBoard_5LP.a(WaveDAC_0.o)
 .debug_line    0x000031a3       0x9f .\ARM_GCC_493\Debug\EasyBoard_5LP.a(WaveDAC_0_Wave1_DMA_dma.o)
 .debug_line    0x00003242       0x9f .\ARM_GCC_493\Debug\EasyBoard_5LP.a(WaveDAC_0_Wave2_DMA_dma.o)
 .debug_line    0x000032e1      0x1c3 .\ARM_GCC_493\Debug\EasyBoard_5LP.a(WaveDAC_0_Clock.o)
 .debug_line    0x000034a4      0x1c3 .\ARM_GCC_493\Debug\EasyBoard_5LP.a(WaveDAC_1_Clock.o)
 .debug_line    0x00003667       0x96 .\ARM_GCC_493\Debug\EasyBoard_5LP.a(LED_0.o)
 .debug_line    0x000036fd       0x96 .\ARM_GCC_493\Debug\EasyBoard_5LP.a(LED_1.o)
 .debug_line    0x00003793      0x277 .\ARM_GCC_493\Debug\EasyBoard_5LP.a(SPIS.o)
 .debug_line    0x00003a0a       0xf9 .\ARM_GCC_493\Debug\EasyBoard_5LP.a(WaveDAC_0_VDAC8.o)
 .debug_line    0x00003b03      0x207 .\ARM_GCC_493\Debug\EasyBoard_5LP.a(CyFlash.o)
 .debug_line    0x00003d0a      0x217 .\ARM_GCC_493\Debug\EasyBoard_5LP.a(CySpc.o)
 .debug_line    0x00003f21       0x97 .\ARM_GCC_493\Debug\EasyBoard_5LP.a(USBUART_cls.o)
 .debug_line    0x00003fb8       0x63 .\ARM_GCC_493\Debug\EasyBoard_5LP.a(USBUART_descr.o)

.debug_frame    0x00000000     0x4828
 *(.debug_frame)
 .debug_frame   0x00000000      0x2a8 .\ARM_GCC_493\Debug\main.o
 .debug_frame   0x000002a8      0x1cc .\ARM_GCC_493\Debug\FunctionGenerator.o
 .debug_frame   0x00000474       0x60 .\ARM_GCC_493\Debug\Serial.o
 .debug_frame   0x000004d4       0x3c .\ARM_GCC_493\Debug\StringHelpers.o
 .debug_frame   0x00000510       0xd8 .\ARM_GCC_493\Debug\Cm3Start.o
 .debug_frame   0x000005e8      0x200 .\ARM_GCC_493\Debug\EasyBoard_5LP.a(cyfitter_cfg.o)
 .debug_frame   0x000007e8      0x260 .\ARM_GCC_493\Debug\EasyBoard_5LP.a(LCD.o)
 .debug_frame   0x00000a48      0x3d0 .\ARM_GCC_493\Debug\EasyBoard_5LP.a(CyDmac.o)
 .debug_frame   0x00000e18      0xbe8 .\ARM_GCC_493\Debug\EasyBoard_5LP.a(CyLib.o)
 .debug_frame   0x00001a00      0x234 .\ARM_GCC_493\Debug\EasyBoard_5LP.a(cyPm.o)
 .debug_frame   0x00001c34      0x37c .\ARM_GCC_493\Debug\EasyBoard_5LP.a(USBUART.o)
 .debug_frame   0x00001fb0      0x3ec .\ARM_GCC_493\Debug\EasyBoard_5LP.a(USBUART_cdc.o)
 .debug_frame   0x0000239c      0x23c .\ARM_GCC_493\Debug\EasyBoard_5LP.a(USBUART_drv.o)
 .debug_frame   0x000025d8       0xbc .\ARM_GCC_493\Debug\EasyBoard_5LP.a(USBUART_episr.o)
 .debug_frame   0x00002694       0xbc .\ARM_GCC_493\Debug\EasyBoard_5LP.a(USBUART_pm.o)
 .debug_frame   0x00002750      0x224 .\ARM_GCC_493\Debug\EasyBoard_5LP.a(USBUART_std.o)
 .debug_frame   0x00002974       0x38 .\ARM_GCC_493\Debug\EasyBoard_5LP.a(USBUART_vnd.o)
 .debug_frame   0x000029ac       0xf4 .\ARM_GCC_493\Debug\EasyBoard_5LP.a(USBUART_Dp.o)
 .debug_frame   0x00002aa0       0xf8 .\ARM_GCC_493\Debug\EasyBoard_5LP.a(WaveDAC_1.o)
 .debug_frame   0x00002b98       0x58 .\ARM_GCC_493\Debug\EasyBoard_5LP.a(WaveDAC_1_Wave1_DMA_dma.o)
 .debug_frame   0x00002bf0       0x58 .\ARM_GCC_493\Debug\EasyBoard_5LP.a(WaveDAC_1_Wave2_DMA_dma.o)
 .debug_frame   0x00002c48      0x130 .\ARM_GCC_493\Debug\EasyBoard_5LP.a(WaveDAC_1_VDAC8.o)
 .debug_frame   0x00002d78       0x88 .\ARM_GCC_493\Debug\EasyBoard_5LP.a(WaveDAC_1_Mux.o)
 .debug_frame   0x00002e00       0x88 .\ARM_GCC_493\Debug\EasyBoard_5LP.a(WaveDAC_0_Mux.o)
 .debug_frame   0x00002e88       0xf8 .\ARM_GCC_493\Debug\EasyBoard_5LP.a(WaveDAC_0.o)
 .debug_frame   0x00002f80       0x58 .\ARM_GCC_493\Debug\EasyBoard_5LP.a(WaveDAC_0_Wave1_DMA_dma.o)
 .debug_frame   0x00002fd8       0x58 .\ARM_GCC_493\Debug\EasyBoard_5LP.a(WaveDAC_0_Wave2_DMA_dma.o)
 .debug_frame   0x00003030      0x1b4 .\ARM_GCC_493\Debug\EasyBoard_5LP.a(WaveDAC_0_Clock.o)
 .debug_frame   0x000031e4      0x1b4 .\ARM_GCC_493\Debug\EasyBoard_5LP.a(WaveDAC_1_Clock.o)
 .debug_frame   0x00003398       0xa8 .\ARM_GCC_493\Debug\EasyBoard_5LP.a(LED_0.o)
 .debug_frame   0x00003440       0xa8 .\ARM_GCC_493\Debug\EasyBoard_5LP.a(LED_1.o)
 .debug_frame   0x000034e8      0x3c4 .\ARM_GCC_493\Debug\EasyBoard_5LP.a(SPIS.o)
 .debug_frame   0x000038ac      0x130 .\ARM_GCC_493\Debug\EasyBoard_5LP.a(WaveDAC_0_VDAC8.o)
 .debug_frame   0x000039dc      0x210 .\ARM_GCC_493\Debug\EasyBoard_5LP.a(CyFlash.o)
 .debug_frame   0x00003bec      0x1f8 .\ARM_GCC_493\Debug\EasyBoard_5LP.a(CySpc.o)
 .debug_frame   0x00003de4       0x38 .\ARM_GCC_493\Debug\EasyBoard_5LP.a(USBUART_cls.o)
 .debug_frame   0x00003e1c       0x38 c:/program files (x86)/cypress/psoc creator/3.3/psoc creator/import/gnu/arm/4.9.3/bin/../lib/gcc/arm-none-eabi/4.9.3/../../../../arm-none-eabi/lib/armv7-m\libm.a(lib_a-s_sin.o)
 .debug_frame   0x00003e54       0x48 c:/program files (x86)/cypress/psoc creator/3.3/psoc creator/import/gnu/arm/4.9.3/bin/../lib/gcc/arm-none-eabi/4.9.3/../../../../arm-none-eabi/lib/armv7-m\libm.a(lib_a-e_rem_pio2.o)
 .debug_frame   0x00003e9c       0x4c c:/program files (x86)/cypress/psoc creator/3.3/psoc creator/import/gnu/arm/4.9.3/bin/../lib/gcc/arm-none-eabi/4.9.3/../../../../arm-none-eabi/lib/armv7-m\libm.a(lib_a-k_cos.o)
 .debug_frame   0x00003ee8       0x54 c:/program files (x86)/cypress/psoc creator/3.3/psoc creator/import/gnu/arm/4.9.3/bin/../lib/gcc/arm-none-eabi/4.9.3/../../../../arm-none-eabi/lib/armv7-m\libm.a(lib_a-k_rem_pio2.o)
 .debug_frame   0x00003f3c       0x48 c:/program files (x86)/cypress/psoc creator/3.3/psoc creator/import/gnu/arm/4.9.3/bin/../lib/gcc/arm-none-eabi/4.9.3/../../../../arm-none-eabi/lib/armv7-m\libm.a(lib_a-k_sin.o)
 .debug_frame   0x00003f84       0x20 c:/program files (x86)/cypress/psoc creator/3.3/psoc creator/import/gnu/arm/4.9.3/bin/../lib/gcc/arm-none-eabi/4.9.3/../../../../arm-none-eabi/lib/armv7-m\libm.a(lib_a-s_fabs.o)
 .debug_frame   0x00003fa4       0x34 c:/program files (x86)/cypress/psoc creator/3.3/psoc creator/import/gnu/arm/4.9.3/bin/../lib/gcc/arm-none-eabi/4.9.3/../../../../arm-none-eabi/lib/armv7-m\libm.a(lib_a-s_floor.o)
 .debug_frame   0x00003fd8       0x30 c:/program files (x86)/cypress/psoc creator/3.3/psoc creator/import/gnu/arm/4.9.3/bin/../lib/gcc/arm-none-eabi/4.9.3/../../../../arm-none-eabi/lib/armv7-m\libm.a(lib_a-s_scalbn.o)
 .debug_frame   0x00004008       0x20 c:/program files (x86)/cypress/psoc creator/3.3/psoc creator/import/gnu/arm/4.9.3/bin/../lib/gcc/arm-none-eabi/4.9.3/../../../../arm-none-eabi/lib/armv7-m\libm.a(lib_a-s_copysign.o)
 .debug_frame   0x00004028       0x20 c:/program files (x86)/cypress/psoc creator/3.3/psoc creator/import/gnu/arm/4.9.3/bin/../lib/gcc/arm-none-eabi/4.9.3/../../../../arm-none-eabi/lib/armv7-m\libg_nano.a(lib_a-errno.o)
 .debug_frame   0x00004048       0x28 c:/program files (x86)/cypress/psoc creator/3.3/psoc creator/import/gnu/arm/4.9.3/bin/../lib/gcc/arm-none-eabi/4.9.3/../../../../arm-none-eabi/lib/armv7-m\libg_nano.a(lib_a-exit.o)
 .debug_frame   0x00004070       0x2c c:/program files (x86)/cypress/psoc creator/3.3/psoc creator/import/gnu/arm/4.9.3/bin/../lib/gcc/arm-none-eabi/4.9.3/../../../../arm-none-eabi/lib/armv7-m\libg_nano.a(lib_a-init.o)
 .debug_frame   0x0000409c       0x28 c:/program files (x86)/cypress/psoc creator/3.3/psoc creator/import/gnu/arm/4.9.3/bin/../lib/gcc/arm-none-eabi/4.9.3/../../../../arm-none-eabi/lib/armv7-m\libg_nano.a(lib_a-memcpy.o)
 .debug_frame   0x000040c4       0x28 c:/program files (x86)/cypress/psoc creator/3.3/psoc creator/import/gnu/arm/4.9.3/bin/../lib/gcc/arm-none-eabi/4.9.3/../../../../arm-none-eabi/lib/armv7-m\libg_nano.a(lib_a-memmove.o)
 .debug_frame   0x000040ec       0x20 c:/program files (x86)/cypress/psoc creator/3.3/psoc creator/import/gnu/arm/4.9.3/bin/../lib/gcc/arm-none-eabi/4.9.3/../../../../arm-none-eabi/lib/armv7-m\libg_nano.a(lib_a-memset.o)
 .debug_frame   0x0000410c       0x8c c:/program files (x86)/cypress/psoc creator/3.3/psoc creator/import/gnu/arm/4.9.3/bin/../lib/gcc/arm-none-eabi/4.9.3/../../../../arm-none-eabi/lib/armv7-m\libg_nano.a(lib_a-nano-vfprintf_float.o)
 .debug_frame   0x00004198       0x58 c:/program files (x86)/cypress/psoc creator/3.3/psoc creator/import/gnu/arm/4.9.3/bin/../lib/gcc/arm-none-eabi/4.9.3/../../../../arm-none-eabi/lib/armv7-m\libg_nano.a(lib_a-nano-vfprintf_i.o)
 .debug_frame   0x000041f0       0x28 c:/program files (x86)/cypress/psoc creator/3.3/psoc creator/import/gnu/arm/4.9.3/bin/../lib/gcc/arm-none-eabi/4.9.3/../../../../arm-none-eabi/lib/armv7-m\libg_nano.a(lib_a-s_fpclassify.o)
 .debug_frame   0x00004218       0x70 c:/program files (x86)/cypress/psoc creator/3.3/psoc creator/import/gnu/arm/4.9.3/bin/../lib/gcc/arm-none-eabi/4.9.3/../../../../arm-none-eabi/lib/armv7-m\libg_nano.a(lib_a-sprintf.o)
 .debug_frame   0x00004288       0x20 c:/program files (x86)/cypress/psoc creator/3.3/psoc creator/import/gnu/arm/4.9.3/bin/../lib/gcc/arm-none-eabi/4.9.3/../../../../arm-none-eabi/lib/armv7-m\libg_nano.a(lib_a-strlen.o)
 .debug_frame   0x000042a8       0x6c c:/program files (x86)/cypress/psoc creator/3.3/psoc creator/import/gnu/arm/4.9.3/bin/../lib/gcc/arm-none-eabi/4.9.3/../../../../arm-none-eabi/lib/armv7-m\libg_nano.a(lib_a-dtoa.o)
 .debug_frame   0x00004314       0x98 c:/program files (x86)/cypress/psoc creator/3.3/psoc creator/import/gnu/arm/4.9.3/bin/../lib/gcc/arm-none-eabi/4.9.3/../../../../arm-none-eabi/lib/armv7-m\libg_nano.a(lib_a-locale.o)
 .debug_frame   0x000043ac       0x30 c:/program files (x86)/cypress/psoc creator/3.3/psoc creator/import/gnu/arm/4.9.3/bin/../lib/gcc/arm-none-eabi/4.9.3/../../../../arm-none-eabi/lib/armv7-m\libg_nano.a(lib_a-malloc.o)
 .debug_frame   0x000043dc       0x28 c:/program files (x86)/cypress/psoc creator/3.3/psoc creator/import/gnu/arm/4.9.3/bin/../lib/gcc/arm-none-eabi/4.9.3/../../../../arm-none-eabi/lib/armv7-m\libg_nano.a(lib_a-memchr.o)
 .debug_frame   0x00004404      0x230 c:/program files (x86)/cypress/psoc creator/3.3/psoc creator/import/gnu/arm/4.9.3/bin/../lib/gcc/arm-none-eabi/4.9.3/../../../../arm-none-eabi/lib/armv7-m\libg_nano.a(lib_a-mprec.o)