ARM GAS  C:\Users\jthem\AppData\Local\Temp\ccuWctOy.s 			page 1


   1              		.syntax unified
   2              		.cpu cortex-m3
   3              		.fpu softvfp
   4              		.eabi_attribute 20, 1
   5              		.eabi_attribute 21, 1
   6              		.eabi_attribute 23, 3
   7              		.eabi_attribute 24, 1
   8              		.eabi_attribute 25, 1
   9              		.eabi_attribute 26, 1
  10              		.eabi_attribute 30, 6
  11              		.eabi_attribute 34, 1
  12              		.eabi_attribute 18, 4
  13              		.thumb
  14              		.file	"Serial.c"
  15              		.text
  16              	.Ltext0:
  17              		.cfi_sections	.debug_frame
  18              		.section	.text.Serial_PutString,"ax",%progbits
  19              		.align	2
  20              		.global	Serial_PutString
  21              		.thumb
  22              		.thumb_func
  23              		.type	Serial_PutString, %function
  24              	Serial_PutString:
  25              	.LFB0:
  26              		.file 1 ".\\Serial.c"
   1:.\Serial.c    **** /* ========================================
   2:.\Serial.c    ****  *
   3:.\Serial.c    ****  * Copyright 2016 John Harkins and Li He
   4:.\Serial.c    ****  * All Rights Reserved
   5:.\Serial.c    ****  *
   6:.\Serial.c    ****  * ========================================
   7:.\Serial.c    **** */
   8:.\Serial.c    **** 
   9:.\Serial.c    **** #include "serial.h"
  10:.\Serial.c    **** 
  11:.\Serial.c    **** extern int USBUART_GetChar();
  12:.\Serial.c    **** extern void USBUART_PutString(char *str);
  13:.\Serial.c    **** extern int USBUART_DataIsReady();
  14:.\Serial.c    **** extern int USBUART_CDCIsReady();
  15:.\Serial.c    **** extern int USBUART_GetConfiguration();
  16:.\Serial.c    **** 
  17:.\Serial.c    **** 
  18:.\Serial.c    **** /*******************************************************************************
  19:.\Serial.c    **** * Function Name: Serial_PutString
  20:.\Serial.c    **** ********************************************************************************
  21:.\Serial.c    **** *
  22:.\Serial.c    **** * Summary
  23:.\Serial.c    **** *  Sends data from str via USB UART to the host.
  24:.\Serial.c    **** *
  25:.\Serial.c    **** * Parameters:
  26:.\Serial.c    **** *  str - a string to be sent
  27:.\Serial.c    **** *
  28:.\Serial.c    **** * Return:
  29:.\Serial.c    **** *  None.
  30:.\Serial.c    **** *
  31:.\Serial.c    **** *******************************************************************************/
ARM GAS  C:\Users\jthem\AppData\Local\Temp\ccuWctOy.s 			page 2


  32:.\Serial.c    **** void Serial_PutString(char *str)
  33:.\Serial.c    **** {
  27              		.loc 1 33 0
  28              		.cfi_startproc
  29              		@ args = 0, pretend = 0, frame = 8
  30              		@ frame_needed = 1, uses_anonymous_args = 0
  31 0000 80B5     		push	{r7, lr}
  32              		.cfi_def_cfa_offset 8
  33              		.cfi_offset 7, -8
  34              		.cfi_offset 14, -4
  35 0002 82B0     		sub	sp, sp, #8
  36              		.cfi_def_cfa_offset 16
  37 0004 00AF     		add	r7, sp, #0
  38              		.cfi_def_cfa_register 7
  39 0006 7860     		str	r0, [r7, #4]
  34:.\Serial.c    ****     while (!USBUART_CDCIsReady());
  40              		.loc 1 34 0
  41 0008 00BF     		nop
  42              	.L2:
  43              		.loc 1 34 0 is_stmt 0 discriminator 1
  44 000a FFF7FEFF 		bl	USBUART_CDCIsReady
  45 000e 0346     		mov	r3, r0
  46 0010 002B     		cmp	r3, #0
  47 0012 FAD0     		beq	.L2
  35:.\Serial.c    ****     USBUART_PutString(str);
  48              		.loc 1 35 0 is_stmt 1
  49 0014 7868     		ldr	r0, [r7, #4]
  50 0016 FFF7FEFF 		bl	USBUART_PutString
  36:.\Serial.c    **** }
  51              		.loc 1 36 0
  52 001a 0837     		adds	r7, r7, #8
  53              		.cfi_def_cfa_offset 8
  54 001c BD46     		mov	sp, r7
  55              		.cfi_def_cfa_register 13
  56              		@ sp needed
  57 001e 80BD     		pop	{r7, pc}
  58              		.cfi_endproc
  59              	.LFE0:
  60              		.size	Serial_PutString, .-Serial_PutString
  61              		.section	.text.Serial_GetString,"ax",%progbits
  62              		.align	2
  63              		.global	Serial_GetString
  64              		.thumb
  65              		.thumb_func
  66              		.type	Serial_GetString, %function
  67              	Serial_GetString:
  68              	.LFB1:
  37:.\Serial.c    **** 
  38:.\Serial.c    **** 
  39:.\Serial.c    **** /*******************************************************************************
  40:.\Serial.c    **** * Function Name: Serial_GetString
  41:.\Serial.c    **** ********************************************************************************
  42:.\Serial.c    **** *
  43:.\Serial.c    **** * Summary
  44:.\Serial.c    **** *  Reads data from USB UART into str
  45:.\Serial.c    **** *
  46:.\Serial.c    **** * Parameters:
ARM GAS  C:\Users\jthem\AppData\Local\Temp\ccuWctOy.s 			page 3


  47:.\Serial.c    **** *  str - the buffer to be read into
  48:.\Serial.c    **** *
  49:.\Serial.c    **** * Return:
  50:.\Serial.c    **** *  None.
  51:.\Serial.c    **** *
  52:.\Serial.c    **** *******************************************************************************/
  53:.\Serial.c    **** void Serial_GetString(char *str)
  54:.\Serial.c    **** {
  69              		.loc 1 54 0
  70              		.cfi_startproc
  71              		@ args = 0, pretend = 0, frame = 16
  72              		@ frame_needed = 1, uses_anonymous_args = 0
  73 0000 80B5     		push	{r7, lr}
  74              		.cfi_def_cfa_offset 8
  75              		.cfi_offset 7, -8
  76              		.cfi_offset 14, -4
  77 0002 84B0     		sub	sp, sp, #16
  78              		.cfi_def_cfa_offset 24
  79 0004 00AF     		add	r7, sp, #0
  80              		.cfi_def_cfa_register 7
  81 0006 7860     		str	r0, [r7, #4]
  55:.\Serial.c    ****     int count = 0;
  82              		.loc 1 55 0
  83 0008 0023     		movs	r3, #0
  84 000a FB60     		str	r3, [r7, #12]
  85              	.L7:
  86              	.LBB2:
  56:.\Serial.c    ****     while (1) {
  57:.\Serial.c    ****         while (!USBUART_DataIsReady());
  87              		.loc 1 57 0
  88 000c 00BF     		nop
  89              	.L4:
  90              		.loc 1 57 0 is_stmt 0 discriminator 1
  91 000e FFF7FEFF 		bl	USBUART_DataIsReady
  92 0012 0346     		mov	r3, r0
  93 0014 002B     		cmp	r3, #0
  94 0016 FAD0     		beq	.L4
  58:.\Serial.c    ****         char c = USBUART_GetChar();
  95              		.loc 1 58 0 is_stmt 1
  96 0018 FFF7FEFF 		bl	USBUART_GetChar
  97 001c 0346     		mov	r3, r0
  98 001e FB72     		strb	r3, [r7, #11]
  59:.\Serial.c    ****         str[count] = c;
  99              		.loc 1 59 0
 100 0020 FB68     		ldr	r3, [r7, #12]
 101 0022 7A68     		ldr	r2, [r7, #4]
 102 0024 1344     		add	r3, r3, r2
 103 0026 FA7A     		ldrb	r2, [r7, #11]
 104 0028 1A70     		strb	r2, [r3]
  60:.\Serial.c    ****         
  61:.\Serial.c    ****         if (c == '\r') { // hit newline
 105              		.loc 1 61 0
 106 002a FB7A     		ldrb	r3, [r7, #11]	@ zero_extendqisi2
 107 002c 0D2B     		cmp	r3, #13
 108 002e 06D1     		bne	.L5
  62:.\Serial.c    ****             str[count + 1] = '\0'; // add null terminator
 109              		.loc 1 62 0
ARM GAS  C:\Users\jthem\AppData\Local\Temp\ccuWctOy.s 			page 4


 110 0030 FB68     		ldr	r3, [r7, #12]
 111 0032 0133     		adds	r3, r3, #1
 112 0034 7A68     		ldr	r2, [r7, #4]
 113 0036 1344     		add	r3, r3, r2
 114 0038 0022     		movs	r2, #0
 115 003a 1A70     		strb	r2, [r3]
  63:.\Serial.c    ****             return;
 116              		.loc 1 63 0
 117 003c 03E0     		b	.L8
 118              	.L5:
  64:.\Serial.c    ****         }
  65:.\Serial.c    ****         count++;
 119              		.loc 1 65 0
 120 003e FB68     		ldr	r3, [r7, #12]
 121 0040 0133     		adds	r3, r3, #1
 122 0042 FB60     		str	r3, [r7, #12]
 123              	.LBE2:
  66:.\Serial.c    ****     }
 124              		.loc 1 66 0
 125 0044 E2E7     		b	.L7
 126              	.L8:
  67:.\Serial.c    **** }
 127              		.loc 1 67 0
 128 0046 1037     		adds	r7, r7, #16
 129              		.cfi_def_cfa_offset 8
 130 0048 BD46     		mov	sp, r7
 131              		.cfi_def_cfa_register 13
 132              		@ sp needed
 133 004a 80BD     		pop	{r7, pc}
 134              		.cfi_endproc
 135              	.LFE1:
 136              		.size	Serial_GetString, .-Serial_GetString
 137              		.text
 138              	.Letext0:
 139              		.section	.debug_info,"",%progbits
 140              	.Ldebug_info0:
 141 0000 A2000000 		.4byte	0xa2
 142 0004 0400     		.2byte	0x4
 143 0006 00000000 		.4byte	.Ldebug_abbrev0
 144 000a 04       		.byte	0x4
 145 000b 01       		.uleb128 0x1
 146 000c 1C000000 		.4byte	.LASF4
 147 0010 01       		.byte	0x1
 148 0011 00000000 		.4byte	.LASF5
 149 0015 C1000000 		.4byte	.LASF6
 150 0019 00000000 		.4byte	.Ldebug_ranges0+0
 151 001d 00000000 		.4byte	0
 152 0021 00000000 		.4byte	.Ldebug_line0
 153 0025 02       		.uleb128 0x2
 154 0026 0B000000 		.4byte	.LASF0
 155 002a 01       		.byte	0x1
 156 002b 20       		.byte	0x20
 157 002c 00000000 		.4byte	.LFB0
 158 0030 20000000 		.4byte	.LFE0-.LFB0
 159 0034 01       		.uleb128 0x1
 160 0035 9C       		.byte	0x9c
 161 0036 49000000 		.4byte	0x49
ARM GAS  C:\Users\jthem\AppData\Local\Temp\ccuWctOy.s 			page 5


 162 003a 03       		.uleb128 0x3
 163 003b 73747200 		.ascii	"str\000"
 164 003f 01       		.byte	0x1
 165 0040 20       		.byte	0x20
 166 0041 49000000 		.4byte	0x49
 167 0045 02       		.uleb128 0x2
 168 0046 91       		.byte	0x91
 169 0047 74       		.sleb128 -12
 170 0048 00       		.byte	0
 171 0049 04       		.uleb128 0x4
 172 004a 04       		.byte	0x4
 173 004b 4F000000 		.4byte	0x4f
 174 004f 05       		.uleb128 0x5
 175 0050 01       		.byte	0x1
 176 0051 08       		.byte	0x8
 177 0052 08010000 		.4byte	.LASF3
 178 0056 02       		.uleb128 0x2
 179 0057 AA000000 		.4byte	.LASF1
 180 005b 01       		.byte	0x1
 181 005c 35       		.byte	0x35
 182 005d 00000000 		.4byte	.LFB1
 183 0061 4C000000 		.4byte	.LFE1-.LFB1
 184 0065 01       		.uleb128 0x1
 185 0066 9C       		.byte	0x9c
 186 0067 9E000000 		.4byte	0x9e
 187 006b 03       		.uleb128 0x3
 188 006c 73747200 		.ascii	"str\000"
 189 0070 01       		.byte	0x1
 190 0071 35       		.byte	0x35
 191 0072 49000000 		.4byte	0x49
 192 0076 02       		.uleb128 0x2
 193 0077 91       		.byte	0x91
 194 0078 6C       		.sleb128 -20
 195 0079 06       		.uleb128 0x6
 196 007a BB000000 		.4byte	.LASF2
 197 007e 01       		.byte	0x1
 198 007f 37       		.byte	0x37
 199 0080 9E000000 		.4byte	0x9e
 200 0084 02       		.uleb128 0x2
 201 0085 91       		.byte	0x91
 202 0086 74       		.sleb128 -12
 203 0087 07       		.uleb128 0x7
 204 0088 0C000000 		.4byte	.LBB2
 205 008c 38000000 		.4byte	.LBE2-.LBB2
 206 0090 08       		.uleb128 0x8
 207 0091 6300     		.ascii	"c\000"
 208 0093 01       		.byte	0x1
 209 0094 3A       		.byte	0x3a
 210 0095 4F000000 		.4byte	0x4f
 211 0099 02       		.uleb128 0x2
 212 009a 91       		.byte	0x91
 213 009b 73       		.sleb128 -13
 214 009c 00       		.byte	0
 215 009d 00       		.byte	0
 216 009e 09       		.uleb128 0x9
 217 009f 04       		.byte	0x4
 218 00a0 05       		.byte	0x5
ARM GAS  C:\Users\jthem\AppData\Local\Temp\ccuWctOy.s 			page 6


 219 00a1 696E7400 		.ascii	"int\000"
 220 00a5 00       		.byte	0
 221              		.section	.debug_abbrev,"",%progbits
 222              	.Ldebug_abbrev0:
 223 0000 01       		.uleb128 0x1
 224 0001 11       		.uleb128 0x11
 225 0002 01       		.byte	0x1
 226 0003 25       		.uleb128 0x25
 227 0004 0E       		.uleb128 0xe
 228 0005 13       		.uleb128 0x13
 229 0006 0B       		.uleb128 0xb
 230 0007 03       		.uleb128 0x3
 231 0008 0E       		.uleb128 0xe
 232 0009 1B       		.uleb128 0x1b
 233 000a 0E       		.uleb128 0xe
 234 000b 55       		.uleb128 0x55
 235 000c 17       		.uleb128 0x17
 236 000d 11       		.uleb128 0x11
 237 000e 01       		.uleb128 0x1
 238 000f 10       		.uleb128 0x10
 239 0010 17       		.uleb128 0x17
 240 0011 00       		.byte	0
 241 0012 00       		.byte	0
 242 0013 02       		.uleb128 0x2
 243 0014 2E       		.uleb128 0x2e
 244 0015 01       		.byte	0x1
 245 0016 3F       		.uleb128 0x3f
 246 0017 19       		.uleb128 0x19
 247 0018 03       		.uleb128 0x3
 248 0019 0E       		.uleb128 0xe
 249 001a 3A       		.uleb128 0x3a
 250 001b 0B       		.uleb128 0xb
 251 001c 3B       		.uleb128 0x3b
 252 001d 0B       		.uleb128 0xb
 253 001e 27       		.uleb128 0x27
 254 001f 19       		.uleb128 0x19
 255 0020 11       		.uleb128 0x11
 256 0021 01       		.uleb128 0x1
 257 0022 12       		.uleb128 0x12
 258 0023 06       		.uleb128 0x6
 259 0024 40       		.uleb128 0x40
 260 0025 18       		.uleb128 0x18
 261 0026 9642     		.uleb128 0x2116
 262 0028 19       		.uleb128 0x19
 263 0029 01       		.uleb128 0x1
 264 002a 13       		.uleb128 0x13
 265 002b 00       		.byte	0
 266 002c 00       		.byte	0
 267 002d 03       		.uleb128 0x3
 268 002e 05       		.uleb128 0x5
 269 002f 00       		.byte	0
 270 0030 03       		.uleb128 0x3
 271 0031 08       		.uleb128 0x8
 272 0032 3A       		.uleb128 0x3a
 273 0033 0B       		.uleb128 0xb
 274 0034 3B       		.uleb128 0x3b
 275 0035 0B       		.uleb128 0xb
ARM GAS  C:\Users\jthem\AppData\Local\Temp\ccuWctOy.s 			page 7


 276 0036 49       		.uleb128 0x49
 277 0037 13       		.uleb128 0x13
 278 0038 02       		.uleb128 0x2
 279 0039 18       		.uleb128 0x18
 280 003a 00       		.byte	0
 281 003b 00       		.byte	0
 282 003c 04       		.uleb128 0x4
 283 003d 0F       		.uleb128 0xf
 284 003e 00       		.byte	0
 285 003f 0B       		.uleb128 0xb
 286 0040 0B       		.uleb128 0xb
 287 0041 49       		.uleb128 0x49
 288 0042 13       		.uleb128 0x13
 289 0043 00       		.byte	0
 290 0044 00       		.byte	0
 291 0045 05       		.uleb128 0x5
 292 0046 24       		.uleb128 0x24
 293 0047 00       		.byte	0
 294 0048 0B       		.uleb128 0xb
 295 0049 0B       		.uleb128 0xb
 296 004a 3E       		.uleb128 0x3e
 297 004b 0B       		.uleb128 0xb
 298 004c 03       		.uleb128 0x3
 299 004d 0E       		.uleb128 0xe
 300 004e 00       		.byte	0
 301 004f 00       		.byte	0
 302 0050 06       		.uleb128 0x6
 303 0051 34       		.uleb128 0x34
 304 0052 00       		.byte	0
 305 0053 03       		.uleb128 0x3
 306 0054 0E       		.uleb128 0xe
 307 0055 3A       		.uleb128 0x3a
 308 0056 0B       		.uleb128 0xb
 309 0057 3B       		.uleb128 0x3b
 310 0058 0B       		.uleb128 0xb
 311 0059 49       		.uleb128 0x49
 312 005a 13       		.uleb128 0x13
 313 005b 02       		.uleb128 0x2
 314 005c 18       		.uleb128 0x18
 315 005d 00       		.byte	0
 316 005e 00       		.byte	0
 317 005f 07       		.uleb128 0x7
 318 0060 0B       		.uleb128 0xb
 319 0061 01       		.byte	0x1
 320 0062 11       		.uleb128 0x11
 321 0063 01       		.uleb128 0x1
 322 0064 12       		.uleb128 0x12
 323 0065 06       		.uleb128 0x6
 324 0066 00       		.byte	0
 325 0067 00       		.byte	0
 326 0068 08       		.uleb128 0x8
 327 0069 34       		.uleb128 0x34
 328 006a 00       		.byte	0
 329 006b 03       		.uleb128 0x3
 330 006c 08       		.uleb128 0x8
 331 006d 3A       		.uleb128 0x3a
 332 006e 0B       		.uleb128 0xb
ARM GAS  C:\Users\jthem\AppData\Local\Temp\ccuWctOy.s 			page 8


 333 006f 3B       		.uleb128 0x3b
 334 0070 0B       		.uleb128 0xb
 335 0071 49       		.uleb128 0x49
 336 0072 13       		.uleb128 0x13
 337 0073 02       		.uleb128 0x2
 338 0074 18       		.uleb128 0x18
 339 0075 00       		.byte	0
 340 0076 00       		.byte	0
 341 0077 09       		.uleb128 0x9
 342 0078 24       		.uleb128 0x24
 343 0079 00       		.byte	0
 344 007a 0B       		.uleb128 0xb
 345 007b 0B       		.uleb128 0xb
 346 007c 3E       		.uleb128 0x3e
 347 007d 0B       		.uleb128 0xb
 348 007e 03       		.uleb128 0x3
 349 007f 08       		.uleb128 0x8
 350 0080 00       		.byte	0
 351 0081 00       		.byte	0
 352 0082 00       		.byte	0
 353              		.section	.debug_aranges,"",%progbits
 354 0000 24000000 		.4byte	0x24
 355 0004 0200     		.2byte	0x2
 356 0006 00000000 		.4byte	.Ldebug_info0
 357 000a 04       		.byte	0x4
 358 000b 00       		.byte	0
 359 000c 0000     		.2byte	0
 360 000e 0000     		.2byte	0
 361 0010 00000000 		.4byte	.LFB0
 362 0014 20000000 		.4byte	.LFE0-.LFB0
 363 0018 00000000 		.4byte	.LFB1
 364 001c 4C000000 		.4byte	.LFE1-.LFB1
 365 0020 00000000 		.4byte	0
 366 0024 00000000 		.4byte	0
 367              		.section	.debug_ranges,"",%progbits
 368              	.Ldebug_ranges0:
 369 0000 00000000 		.4byte	.LFB0
 370 0004 20000000 		.4byte	.LFE0
 371 0008 00000000 		.4byte	.LFB1
 372 000c 4C000000 		.4byte	.LFE1
 373 0010 00000000 		.4byte	0
 374 0014 00000000 		.4byte	0
 375              		.section	.debug_line,"",%progbits
 376              	.Ldebug_line0:
 377 0000 60000000 		.section	.debug_str,"MS",%progbits,1
 377      02002100 
 377      00000201 
 377      FB0E0D00 
 377      01010101 
 378              	.LASF5:
 379 0000 2E5C5365 		.ascii	".\\Serial.c\000"
 379      7269616C 
 379      2E6300
 380              	.LASF0:
 381 000b 53657269 		.ascii	"Serial_PutString\000"
 381      616C5F50 
 381      75745374 
ARM GAS  C:\Users\jthem\AppData\Local\Temp\ccuWctOy.s 			page 9


 381      72696E67 
 381      00
 382              	.LASF4:
 383 001c 474E5520 		.ascii	"GNU C 4.9.3 20150303 (release) [ARM/embedded-4_9-br"
 383      4320342E 
 383      392E3320 
 383      32303135 
 383      30333033 
 384 004f 616E6368 		.ascii	"anch revision 221220] -mcpu=cortex-m3 -mthumb -g -O"
 384      20726576 
 384      6973696F 
 384      6E203232 
 384      31323230 
 385 0082 30202D66 		.ascii	"0 -ffunction-sections -ffat-lto-objects\000"
 385      66756E63 
 385      74696F6E 
 385      2D736563 
 385      74696F6E 
 386              	.LASF1:
 387 00aa 53657269 		.ascii	"Serial_GetString\000"
 387      616C5F47 
 387      65745374 
 387      72696E67 
 387      00
 388              	.LASF2:
 389 00bb 636F756E 		.ascii	"count\000"
 389      7400
 390              	.LASF6:
 391 00c1 433A5C55 		.ascii	"C:\\Users\\jthem\\Documents\\PSoC Creator\\PWMExamp"
 391      73657273 
 391      5C6A7468 
 391      656D5C44 
 391      6F63756D 
 392 00ef 6C653031 		.ascii	"le01\\EasyBoard_5LP.cydsn\000"
 392      5C456173 
 392      79426F61 
 392      72645F35 
 392      4C502E63 
 393              	.LASF3:
 394 0108 63686172 		.ascii	"char\000"
 394      00
 395              		.ident	"GCC: (GNU Tools for ARM Embedded Processors) 4.9.3 20150303 (release) [ARM/embedded-4_9-br
